EN zpuino_uart_mv_filter NULL /mnt/scratch/ZPUino-HDL/zpu/hdl/zpuino/zpuino_uart_mv_filter.vhd sub00/vhpl08 1345864802
AR uart_brgen behave /mnt/scratch/ZPUino-HDL/zpu/hdl/zpuino/uart_brgen.vhd sub00/vhpl11 1345864805
AR spi behave /mnt/scratch/ZPUino-HDL/zpu/hdl/zpuino/spi.vhd sub00/vhpl28 1345864822
AR zpuino_gpio behave /mnt/scratch/ZPUino-HDL/zpu/hdl/zpuino/zpuino_gpio.vhd sub00/vhpl65 1345864859
AR wb_rom_ram behave /mnt/scratch/ZPUino-HDL/zpu/hdl/zpuino/wb_rom_ram.vhd sub00/vhpl36 1345864830
EN wb_rom_ram NULL /mnt/scratch/ZPUino-HDL/zpu/hdl/zpuino/wb_rom_ram.vhd sub00/vhpl35 1345864829
AR zpuino_sigmadelta behave /mnt/scratch/ZPUino-HDL/zpu/hdl/zpuino/zpuino_sigmadelta.vhd sub00/vhpl69 1345864863
AR zpuino_stack behave /mnt/scratch/ZPUino-HDL/zpu/hdl/zpuino/boards/nexys2/s3e1200/rtl/stack.vhd sub00/vhpl34 1345864828
AR zpuino_io behave /mnt/scratch/ZPUino-HDL/zpu/hdl/zpuino/zpuino_io.vhd sub00/vhpl40 1345864834
EN lshifter NULL /mnt/scratch/ZPUino-HDL/zpu/hdl/zpuino/shifter.vhd sub00/vhpl17 1345864811
AR txunit behaviour /mnt/scratch/ZPUino-HDL/zpu/hdl/zpuino/tx_unit.vhd sub00/vhpl24 1345864818
EN zpuino_debug_core NULL /mnt/scratch/ZPUino-HDL/zpu/hdl/zpuino/zpuino_debug_core.vhd sub00/vhpl37 1345864831
EN txunit NULL /mnt/scratch/ZPUino-HDL/zpu/hdl/zpuino/tx_unit.vhd sub00/vhpl23 1345864817
AR zpuino_top behave /mnt/scratch/ZPUino-HDL/zpu/hdl/zpuino/zpuino_top.vhd sub00/vhpl59 1345864853
AR zpu_core_extreme behave /mnt/scratch/ZPUino-HDL/zpu/hdl/zpuino/zpu_core_extreme.vhd sub00/vhpl32 1345864826
EN zpuino_intr NULL /mnt/scratch/ZPUino-HDL/zpu/hdl/zpuino/zpuino_intr.vhd sub00/vhpl12 1345864806
PH zpuino_config NULL /mnt/scratch/ZPUino-HDL/zpu/hdl/zpuino/boards/nexys2/s3e1200/rtl/zpuino_config.vhd sub00/vhpl02 1345864796
EN wbmux2 NULL /mnt/scratch/ZPUino-HDL/zpu/hdl/zpuino/wbmux2.vhd sub00/vhpl41 1345864835
AR zpuino_uart_rx behave /mnt/scratch/ZPUino-HDL/zpu/hdl/zpuino/zpuino_uart_rx.vhd sub00/vhpl22 1345864816
AR multiplier behave /mnt/scratch/ZPUino-HDL/zpu/hdl/zpuino/mult.vhd sub00/vhpl79 1345864873
AR spiclkgen behave /mnt/scratch/ZPUino-HDL/zpu/hdl/zpuino/spiclkgen.vhd sub00/vhpl30 1345864824
EN zpuino_uart NULL /mnt/scratch/ZPUino-HDL/zpu/hdl/zpuino/zpuino_uart.vhd sub00/vhpl62 1345864856
EN nexys2_zpuino NULL /mnt/scratch/ZPUino-HDL/zpu/hdl/zpuino/boards/nexys2/s3e1200/rtl/nexys2_zpuino_top.vhd sub00/vhpl74 1345864868
AR nexys2_zpuino behave /mnt/scratch/ZPUino-HDL/zpu/hdl/zpuino/boards/nexys2/s3e1200/rtl/nexys2_zpuino_top.vhd sub00/vhpl75 1345864869
EN spi NULL /mnt/scratch/ZPUino-HDL/zpu/hdl/zpuino/spi.vhd sub00/vhpl27 1345864821
EN zpuino_io NULL /mnt/scratch/ZPUino-HDL/zpu/hdl/zpuino/zpuino_io.vhd sub00/vhpl39 1345864833
AR lshifter behave /mnt/scratch/ZPUino-HDL/zpu/hdl/zpuino/shifter.vhd sub00/vhpl18 1345864812
EN zpuino_crc16 NULL /mnt/scratch/ZPUino-HDL/zpu/hdl/zpuino/zpuino_crc16.vhd sub00/vhpl70 1345864864
AR wbarb2_1 behave /mnt/scratch/ZPUino-HDL/zpu/hdl/zpuino/wbarb2_1.vhd sub00/vhpl44 1345864838
EN multiplier NULL /mnt/scratch/ZPUino-HDL/zpu/hdl/zpuino/mult.vhd sub00/vhpl78 1345864872
EN zpuino_empty_device NULL /mnt/scratch/ZPUino-HDL/zpu/hdl/zpuino/zpuino_empty_device.vhd sub00/vhpl72 1345864866
AR isync behave /mnt/scratch/ZPUino-HDL/zpu/hdl/zpuino/pad.vhd sub00/vhpl51 1345864845
AR prom_generic_dualport behave /mnt/scratch/ZPUino-HDL/zpu/hdl/zpuino/boards/nexys2/s3e1200/rtl/prom-generic-dp-32.vhd sub00/vhpl05 1345864799
AR zpuino_timers behave /mnt/scratch/ZPUino-HDL/zpu/hdl/zpuino/zpuino_timers.vhd sub00/vhpl67 1345864861
EN opad NULL /mnt/scratch/ZPUino-HDL/zpu/hdl/zpuino/pad.vhd sub00/vhpl56 1345864850
EN iopad NULL /mnt/scratch/ZPUino-HDL/zpu/hdl/zpuino/pad.vhd sub00/vhpl52 1345864846
AR fifo behave /mnt/scratch/ZPUino-HDL/zpu/hdl/zpuino/fifo.vhd sub00/vhpl26 1345864820
AR opad behave /mnt/scratch/ZPUino-HDL/zpu/hdl/zpuino/pad.vhd sub00/vhpl57 1345864851
EN zpuino_uart_rx NULL /mnt/scratch/ZPUino-HDL/zpu/hdl/zpuino/zpuino_uart_rx.vhd sub00/vhpl21 1345864815
EN dualport_ram NULL /mnt/scratch/ZPUino-HDL/zpu/hdl/zpuino/dualport_ram.vhd sub00/vhpl15 1345864809
PH pad NULL /mnt/scratch/ZPUino-HDL/zpu/hdl/zpuino/pad.vhd sub00/vhpl49 1345864843
EN isync NULL /mnt/scratch/ZPUino-HDL/zpu/hdl/zpuino/pad.vhd sub00/vhpl50 1345864844
EN ipad NULL /mnt/scratch/ZPUino-HDL/zpu/hdl/zpuino/pad.vhd sub00/vhpl54 1345864848
EN clkgen NULL /mnt/scratch/ZPUino-HDL/zpu/hdl/zpuino/boards/nexys2/s3e1200/rtl/clkgen.vhd sub00/vhpl47 1345864841
PH zpuinopkg NULL /mnt/scratch/ZPUino-HDL/zpu/hdl/zpuino/zpuinopkg.vhd sub00/vhpl03 1345864797
AR zpuino_intr behave /mnt/scratch/ZPUino-HDL/zpu/hdl/zpuino/zpuino_intr.vhd sub00/vhpl13 1345864807
EN zpuino_sigmadelta NULL /mnt/scratch/ZPUino-HDL/zpu/hdl/zpuino/zpuino_sigmadelta.vhd sub00/vhpl68 1345864862
AR zpuino_debug_core behave /mnt/scratch/ZPUino-HDL/zpu/hdl/zpuino/zpuino_debug_core.vhd sub00/vhpl38 1345864832
EN zpuino_spi NULL /mnt/scratch/ZPUino-HDL/zpu/hdl/zpuino/zpuino_spi.vhd sub00/vhpl60 1345864854
AR wbmux2 behave /mnt/scratch/ZPUino-HDL/zpu/hdl/zpuino/wbmux2.vhd sub00/vhpl42 1345864836
EN zpuino_timers NULL /mnt/scratch/ZPUino-HDL/zpu/hdl/zpuino/zpuino_timers.vhd sub00/vhpl66 1345864860
AR zpuino_uart_mv_filter behave /mnt/scratch/ZPUino-HDL/zpu/hdl/zpuino/zpuino_uart_mv_filter.vhd sub00/vhpl09 1345864803
PH zpupkg NULL /mnt/scratch/ZPUino-HDL/zpu/hdl/zpuino/zpupkg.vhd sub00/vhpl01 1345864795
EN prom_generic_dualport NULL /mnt/scratch/ZPUino-HDL/zpu/hdl/zpuino/boards/nexys2/s3e1200/rtl/prom-generic-dp-32.vhd sub00/vhpl04 1345864798
EN zpu_core_extreme NULL /mnt/scratch/ZPUino-HDL/zpu/hdl/zpuino/zpu_core_extreme.vhd sub00/vhpl31 1345864825
EN wbarb2_1 NULL /mnt/scratch/ZPUino-HDL/zpu/hdl/zpuino/wbarb2_1.vhd sub00/vhpl43 1345864837
AR zpuino_uart behave /mnt/scratch/ZPUino-HDL/zpu/hdl/zpuino/zpuino_uart.vhd sub00/vhpl63 1345864857
AR zpuino_empty_device behave /mnt/scratch/ZPUino-HDL/zpu/hdl/zpuino/zpuino_empty_device.vhd sub00/vhpl73 1345864867
AR zpuino_adc behave /mnt/scratch/ZPUino-HDL/zpu/hdl/zpuino/zpuino_adc.vhd sub00/vhpl77 1345864871
AR dualport_ram behave /mnt/scratch/ZPUino-HDL/zpu/hdl/zpuino/dualport_ram.vhd sub00/vhpl16 1345864810
EN zpuino_serialreset NULL /mnt/scratch/ZPUino-HDL/zpu/hdl/zpuino/zpuino_serialreset.vhd sub00/vhpl45 1345864839
EN uart_brgen NULL /mnt/scratch/ZPUino-HDL/zpu/hdl/zpuino/uart_brgen.vhd sub00/vhpl10 1345864804
EN zpuino_top NULL /mnt/scratch/ZPUino-HDL/zpu/hdl/zpuino/zpuino_top.vhd sub00/vhpl58 1345864852
PH zpu_config NULL /mnt/scratch/ZPUino-HDL/zpu/hdl/zpuino/boards/nexys2/s3e1200/rtl/zpu_config.vhd sub00/vhpl00 1345864794
EN prescaler NULL /mnt/scratch/ZPUino-HDL/zpu/hdl/zpuino/prescaler.vhd sub00/vhpl06 1345864800
EN zpuino_stack NULL /mnt/scratch/ZPUino-HDL/zpu/hdl/zpuino/boards/nexys2/s3e1200/rtl/stack.vhd sub00/vhpl33 1345864827
AR zpuino_serialreset behave /mnt/scratch/ZPUino-HDL/zpu/hdl/zpuino/zpuino_serialreset.vhd sub00/vhpl46 1345864840
AR zpuino_spi behave /mnt/scratch/ZPUino-HDL/zpu/hdl/zpuino/zpuino_spi.vhd sub00/vhpl61 1345864855
EN spiclkgen NULL /mnt/scratch/ZPUino-HDL/zpu/hdl/zpuino/spiclkgen.vhd sub00/vhpl29 1345864823
AR clkgen behave /mnt/scratch/ZPUino-HDL/zpu/hdl/zpuino/boards/nexys2/s3e1200/rtl/clkgen.vhd sub00/vhpl48 1345864842
EN fifo NULL /mnt/scratch/ZPUino-HDL/zpu/hdl/zpuino/fifo.vhd sub00/vhpl25 1345864819
AR zpuino_crc16 behave /mnt/scratch/ZPUino-HDL/zpu/hdl/zpuino/zpuino_crc16.vhd sub00/vhpl71 1345864865
AR iopad behave /mnt/scratch/ZPUino-HDL/zpu/hdl/zpuino/pad.vhd sub00/vhpl53 1345864847
EN zpuino_gpio NULL /mnt/scratch/ZPUino-HDL/zpu/hdl/zpuino/zpuino_gpio.vhd sub00/vhpl64 1345864858
AR ipad behave /mnt/scratch/ZPUino-HDL/zpu/hdl/zpuino/pad.vhd sub00/vhpl55 1345864849
EN zpuino_adc NULL /mnt/scratch/ZPUino-HDL/zpu/hdl/zpuino/zpuino_adc.vhd sub00/vhpl76 1345864870
EN timer NULL /mnt/scratch/ZPUino-HDL/zpu/hdl/zpuino/timer.vhd sub00/vhpl19 1345864813
AR prescaler behave /mnt/scratch/ZPUino-HDL/zpu/hdl/zpuino/prescaler.vhd sub00/vhpl07 1345864801
AR timer behave /mnt/scratch/ZPUino-HDL/zpu/hdl/zpuino/timer.vhd sub00/vhpl20 1345864814
PH wishbonepkg NULL /mnt/scratch/ZPUino-HDL/zpu/hdl/zpuino/wishbonepkg.vhd sub00/vhpl14 1345864808
