V3 181
FL /mnt/scratch/ZPUino-HDL/zpu/hdl/zpuino/boards/oho_godil/clkgen.vhd 2012/08/14.01:34:11 P.28xd
EN work/clkgen 1345113404 \
      FL /mnt/scratch/ZPUino-HDL/zpu/hdl/zpuino/boards/oho_godil/clkgen.vhd \
      PB ieee/std_logic_1164 1341906176 PB ieee/STD_LOGIC_UNSIGNED 1341906179 \
      PB ieee/NUMERIC_STD 1341906182 LB unisim PH unisim/VCOMPONENTS 1341906184
AR work/clkgen/behave 1345113405 \
      FL /mnt/scratch/ZPUino-HDL/zpu/hdl/zpuino/boards/oho_godil/clkgen.vhd \
      EN work/clkgen 1345113404 CP BUFG CP IBUFG CP DCM
FL /mnt/scratch/ZPUino-HDL/zpu/hdl/zpuino/boards/oho_godil/oho_godil_top.vhd 2012/08/14.01:34:11 P.28xd
EN work/oho_godil_top 1345113431 \
      FL /mnt/scratch/ZPUino-HDL/zpu/hdl/zpuino/boards/oho_godil/oho_godil_top.vhd \
      PB ieee/std_logic_1164 1341906176 PB ieee/NUMERIC_STD 1341906182 LB unisim \
      PH unisim/VCOMPONENTS 1341906184 PH work/zpupkg 1345113351 PH work/zpuinopkg 1345113353 \
      PH work/zpuino_config 1345113352 PH work/zpu_config 1345113350 PH work/pad 1345113422
AR work/oho_godil_top/behave 1345113432 \
      FL /mnt/scratch/ZPUino-HDL/zpu/hdl/zpuino/boards/oho_godil/oho_godil_top.vhd \
      EN work/oho_godil_top 1345113431 CP zpuino_serialreset CP clkgen \
      CP zpuino_top CP zpuino_spi CP zpuino_uart CP zpuino_gpio CP zpuino_timers \
      CP zpuino_sigmadelta CP zpuino_crc16 CP zpuino_empty_device CP IOPAD CP IPAD \
      CP OPAD
FL /mnt/scratch/ZPUino-HDL/zpu/hdl/zpuino/boards/oho_godil/prom-generic-dp-32.vhd 2012/08/14.01:34:11 P.28xd
EN work/prom_generic_dualport 1345113354 \
      FL /mnt/scratch/ZPUino-HDL/zpu/hdl/zpuino/boards/oho_godil/prom-generic-dp-32.vhd \
      PB ieee/std_logic_1164 1341906176 PB ieee/STD_LOGIC_UNSIGNED 1341906179 \
      PB ieee/NUMERIC_STD 1341906182
AR work/prom_generic_dualport/behave 1345113361 \
      FL /mnt/scratch/ZPUino-HDL/zpu/hdl/zpuino/boards/oho_godil/prom-generic-dp-32.vhd \
      EN work/prom_generic_dualport 1345113354
FL /mnt/scratch/ZPUino-HDL/zpu/hdl/zpuino/boards/oho_godil/stack.vhd 2012/08/14.01:34:11 P.28xd
EN work/zpuino_stack 1345113390 \
      FL /mnt/scratch/ZPUino-HDL/zpu/hdl/zpuino/boards/oho_godil/stack.vhd \
      PB ieee/std_logic_1164 1341906176 PB ieee/NUMERIC_STD 1341906182 LB unisim \
      PH unisim/VCOMPONENTS 1341906184 PH work/zpu_config 1345113350 \
      PH work/zpupkg 1345113351
AR work/zpuino_stack/behave 1345113391 \
      FL /mnt/scratch/ZPUino-HDL/zpu/hdl/zpuino/boards/oho_godil/stack.vhd \
      EN work/zpuino_stack 1345113390 CP RAMB16_S36_S36
FL /mnt/scratch/ZPUino-HDL/zpu/hdl/zpuino/boards/oho_godil/zpuino_config.vhd 2012/08/14.01:34:11 P.28xd
PH work/zpuino_config 1345113352 \
      FL /mnt/scratch/ZPUino-HDL/zpu/hdl/zpuino/boards/oho_godil/zpuino_config.vhd \
      PB ieee/std_logic_1164 1341906176 PB ieee/STD_LOGIC_UNSIGNED 1341906179 \
      PB ieee/std_logic_arith 1341906177
FL /mnt/scratch/ZPUino-HDL/zpu/hdl/zpuino/boards/oho_godil/zpu_config.vhd 2012/08/14.01:34:11 P.28xd
PH work/zpu_config 1345113350 \
      FL /mnt/scratch/ZPUino-HDL/zpu/hdl/zpuino/boards/oho_godil/zpu_config.vhd \
      PB ieee/std_logic_1164 1341906176 PB ieee/STD_LOGIC_UNSIGNED 1341906179 \
      PB ieee/std_logic_arith 1341906177
FL /mnt/scratch/ZPUino-HDL/zpu/hdl/zpuino/dualport_ram.vhd 2012/08/14.01:34:11 P.28xd
EN work/dualport_ram 1345113372 \
      FL /mnt/scratch/ZPUino-HDL/zpu/hdl/zpuino/dualport_ram.vhd \
      PB ieee/std_logic_1164 1341906176 PB ieee/NUMERIC_STD 1341906182 \
      PB ieee/STD_LOGIC_UNSIGNED 1341906179 PH work/zpupkg 1345113351
AR work/dualport_ram/behave 1345113373 \
      FL /mnt/scratch/ZPUino-HDL/zpu/hdl/zpuino/dualport_ram.vhd \
      EN work/dualport_ram 1345113372 CP prom_generic_dualport
FL /mnt/scratch/ZPUino-HDL/zpu/hdl/zpuino/fifo.vhd 2012/08/14.01:34:11 P.28xd
EN work/fifo 1345113382 FL /mnt/scratch/ZPUino-HDL/zpu/hdl/zpuino/fifo.vhd \
      PB ieee/std_logic_1164 1341906176 PB ieee/NUMERIC_STD 1341906182 \
      PB ieee/STD_LOGIC_UNSIGNED 1341906179
AR work/fifo/behave 1345113383 \
      FL /mnt/scratch/ZPUino-HDL/zpu/hdl/zpuino/fifo.vhd EN work/fifo 1345113382
FL /mnt/scratch/ZPUino-HDL/zpu/hdl/zpuino/mult.vhd 2012/08/14.01:34:12 P.28xd
EN work/multiplier 1345113435 FL /mnt/scratch/ZPUino-HDL/zpu/hdl/zpuino/mult.vhd \
      PB ieee/std_logic_1164 1341906176 PB ieee/NUMERIC_STD 1341906182
AR work/multiplier/behave 1345113436 \
      FL /mnt/scratch/ZPUino-HDL/zpu/hdl/zpuino/mult.vhd EN work/multiplier 1345113435
FL /mnt/scratch/ZPUino-HDL/zpu/hdl/zpuino/pad.vhd 2012/08/14.01:34:12 P.28xd
PH work/pad 1345113422 FL /mnt/scratch/ZPUino-HDL/zpu/hdl/zpuino/pad.vhd \
      PB ieee/std_logic_1164 1341906176 PB ieee/NUMERIC_STD 1341906182 LB unisim \
      PH unisim/VCOMPONENTS 1341906184 CD iopad CD ipad CD opad CD isync
EN work/isync 1345113423 \
      FL /mnt/scratch/ZPUino-HDL/zpu/hdl/zpuino/pad.vhd PB ieee/std_logic_1164 1341906176 \
      PB ieee/NUMERIC_STD 1341906182 LB unisim PH unisim/VCOMPONENTS 1341906184
AR work/isync/behave 1345113424 \
      FL /mnt/scratch/ZPUino-HDL/zpu/hdl/zpuino/pad.vhd EN work/isync 1345113423 \
      CP FD
EN work/iopad 1345113425 \
      FL /mnt/scratch/ZPUino-HDL/zpu/hdl/zpuino/pad.vhd PB ieee/std_logic_1164 1341906176 \
      PB ieee/NUMERIC_STD 1341906182 PH work/pad 1345113422 LB unisim \
      PH unisim/VCOMPONENTS 1341906184
AR work/iopad/behave 1345113426 \
      FL /mnt/scratch/ZPUino-HDL/zpu/hdl/zpuino/pad.vhd EN work/iopad 1345113425 \
      CP isync
EN work/ipad 1345113427 \
      FL /mnt/scratch/ZPUino-HDL/zpu/hdl/zpuino/pad.vhd PB ieee/std_logic_1164 1341906176 \
      PB ieee/NUMERIC_STD 1341906182 PH work/pad 1345113422 LB unisim \
      PH unisim/VCOMPONENTS 1341906184
AR work/ipad/behave 1345113428 \
      FL /mnt/scratch/ZPUino-HDL/zpu/hdl/zpuino/pad.vhd EN work/ipad 1345113427 \
      CP isync
EN work/opad 1345113429 \
      FL /mnt/scratch/ZPUino-HDL/zpu/hdl/zpuino/pad.vhd PB ieee/std_logic_1164 1341906176 \
      PB ieee/NUMERIC_STD 1341906182 PH work/pad 1345113422 LB unisim \
      PH unisim/VCOMPONENTS 1341906184
AR work/opad/behave 1345113430 \
      FL /mnt/scratch/ZPUino-HDL/zpu/hdl/zpuino/pad.vhd EN work/opad 1345113429 \
      CP OBUF
FL /mnt/scratch/ZPUino-HDL/zpu/hdl/zpuino/prescaler.vhd 2012/08/14.01:34:12 P.28xd
EN work/prescaler 1345113363 \
      FL /mnt/scratch/ZPUino-HDL/zpu/hdl/zpuino/prescaler.vhd \
      PB ieee/std_logic_1164 1341906176 PB ieee/STD_LOGIC_UNSIGNED 1341906179 \
      PB ieee/NUMERIC_STD 1341906182
AR work/prescaler/behave 1345113364 \
      FL /mnt/scratch/ZPUino-HDL/zpu/hdl/zpuino/prescaler.vhd EN work/prescaler 1345113363
FL /mnt/scratch/ZPUino-HDL/zpu/hdl/zpuino/shifter.vhd 2012/08/14.01:34:12 P.28xd
EN work/lshifter 1345113374 FL /mnt/scratch/ZPUino-HDL/zpu/hdl/zpuino/shifter.vhd \
      PB ieee/std_logic_1164 1341906176 PB ieee/NUMERIC_STD 1341906182
AR work/lshifter/behave 1345113375 \
      FL /mnt/scratch/ZPUino-HDL/zpu/hdl/zpuino/shifter.vhd EN work/lshifter 1345113374
FL /mnt/scratch/ZPUino-HDL/zpu/hdl/zpuino/spi.vhd 2012/08/14.01:34:12 P.28xd
EN work/spi 1345113384 FL /mnt/scratch/ZPUino-HDL/zpu/hdl/zpuino/spi.vhd \
      PB ieee/std_logic_1164 1341906176 PB ieee/NUMERIC_STD 1341906182
AR work/spi/behave 1345113385 \
      FL /mnt/scratch/ZPUino-HDL/zpu/hdl/zpuino/spi.vhd EN work/spi 1345113384
FL /mnt/scratch/ZPUino-HDL/zpu/hdl/zpuino/spiclkgen.vhd 2012/08/14.01:34:12 P.28xd
EN work/spiclkgen 1345113386 \
      FL /mnt/scratch/ZPUino-HDL/zpu/hdl/zpuino/spiclkgen.vhd \
      PB ieee/std_logic_1164 1341906176 PB ieee/NUMERIC_STD 1341906182
AR work/spiclkgen/behave 1345113387 \
      FL /mnt/scratch/ZPUino-HDL/zpu/hdl/zpuino/spiclkgen.vhd EN work/spiclkgen 1345113386 \
      CP prescaler
FL /mnt/scratch/ZPUino-HDL/zpu/hdl/zpuino/timer.vhd 2012/08/14.01:34:12 P.28xd
EN work/timer 1345113376 FL /mnt/scratch/ZPUino-HDL/zpu/hdl/zpuino/timer.vhd \
      PB ieee/std_logic_1164 1341906176 PB ieee/STD_LOGIC_UNSIGNED 1341906179 \
      PB ieee/NUMERIC_STD 1341906182 PH work/zpu_config 1345113350 PH work/zpupkg 1345113351 \
      PH work/zpuinopkg 1345113353
AR work/timer/behave 1345113377 \
      FL /mnt/scratch/ZPUino-HDL/zpu/hdl/zpuino/timer.vhd EN work/timer 1345113376 \
      CP prescaler
FL /mnt/scratch/ZPUino-HDL/zpu/hdl/zpuino/tx_unit.vhd 2012/08/14.01:34:12 P.28xd
EN work/TxUnit 1345113380 FL /mnt/scratch/ZPUino-HDL/zpu/hdl/zpuino/tx_unit.vhd \
      PB ieee/std_logic_1164 1341906176
AR work/TxUnit/Behaviour 1345113381 \
      FL /mnt/scratch/ZPUino-HDL/zpu/hdl/zpuino/tx_unit.vhd EN work/TxUnit 1345113380
FL /mnt/scratch/ZPUino-HDL/zpu/hdl/zpuino/uart_brgen.vhd 2012/08/14.01:34:12 P.28xd
EN work/uart_brgen 1345113367 \
      FL /mnt/scratch/ZPUino-HDL/zpu/hdl/zpuino/uart_brgen.vhd \
      PB ieee/std_logic_1164 1341906176 PB ieee/STD_LOGIC_UNSIGNED 1341906179
AR work/uart_brgen/behave 1345113368 \
      FL /mnt/scratch/ZPUino-HDL/zpu/hdl/zpuino/uart_brgen.vhd EN work/uart_brgen 1345113367
FL /mnt/scratch/ZPUino-HDL/zpu/hdl/zpuino/wbarb2_1.vhd 2012/08/14.01:34:12 P.28xd
EN work/wbarb2_1 1345113400 \
      FL /mnt/scratch/ZPUino-HDL/zpu/hdl/zpuino/wbarb2_1.vhd \
      PB ieee/std_logic_1164 1341906176 PB ieee/NUMERIC_STD 1341906182 \
      PB ieee/STD_LOGIC_UNSIGNED 1341906179 PH work/zpu_config 1345113350
AR work/wbarb2_1/behave 1345113401 \
      FL /mnt/scratch/ZPUino-HDL/zpu/hdl/zpuino/wbarb2_1.vhd EN work/wbarb2_1 1345113400
FL /mnt/scratch/ZPUino-HDL/zpu/hdl/zpuino/wbmux2.vhd 2012/08/14.01:34:12 P.28xd
EN work/wbmux2 1345113398 FL /mnt/scratch/ZPUino-HDL/zpu/hdl/zpuino/wbmux2.vhd \
      PB ieee/std_logic_1164 1341906176 PB ieee/NUMERIC_STD 1341906182 \
      PB ieee/STD_LOGIC_UNSIGNED 1341906179 PH work/zpu_config 1345113350
AR work/wbmux2/behave 1345113399 \
      FL /mnt/scratch/ZPUino-HDL/zpu/hdl/zpuino/wbmux2.vhd EN work/wbmux2 1345113398
FL /mnt/scratch/ZPUino-HDL/zpu/hdl/zpuino/wb_rom_ram.vhd 2012/08/14.01:34:12 P.28xd
EN work/wb_rom_ram 1345113392 \
      FL /mnt/scratch/ZPUino-HDL/zpu/hdl/zpuino/wb_rom_ram.vhd \
      PB ieee/std_logic_1164 1341906176 PB ieee/NUMERIC_STD 1341906182 \
      PH work/zpu_config 1345113350 PH work/zpupkg 1345113351 PH work/zpuinopkg 1345113353 \
      PH work/zpuino_config 1345113352 PH work/wishbonepkg 1345113371
AR work/wb_rom_ram/behave 1345113393 \
      FL /mnt/scratch/ZPUino-HDL/zpu/hdl/zpuino/wb_rom_ram.vhd EN work/wb_rom_ram 1345113392 \
      CP dualport_ram
FL /mnt/scratch/ZPUino-HDL/zpu/hdl/zpuino/wishbonepkg.vhd 2012/08/14.01:34:12 P.28xd
PH work/wishbonepkg 1345113371 \
      FL /mnt/scratch/ZPUino-HDL/zpu/hdl/zpuino/wishbonepkg.vhd \
      PB ieee/std_logic_1164 1341906176 PB ieee/NUMERIC_STD 1341906182
FL /mnt/scratch/ZPUino-HDL/zpu/hdl/zpuino/zpuinopkg.vhd 2012/08/14.01:34:12 P.28xd
PH work/zpuinopkg 1345113353 \
      FL /mnt/scratch/ZPUino-HDL/zpu/hdl/zpuino/zpuinopkg.vhd \
      PB ieee/std_logic_1164 1341906176 PB ieee/NUMERIC_STD 1341906182 \
      CD zpuino_top CD zpuino_io CD zpuino_empty_device CD zpuino_spi CD zpuino_uart \
      CD zpuino_gpio CD zpuino_timers CD zpuino_intr CD zpuino_sigmadelta \
      CD zpuino_crc16 CD zpuino_adc CD sram_ctrl PH work/zpu_config 1345113350 \
      PH work/zpupkg 1345113351 PH work/zpuino_config 1345113352
FL /mnt/scratch/ZPUino-HDL/zpu/hdl/zpuino/zpuino_adc.vhd 2012/08/14.01:34:12 P.28xd
EN work/zpuino_adc 1345113433 \
      FL /mnt/scratch/ZPUino-HDL/zpu/hdl/zpuino/zpuino_adc.vhd \
      PB ieee/std_logic_1164 1341906176 PB ieee/NUMERIC_STD 1341906182 LB unisim \
      PH unisim/VCOMPONENTS 1341906184 PH work/zpu_config 1345113350 \
      PH work/zpuino_config 1345113352 PH work/zpupkg 1345113351 PH work/zpuinopkg 1345113353
AR work/zpuino_adc/behave 1345113434 \
      FL /mnt/scratch/ZPUino-HDL/zpu/hdl/zpuino/zpuino_adc.vhd EN work/zpuino_adc 1345113433 \
      CP spi CP spiclkgen CP RAMB16_S9_S36 CP RAMB16_S18_S36
FL /mnt/scratch/ZPUino-HDL/zpu/hdl/zpuino/zpuino_crc16.vhd 2012/08/14.01:34:12 P.28xd
EN work/zpuino_crc16 1345113418 \
      FL /mnt/scratch/ZPUino-HDL/zpu/hdl/zpuino/zpuino_crc16.vhd \
      PB ieee/std_logic_1164 1341906176 PB ieee/NUMERIC_STD 1341906182 \
      PH work/zpu_config 1345113350 PH work/zpupkg 1345113351 PH work/zpuinopkg 1345113353
AR work/zpuino_crc16/behave 1345113419 \
      FL /mnt/scratch/ZPUino-HDL/zpu/hdl/zpuino/zpuino_crc16.vhd \
      EN work/zpuino_crc16 1345113418
FL /mnt/scratch/ZPUino-HDL/zpu/hdl/zpuino/zpuino_debug_core.vhd 2012/08/14.01:34:12 P.28xd
EN work/zpuino_debug_core 1345113394 \
      FL /mnt/scratch/ZPUino-HDL/zpu/hdl/zpuino/zpuino_debug_core.vhd \
      PB ieee/std_logic_1164 1341906176 PB ieee/NUMERIC_STD 1341906182 \
      PH work/zpu_config 1345113350 PH work/zpupkg 1345113351 PH work/zpuinopkg 1345113353 \
      PH work/zpuino_config 1345113352
AR work/zpuino_debug_core/behave 1345113395 \
      FL /mnt/scratch/ZPUino-HDL/zpu/hdl/zpuino/zpuino_debug_core.vhd \
      EN work/zpuino_debug_core 1345113394
FL /mnt/scratch/ZPUino-HDL/zpu/hdl/zpuino/zpuino_empty_device.vhd 2012/08/14.01:34:12 P.28xd
EN work/zpuino_empty_device 1345113420 \
      FL /mnt/scratch/ZPUino-HDL/zpu/hdl/zpuino/zpuino_empty_device.vhd \
      PB ieee/std_logic_1164 1341906176 PB ieee/NUMERIC_STD 1341906182 \
      PH work/zpu_config 1345113350 PH work/zpuino_config 1345113352 \
      PH work/zpupkg 1345113351 PH work/zpuinopkg 1345113353
AR work/zpuino_empty_device/behave 1345113421 \
      FL /mnt/scratch/ZPUino-HDL/zpu/hdl/zpuino/zpuino_empty_device.vhd \
      EN work/zpuino_empty_device 1345113420
FL /mnt/scratch/ZPUino-HDL/zpu/hdl/zpuino/zpuino_gpio.vhd 2012/08/14.01:34:12 P.28xd
EN work/zpuino_gpio 1345113412 \
      FL /mnt/scratch/ZPUino-HDL/zpu/hdl/zpuino/zpuino_gpio.vhd \
      PB ieee/std_logic_1164 1341906176 PB ieee/NUMERIC_STD 1341906182 \
      PB ieee/STD_LOGIC_UNSIGNED 1341906179 PH work/zpu_config 1345113350 \
      PH work/zpupkg 1345113351 PH work/zpuinopkg 1345113353 PH work/zpuino_config 1345113352
AR work/zpuino_gpio/behave 1345113413 \
      FL /mnt/scratch/ZPUino-HDL/zpu/hdl/zpuino/zpuino_gpio.vhd \
      EN work/zpuino_gpio 1345113412
FL /mnt/scratch/ZPUino-HDL/zpu/hdl/zpuino/zpuino_intr.vhd 2012/08/14.01:34:12 P.28xd
EN work/zpuino_intr 1345113369 \
      FL /mnt/scratch/ZPUino-HDL/zpu/hdl/zpuino/zpuino_intr.vhd \
      PB ieee/std_logic_1164 1341906176 PB ieee/NUMERIC_STD 1341906182 \
      PH work/zpu_config 1345113350 PH work/zpupkg 1345113351 PH work/zpuinopkg 1345113353
AR work/zpuino_intr/behave 1345113370 \
      FL /mnt/scratch/ZPUino-HDL/zpu/hdl/zpuino/zpuino_intr.vhd \
      EN work/zpuino_intr 1345113369
FL /mnt/scratch/ZPUino-HDL/zpu/hdl/zpuino/zpuino_io.vhd 2012/08/14.01:34:12 P.28xd
EN work/zpuino_io 1345113396 \
      FL /mnt/scratch/ZPUino-HDL/zpu/hdl/zpuino/zpuino_io.vhd \
      PB ieee/std_logic_1164 1341906176 PB ieee/NUMERIC_STD 1341906182 \
      PH work/zpu_config 1345113350 PH work/zpuino_config 1345113352 \
      PH work/zpupkg 1345113351 PH work/zpuinopkg 1345113353
AR work/zpuino_io/behave 1345113397 \
      FL /mnt/scratch/ZPUino-HDL/zpu/hdl/zpuino/zpuino_io.vhd EN work/zpuino_io 1345113396 \
      CP zpuino_intr
FL /mnt/scratch/ZPUino-HDL/zpu/hdl/zpuino/zpuino_serialreset.vhd 2012/08/14.01:34:12 P.28xd
EN work/zpuino_serialreset 1345113402 \
      FL /mnt/scratch/ZPUino-HDL/zpu/hdl/zpuino/zpuino_serialreset.vhd \
      PB ieee/std_logic_1164 1341906176 PB ieee/NUMERIC_STD 1341906182 \
      PH work/zpu_config 1345113350 PH work/zpupkg 1345113351 PH work/zpuinopkg 1345113353
AR work/zpuino_serialreset/behave 1345113403 \
      FL /mnt/scratch/ZPUino-HDL/zpu/hdl/zpuino/zpuino_serialreset.vhd \
      EN work/zpuino_serialreset 1345113402
FL /mnt/scratch/ZPUino-HDL/zpu/hdl/zpuino/zpuino_sigmadelta.vhd 2012/08/14.01:34:12 P.28xd
EN work/zpuino_sigmadelta 1345113416 \
      FL /mnt/scratch/ZPUino-HDL/zpu/hdl/zpuino/zpuino_sigmadelta.vhd \
      PB ieee/std_logic_1164 1341906176 PB ieee/NUMERIC_STD 1341906182 \
      PH work/zpupkg 1345113351 PH work/zpu_config 1345113350 PH work/zpuinopkg 1345113353
AR work/zpuino_sigmadelta/behave 1345113417 \
      FL /mnt/scratch/ZPUino-HDL/zpu/hdl/zpuino/zpuino_sigmadelta.vhd \
      EN work/zpuino_sigmadelta 1345113416
FL /mnt/scratch/ZPUino-HDL/zpu/hdl/zpuino/zpuino_spi.vhd 2012/08/14.01:34:12 P.28xd
EN work/zpuino_spi 1345113408 \
      FL /mnt/scratch/ZPUino-HDL/zpu/hdl/zpuino/zpuino_spi.vhd \
      PB ieee/std_logic_1164 1341906176 PB ieee/NUMERIC_STD 1341906182 \
      PH work/zpu_config 1345113350 PH work/zpuino_config 1345113352 \
      PH work/zpupkg 1345113351 PH work/zpuinopkg 1345113353
AR work/zpuino_spi/behave 1345113409 \
      FL /mnt/scratch/ZPUino-HDL/zpu/hdl/zpuino/zpuino_spi.vhd EN work/zpuino_spi 1345113408 \
      CP spi CP spiclkgen
FL /mnt/scratch/ZPUino-HDL/zpu/hdl/zpuino/zpuino_timers.vhd 2012/08/14.01:34:12 P.28xd
EN work/zpuino_timers 1345113414 \
      FL /mnt/scratch/ZPUino-HDL/zpu/hdl/zpuino/zpuino_timers.vhd \
      PB ieee/std_logic_1164 1341906176 PB ieee/STD_LOGIC_UNSIGNED 1341906179 \
      PB ieee/NUMERIC_STD 1341906182 PH work/zpu_config 1345113350 PH work/zpupkg 1345113351 \
      PH work/zpuinopkg 1345113353
AR work/zpuino_timers/behave 1345113415 \
      FL /mnt/scratch/ZPUino-HDL/zpu/hdl/zpuino/zpuino_timers.vhd \
      EN work/zpuino_timers 1345113414 CP timer
FL /mnt/scratch/ZPUino-HDL/zpu/hdl/zpuino/zpuino_top.vhd 2012/08/14.01:34:12 P.28xd
EN work/zpuino_top 1345113406 \
      FL /mnt/scratch/ZPUino-HDL/zpu/hdl/zpuino/zpuino_top.vhd \
      PB ieee/std_logic_1164 1341906176 PB ieee/NUMERIC_STD 1341906182 \
      PH work/zpu_config 1345113350 PH work/zpupkg 1345113351 PH work/zpuinopkg 1345113353 \
      PH work/zpuino_config 1345113352 PH work/wishbonepkg 1345113371
AR work/zpuino_top/behave 1345113407 \
      FL /mnt/scratch/ZPUino-HDL/zpu/hdl/zpuino/zpuino_top.vhd EN work/zpuino_top 1345113406 \
      CP zpu_core_extreme CP zpuino_stack CP wb_rom_ram CP zpuino_debug_core \
      CP zpuino_io CP wbmux2 CP wbarb2_1
FL /mnt/scratch/ZPUino-HDL/zpu/hdl/zpuino/zpuino_uart.vhd 2012/08/14.01:34:12 P.28xd
EN work/zpuino_uart 1345113410 \
      FL /mnt/scratch/ZPUino-HDL/zpu/hdl/zpuino/zpuino_uart.vhd \
      PB ieee/std_logic_1164 1341906176 PB ieee/NUMERIC_STD 1341906182 \
      PH work/zpu_config 1345113350 PH work/zpupkg 1345113351 PH work/zpuinopkg 1345113353
AR work/zpuino_uart/behave 1345113411 \
      FL /mnt/scratch/ZPUino-HDL/zpu/hdl/zpuino/zpuino_uart.vhd \
      EN work/zpuino_uart 1345113410 CP zpuino_uart_rx CP TxUnit CP uart_brgen \
      CP fifo
FL /mnt/scratch/ZPUino-HDL/zpu/hdl/zpuino/zpuino_uart_mv_filter.vhd 2012/08/14.01:34:12 P.28xd
EN work/zpuino_uart_mv_filter 1345113365 \
      FL /mnt/scratch/ZPUino-HDL/zpu/hdl/zpuino/zpuino_uart_mv_filter.vhd \
      PB ieee/std_logic_1164 1341906176 PB ieee/NUMERIC_STD 1341906182 \
      PH work/zpu_config 1345113350 PH work/zpupkg 1345113351 PH work/zpuinopkg 1345113353
AR work/zpuino_uart_mv_filter/behave 1345113366 \
      FL /mnt/scratch/ZPUino-HDL/zpu/hdl/zpuino/zpuino_uart_mv_filter.vhd \
      EN work/zpuino_uart_mv_filter 1345113365
FL /mnt/scratch/ZPUino-HDL/zpu/hdl/zpuino/zpuino_uart_rx.vhd 2012/08/14.01:34:12 P.28xd
EN work/zpuino_uart_rx 1345113378 \
      FL /mnt/scratch/ZPUino-HDL/zpu/hdl/zpuino/zpuino_uart_rx.vhd \
      PB ieee/std_logic_1164 1341906176 PB ieee/NUMERIC_STD 1341906182 \
      PH work/zpu_config 1345113350 PH work/zpupkg 1345113351 PH work/zpuinopkg 1345113353
AR work/zpuino_uart_rx/behave 1345113379 \
      FL /mnt/scratch/ZPUino-HDL/zpu/hdl/zpuino/zpuino_uart_rx.vhd \
      EN work/zpuino_uart_rx 1345113378 CP zpuino_uart_mv_filter CP uart_brgen
FL /mnt/scratch/ZPUino-HDL/zpu/hdl/zpuino/zpupkg.vhd 2012/08/14.01:34:12 P.28xd
PH work/zpupkg 1345113351 FL /mnt/scratch/ZPUino-HDL/zpu/hdl/zpuino/zpupkg.vhd \
      PB ieee/std_logic_1164 1341906176 PB ieee/NUMERIC_STD 1341906182 CD trace \
      CD zpu_core_extreme PH work/zpu_config 1345113350
FL /mnt/scratch/ZPUino-HDL/zpu/hdl/zpuino/zpu_core_extreme.vhd 2012/08/14.01:34:12 P.28xd
EN work/zpu_core_extreme 1345113388 \
      FL /mnt/scratch/ZPUino-HDL/zpu/hdl/zpuino/zpu_core_extreme.vhd \
      PB ieee/std_logic_1164 1341906176 PB ieee/NUMERIC_STD 1341906182 \
      PH work/zpu_config 1345113350 PH work/zpupkg 1345113351 PH work/wishbonepkg 1345113371
AR work/zpu_core_extreme/behave 1345113389 \
      FL /mnt/scratch/ZPUino-HDL/zpu/hdl/zpuino/zpu_core_extreme.vhd \
      EN work/zpu_core_extreme 1345113388 CP lshifter CP trace
