EN zpuino_uart_mv_filter NULL /mnt/scratch/ZPUino-HDL/zpu/hdl/zpuino/zpuino_uart_mv_filter.vhd sub00/vhpl08 1345214284
AR uart_brgen behave /mnt/scratch/ZPUino-HDL/zpu/hdl/zpuino/uart_brgen.vhd sub00/vhpl11 1345214287
AR spi behave /mnt/scratch/ZPUino-HDL/zpu/hdl/zpuino/spi.vhd sub00/vhpl28 1345214304
AR zpuino_gpio behave /mnt/scratch/ZPUino-HDL/zpu/hdl/zpuino/zpuino_gpio.vhd sub00/vhpl65 1345214341
AR wb_rom_ram behave /mnt/scratch/ZPUino-HDL/zpu/hdl/zpuino/wb_rom_ram.vhd sub00/vhpl36 1345214312
EN wb_rom_ram NULL /mnt/scratch/ZPUino-HDL/zpu/hdl/zpuino/wb_rom_ram.vhd sub00/vhpl35 1345214311
AR zpuino_sigmadelta behave /mnt/scratch/ZPUino-HDL/zpu/hdl/zpuino/zpuino_sigmadelta.vhd sub00/vhpl69 1345214345
AR zpuino_stack behave /mnt/scratch/ZPUino-HDL/zpu/hdl/zpuino/boards/s3e-starter-kit/stack.vhd sub00/vhpl34 1345214310
AR zpuino_io behave /mnt/scratch/ZPUino-HDL/zpu/hdl/zpuino/zpuino_io.vhd sub00/vhpl40 1345214316
EN lshifter NULL /mnt/scratch/ZPUino-HDL/zpu/hdl/zpuino/shifter.vhd sub00/vhpl17 1345214293
AR txunit behaviour /mnt/scratch/ZPUino-HDL/zpu/hdl/zpuino/tx_unit.vhd sub00/vhpl24 1345214300
EN zpuino_debug_core NULL /mnt/scratch/ZPUino-HDL/zpu/hdl/zpuino/zpuino_debug_core.vhd sub00/vhpl37 1345214313
EN txunit NULL /mnt/scratch/ZPUino-HDL/zpu/hdl/zpuino/tx_unit.vhd sub00/vhpl23 1345214299
AR zpuino_top behave /mnt/scratch/ZPUino-HDL/zpu/hdl/zpuino/zpuino_top.vhd sub00/vhpl59 1345214335
AR zpu_core_extreme behave /mnt/scratch/ZPUino-HDL/zpu/hdl/zpuino/zpu_core_extreme.vhd sub00/vhpl32 1345214308
EN s3e_eval_zpuino NULL /mnt/scratch/ZPUino-HDL/zpu/hdl/zpuino/boards/s3e-starter-kit/s3e_eval_zpuino_top.vhd sub00/vhpl74 1345214350
EN zpuino_intr NULL /mnt/scratch/ZPUino-HDL/zpu/hdl/zpuino/zpuino_intr.vhd sub00/vhpl12 1345214288
PH zpuino_config NULL /mnt/scratch/ZPUino-HDL/zpu/hdl/zpuino/boards/s3e-starter-kit/zpuino_config.vhd sub00/vhpl02 1345214278
EN wbmux2 NULL /mnt/scratch/ZPUino-HDL/zpu/hdl/zpuino/wbmux2.vhd sub00/vhpl41 1345214317
AR zpuino_uart_rx behave /mnt/scratch/ZPUino-HDL/zpu/hdl/zpuino/zpuino_uart_rx.vhd sub00/vhpl22 1345214298
AR multiplier behave /mnt/scratch/ZPUino-HDL/zpu/hdl/zpuino/mult.vhd sub00/vhpl79 1345214355
AR spiclkgen behave /mnt/scratch/ZPUino-HDL/zpu/hdl/zpuino/spiclkgen.vhd sub00/vhpl30 1345214306
EN zpuino_uart NULL /mnt/scratch/ZPUino-HDL/zpu/hdl/zpuino/zpuino_uart.vhd sub00/vhpl62 1345214338
EN spi NULL /mnt/scratch/ZPUino-HDL/zpu/hdl/zpuino/spi.vhd sub00/vhpl27 1345214303
EN zpuino_io NULL /mnt/scratch/ZPUino-HDL/zpu/hdl/zpuino/zpuino_io.vhd sub00/vhpl39 1345214315
AR lshifter behave /mnt/scratch/ZPUino-HDL/zpu/hdl/zpuino/shifter.vhd sub00/vhpl18 1345214294
EN zpuino_crc16 NULL /mnt/scratch/ZPUino-HDL/zpu/hdl/zpuino/zpuino_crc16.vhd sub00/vhpl70 1345214346
AR wbarb2_1 behave /mnt/scratch/ZPUino-HDL/zpu/hdl/zpuino/wbarb2_1.vhd sub00/vhpl44 1345214320
EN multiplier NULL /mnt/scratch/ZPUino-HDL/zpu/hdl/zpuino/mult.vhd sub00/vhpl78 1345214354
EN zpuino_empty_device NULL /mnt/scratch/ZPUino-HDL/zpu/hdl/zpuino/zpuino_empty_device.vhd sub00/vhpl72 1345214348
AR isync behave /mnt/scratch/ZPUino-HDL/zpu/hdl/zpuino/pad.vhd sub00/vhpl51 1345214327
AR prom_generic_dualport behave /mnt/scratch/ZPUino-HDL/zpu/hdl/zpuino/boards/s3e-starter-kit/prom-generic-dp-32.vhd sub00/vhpl05 1345214281
AR zpuino_timers behave /mnt/scratch/ZPUino-HDL/zpu/hdl/zpuino/zpuino_timers.vhd sub00/vhpl67 1345214343
EN opad NULL /mnt/scratch/ZPUino-HDL/zpu/hdl/zpuino/pad.vhd sub00/vhpl56 1345214332
EN iopad NULL /mnt/scratch/ZPUino-HDL/zpu/hdl/zpuino/pad.vhd sub00/vhpl52 1345214328
AR fifo behave /mnt/scratch/ZPUino-HDL/zpu/hdl/zpuino/fifo.vhd sub00/vhpl26 1345214302
AR opad behave /mnt/scratch/ZPUino-HDL/zpu/hdl/zpuino/pad.vhd sub00/vhpl57 1345214333
EN zpuino_uart_rx NULL /mnt/scratch/ZPUino-HDL/zpu/hdl/zpuino/zpuino_uart_rx.vhd sub00/vhpl21 1345214297
EN dualport_ram NULL /mnt/scratch/ZPUino-HDL/zpu/hdl/zpuino/dualport_ram.vhd sub00/vhpl15 1345214291
PH pad NULL /mnt/scratch/ZPUino-HDL/zpu/hdl/zpuino/pad.vhd sub00/vhpl49 1345214325
EN isync NULL /mnt/scratch/ZPUino-HDL/zpu/hdl/zpuino/pad.vhd sub00/vhpl50 1345214326
EN ipad NULL /mnt/scratch/ZPUino-HDL/zpu/hdl/zpuino/pad.vhd sub00/vhpl54 1345214330
EN clkgen NULL /mnt/scratch/ZPUino-HDL/zpu/hdl/zpuino/boards/s3e-starter-kit/clkgen.vhd sub00/vhpl47 1345214323
PH zpuinopkg NULL /mnt/scratch/ZPUino-HDL/zpu/hdl/zpuino/zpuinopkg.vhd sub00/vhpl03 1345214279
AR zpuino_intr behave /mnt/scratch/ZPUino-HDL/zpu/hdl/zpuino/zpuino_intr.vhd sub00/vhpl13 1345214289
EN zpuino_sigmadelta NULL /mnt/scratch/ZPUino-HDL/zpu/hdl/zpuino/zpuino_sigmadelta.vhd sub00/vhpl68 1345214344
AR zpuino_debug_core behave /mnt/scratch/ZPUino-HDL/zpu/hdl/zpuino/zpuino_debug_core.vhd sub00/vhpl38 1345214314
EN zpuino_spi NULL /mnt/scratch/ZPUino-HDL/zpu/hdl/zpuino/zpuino_spi.vhd sub00/vhpl60 1345214336
AR wbmux2 behave /mnt/scratch/ZPUino-HDL/zpu/hdl/zpuino/wbmux2.vhd sub00/vhpl42 1345214318
EN zpuino_timers NULL /mnt/scratch/ZPUino-HDL/zpu/hdl/zpuino/zpuino_timers.vhd sub00/vhpl66 1345214342
AR zpuino_uart_mv_filter behave /mnt/scratch/ZPUino-HDL/zpu/hdl/zpuino/zpuino_uart_mv_filter.vhd sub00/vhpl09 1345214285
PH zpupkg NULL /mnt/scratch/ZPUino-HDL/zpu/hdl/zpuino/zpupkg.vhd sub00/vhpl01 1345214277
EN prom_generic_dualport NULL /mnt/scratch/ZPUino-HDL/zpu/hdl/zpuino/boards/s3e-starter-kit/prom-generic-dp-32.vhd sub00/vhpl04 1345214280
EN zpu_core_extreme NULL /mnt/scratch/ZPUino-HDL/zpu/hdl/zpuino/zpu_core_extreme.vhd sub00/vhpl31 1345214307
AR s3e_eval_zpuino behave /mnt/scratch/ZPUino-HDL/zpu/hdl/zpuino/boards/s3e-starter-kit/s3e_eval_zpuino_top.vhd sub00/vhpl75 1345214351
EN wbarb2_1 NULL /mnt/scratch/ZPUino-HDL/zpu/hdl/zpuino/wbarb2_1.vhd sub00/vhpl43 1345214319
AR zpuino_uart behave /mnt/scratch/ZPUino-HDL/zpu/hdl/zpuino/zpuino_uart.vhd sub00/vhpl63 1345214339
AR zpuino_empty_device behave /mnt/scratch/ZPUino-HDL/zpu/hdl/zpuino/zpuino_empty_device.vhd sub00/vhpl73 1345214349
AR zpuino_adc behave /mnt/scratch/ZPUino-HDL/zpu/hdl/zpuino/zpuino_adc.vhd sub00/vhpl77 1345214353
AR dualport_ram behave /mnt/scratch/ZPUino-HDL/zpu/hdl/zpuino/dualport_ram.vhd sub00/vhpl16 1345214292
EN zpuino_serialreset NULL /mnt/scratch/ZPUino-HDL/zpu/hdl/zpuino/zpuino_serialreset.vhd sub00/vhpl45 1345214321
EN uart_brgen NULL /mnt/scratch/ZPUino-HDL/zpu/hdl/zpuino/uart_brgen.vhd sub00/vhpl10 1345214286
EN zpuino_top NULL /mnt/scratch/ZPUino-HDL/zpu/hdl/zpuino/zpuino_top.vhd sub00/vhpl58 1345214334
PH zpu_config NULL /mnt/scratch/ZPUino-HDL/zpu/hdl/zpuino/boards/s3e-starter-kit/zpu_config.vhd sub00/vhpl00 1345214276
EN prescaler NULL /mnt/scratch/ZPUino-HDL/zpu/hdl/zpuino/prescaler.vhd sub00/vhpl06 1345214282
EN zpuino_stack NULL /mnt/scratch/ZPUino-HDL/zpu/hdl/zpuino/boards/s3e-starter-kit/stack.vhd sub00/vhpl33 1345214309
AR zpuino_serialreset behave /mnt/scratch/ZPUino-HDL/zpu/hdl/zpuino/zpuino_serialreset.vhd sub00/vhpl46 1345214322
AR zpuino_spi behave /mnt/scratch/ZPUino-HDL/zpu/hdl/zpuino/zpuino_spi.vhd sub00/vhpl61 1345214337
EN spiclkgen NULL /mnt/scratch/ZPUino-HDL/zpu/hdl/zpuino/spiclkgen.vhd sub00/vhpl29 1345214305
AR clkgen behave /mnt/scratch/ZPUino-HDL/zpu/hdl/zpuino/boards/s3e-starter-kit/clkgen.vhd sub00/vhpl48 1345214324
EN fifo NULL /mnt/scratch/ZPUino-HDL/zpu/hdl/zpuino/fifo.vhd sub00/vhpl25 1345214301
AR zpuino_crc16 behave /mnt/scratch/ZPUino-HDL/zpu/hdl/zpuino/zpuino_crc16.vhd sub00/vhpl71 1345214347
AR iopad behave /mnt/scratch/ZPUino-HDL/zpu/hdl/zpuino/pad.vhd sub00/vhpl53 1345214329
EN zpuino_gpio NULL /mnt/scratch/ZPUino-HDL/zpu/hdl/zpuino/zpuino_gpio.vhd sub00/vhpl64 1345214340
AR ipad behave /mnt/scratch/ZPUino-HDL/zpu/hdl/zpuino/pad.vhd sub00/vhpl55 1345214331
EN zpuino_adc NULL /mnt/scratch/ZPUino-HDL/zpu/hdl/zpuino/zpuino_adc.vhd sub00/vhpl76 1345214352
EN timer NULL /mnt/scratch/ZPUino-HDL/zpu/hdl/zpuino/timer.vhd sub00/vhpl19 1345214295
AR prescaler behave /mnt/scratch/ZPUino-HDL/zpu/hdl/zpuino/prescaler.vhd sub00/vhpl07 1345214283
AR timer behave /mnt/scratch/ZPUino-HDL/zpu/hdl/zpuino/timer.vhd sub00/vhpl20 1345214296
PH wishbonepkg NULL /mnt/scratch/ZPUino-HDL/zpu/hdl/zpuino/wishbonepkg.vhd sub00/vhpl14 1345214290
