V3 182
FL /mnt/scratch/ZPUino-HDL/zpu/hdl/zpuino/boards/s3e-starter-kit/clkgen.vhd 2012/08/14.01:34:11 P.28xd
EN work/clkgen 1346267470 \
      FL /mnt/scratch/ZPUino-HDL/zpu/hdl/zpuino/boards/s3e-starter-kit/clkgen.vhd \
      PB ieee/std_logic_1164 1341906176 PB ieee/STD_LOGIC_UNSIGNED 1341906179 \
      PB ieee/NUMERIC_STD 1341906182 LB UNISIM PH unisim/VCOMPONENTS 1341906184
AR work/clkgen/behave 1346267471 \
      FL /mnt/scratch/ZPUino-HDL/zpu/hdl/zpuino/boards/s3e-starter-kit/clkgen.vhd \
      EN work/clkgen 1346267470 CP BUFG CP IBUFG CP DCM
FL /mnt/scratch/ZPUino-HDL/zpu/hdl/zpuino/boards/s3e-starter-kit/prom-generic-dp-32.vhd 2012/08/17.08:56:33 P.28xd
EN work/prom_generic_dualport 1346267427 \
      FL /mnt/scratch/ZPUino-HDL/zpu/hdl/zpuino/boards/s3e-starter-kit/prom-generic-dp-32.vhd \
      PB ieee/std_logic_1164 1341906176 PB ieee/STD_LOGIC_UNSIGNED 1341906179 \
      PB ieee/NUMERIC_STD 1341906182
AR work/prom_generic_dualport/behave 1346267428 \
      FL /mnt/scratch/ZPUino-HDL/zpu/hdl/zpuino/boards/s3e-starter-kit/prom-generic-dp-32.vhd \
      EN work/prom_generic_dualport 1346267427
FL /mnt/scratch/ZPUino-HDL/zpu/hdl/zpuino/boards/s3e-starter-kit/s3e_eval_zpuino_top.vhd 2012/08/14.01:34:11 P.28xd
EN work/s3e_eval_zpuino 1346267497 \
      FL /mnt/scratch/ZPUino-HDL/zpu/hdl/zpuino/boards/s3e-starter-kit/s3e_eval_zpuino_top.vhd \
      PB ieee/std_logic_1164 1341906176 PB ieee/NUMERIC_STD 1341906182 LB UNISIM \
      PH unisim/VCOMPONENTS 1341906184 PH work/zpupkg 1346267424 PH work/zpuinopkg 1346267426 \
      PH work/zpuino_config 1346267425 PH work/zpu_config 1346267423 PH work/pad 1346267472
AR work/s3e_eval_zpuino/behave 1346267498 \
      FL /mnt/scratch/ZPUino-HDL/zpu/hdl/zpuino/boards/s3e-starter-kit/s3e_eval_zpuino_top.vhd \
      EN work/s3e_eval_zpuino 1346267497 CP zpuino_serialreset CP clkgen CP IOPAD \
      CP IPAD CP OPAD CP zpuino_top CP zpuino_spi CP zpuino_uart CP zpuino_gpio \
      CP zpuino_timers CP zpuino_sigmadelta CP zpuino_crc16 CP zpuino_empty_device
FL /mnt/scratch/ZPUino-HDL/zpu/hdl/zpuino/boards/s3e-starter-kit/stack.vhd 2012/08/14.01:34:11 P.28xd
EN work/zpuino_stack 1346267456 \
      FL /mnt/scratch/ZPUino-HDL/zpu/hdl/zpuino/boards/s3e-starter-kit/stack.vhd \
      PB ieee/std_logic_1164 1341906176 PB ieee/NUMERIC_STD 1341906182 LB UNISIM \
      PH unisim/VCOMPONENTS 1341906184 PH work/zpu_config 1346267423 \
      PH work/zpupkg 1346267424
AR work/zpuino_stack/behave 1346267457 \
      FL /mnt/scratch/ZPUino-HDL/zpu/hdl/zpuino/boards/s3e-starter-kit/stack.vhd \
      EN work/zpuino_stack 1346267456 CP RAMB16_S36_S36
FL /mnt/scratch/ZPUino-HDL/zpu/hdl/zpuino/boards/s3e-starter-kit/zpuino_config.vhd 2012/08/14.01:34:11 P.28xd
PH work/zpuino_config 1346267425 \
      FL /mnt/scratch/ZPUino-HDL/zpu/hdl/zpuino/boards/s3e-starter-kit/zpuino_config.vhd \
      PB ieee/std_logic_1164 1341906176 PB ieee/STD_LOGIC_UNSIGNED 1341906179 \
      PB ieee/std_logic_arith 1341906177
FL /mnt/scratch/ZPUino-HDL/zpu/hdl/zpuino/boards/s3e-starter-kit/zpu_config.vhd 2012/08/17.08:56:33 P.28xd
PH work/zpu_config 1346267423 \
      FL /mnt/scratch/ZPUino-HDL/zpu/hdl/zpuino/boards/s3e-starter-kit/zpu_config.vhd \
      PB ieee/std_logic_1164 1341906176 PB ieee/STD_LOGIC_UNSIGNED 1341906179 \
      PB ieee/std_logic_arith 1341906177
FL /mnt/scratch/ZPUino-HDL/zpu/hdl/zpuino/dualport_ram.vhd 2012/08/14.01:34:11 P.28xd
EN work/dualport_ram 1346267438 \
      FL /mnt/scratch/ZPUino-HDL/zpu/hdl/zpuino/dualport_ram.vhd \
      PB ieee/std_logic_1164 1341906176 PB ieee/NUMERIC_STD 1341906182 \
      PB ieee/STD_LOGIC_UNSIGNED 1341906179 PH work/zpupkg 1346267424
AR work/dualport_ram/behave 1346267439 \
      FL /mnt/scratch/ZPUino-HDL/zpu/hdl/zpuino/dualport_ram.vhd \
      EN work/dualport_ram 1346267438 CP prom_generic_dualport
FL /mnt/scratch/ZPUino-HDL/zpu/hdl/zpuino/fifo.vhd 2012/08/14.01:34:11 P.28xd
EN work/fifo 1346267448 FL /mnt/scratch/ZPUino-HDL/zpu/hdl/zpuino/fifo.vhd \
      PB ieee/std_logic_1164 1341906176 PB ieee/NUMERIC_STD 1341906182 \
      PB ieee/STD_LOGIC_UNSIGNED 1341906179
AR work/fifo/behave 1346267449 \
      FL /mnt/scratch/ZPUino-HDL/zpu/hdl/zpuino/fifo.vhd EN work/fifo 1346267448
FL /mnt/scratch/ZPUino-HDL/zpu/hdl/zpuino/mult.vhd 2012/08/14.01:34:12 P.28xd
EN work/multiplier 1346267501 FL /mnt/scratch/ZPUino-HDL/zpu/hdl/zpuino/mult.vhd \
      PB ieee/std_logic_1164 1341906176 PB ieee/NUMERIC_STD 1341906182
AR work/multiplier/behave 1346267502 \
      FL /mnt/scratch/ZPUino-HDL/zpu/hdl/zpuino/mult.vhd EN work/multiplier 1346267501
FL /mnt/scratch/ZPUino-HDL/zpu/hdl/zpuino/pad.vhd 2012/08/14.01:34:12 P.28xd
PH work/pad 1346267472 FL /mnt/scratch/ZPUino-HDL/zpu/hdl/zpuino/pad.vhd \
      PB ieee/std_logic_1164 1341906176 PB ieee/NUMERIC_STD 1341906182 LB UNISIM \
      PH unisim/VCOMPONENTS 1341906184 CD iopad CD ipad CD opad CD isync
EN work/isync 1346267473 \
      FL /mnt/scratch/ZPUino-HDL/zpu/hdl/zpuino/pad.vhd PB ieee/std_logic_1164 1341906176 \
      PB ieee/NUMERIC_STD 1341906182 LB UNISIM PH unisim/VCOMPONENTS 1341906184
AR work/isync/behave 1346267474 \
      FL /mnt/scratch/ZPUino-HDL/zpu/hdl/zpuino/pad.vhd EN work/isync 1346267473 \
      CP FD
EN work/iopad 1346267475 \
      FL /mnt/scratch/ZPUino-HDL/zpu/hdl/zpuino/pad.vhd PB ieee/std_logic_1164 1341906176 \
      PB ieee/NUMERIC_STD 1341906182 PH work/pad 1346267472 LB UNISIM \
      PH unisim/VCOMPONENTS 1341906184
AR work/iopad/behave 1346267476 \
      FL /mnt/scratch/ZPUino-HDL/zpu/hdl/zpuino/pad.vhd EN work/iopad 1346267475 \
      CP isync
EN work/ipad 1346267477 \
      FL /mnt/scratch/ZPUino-HDL/zpu/hdl/zpuino/pad.vhd PB ieee/std_logic_1164 1341906176 \
      PB ieee/NUMERIC_STD 1341906182 PH work/pad 1346267472 LB UNISIM \
      PH unisim/VCOMPONENTS 1341906184
AR work/ipad/behave 1346267478 \
      FL /mnt/scratch/ZPUino-HDL/zpu/hdl/zpuino/pad.vhd EN work/ipad 1346267477 \
      CP isync
EN work/opad 1346267479 \
      FL /mnt/scratch/ZPUino-HDL/zpu/hdl/zpuino/pad.vhd PB ieee/std_logic_1164 1341906176 \
      PB ieee/NUMERIC_STD 1341906182 PH work/pad 1346267472 LB UNISIM \
      PH unisim/VCOMPONENTS 1341906184
AR work/opad/behave 1346267480 \
      FL /mnt/scratch/ZPUino-HDL/zpu/hdl/zpuino/pad.vhd EN work/opad 1346267479 \
      CP OBUF
FL /mnt/scratch/ZPUino-HDL/zpu/hdl/zpuino/prescaler.vhd 2012/08/14.01:34:12 P.28xd
EN work/prescaler 1346267429 \
      FL /mnt/scratch/ZPUino-HDL/zpu/hdl/zpuino/prescaler.vhd \
      PB ieee/std_logic_1164 1341906176 PB ieee/STD_LOGIC_UNSIGNED 1341906179 \
      PB ieee/NUMERIC_STD 1341906182
AR work/prescaler/behave 1346267430 \
      FL /mnt/scratch/ZPUino-HDL/zpu/hdl/zpuino/prescaler.vhd EN work/prescaler 1346267429
FL /mnt/scratch/ZPUino-HDL/zpu/hdl/zpuino/shifter.vhd 2012/08/14.01:34:12 P.28xd
EN work/lshifter 1346267440 FL /mnt/scratch/ZPUino-HDL/zpu/hdl/zpuino/shifter.vhd \
      PB ieee/std_logic_1164 1341906176 PB ieee/NUMERIC_STD 1341906182
AR work/lshifter/behave 1346267441 \
      FL /mnt/scratch/ZPUino-HDL/zpu/hdl/zpuino/shifter.vhd EN work/lshifter 1346267440
FL /mnt/scratch/ZPUino-HDL/zpu/hdl/zpuino/spi.vhd 2012/08/14.01:34:12 P.28xd
EN work/spi 1346267450 FL /mnt/scratch/ZPUino-HDL/zpu/hdl/zpuino/spi.vhd \
      PB ieee/std_logic_1164 1341906176 PB ieee/NUMERIC_STD 1341906182
AR work/spi/behave 1346267451 \
      FL /mnt/scratch/ZPUino-HDL/zpu/hdl/zpuino/spi.vhd EN work/spi 1346267450
FL /mnt/scratch/ZPUino-HDL/zpu/hdl/zpuino/spiclkgen.vhd 2012/08/14.01:34:12 P.28xd
EN work/spiclkgen 1346267452 \
      FL /mnt/scratch/ZPUino-HDL/zpu/hdl/zpuino/spiclkgen.vhd \
      PB ieee/std_logic_1164 1341906176 PB ieee/NUMERIC_STD 1341906182
AR work/spiclkgen/behave 1346267453 \
      FL /mnt/scratch/ZPUino-HDL/zpu/hdl/zpuino/spiclkgen.vhd EN work/spiclkgen 1346267452 \
      CP prescaler
FL /mnt/scratch/ZPUino-HDL/zpu/hdl/zpuino/timer.vhd 2012/08/17.08:56:33 P.28xd
EN work/timer 1346267442 FL /mnt/scratch/ZPUino-HDL/zpu/hdl/zpuino/timer.vhd \
      PB ieee/std_logic_1164 1341906176 PB ieee/STD_LOGIC_UNSIGNED 1341906179 \
      PB ieee/NUMERIC_STD 1341906182 PH work/zpu_config 1346267423 PH work/zpupkg 1346267424 \
      PH work/zpuinopkg 1346267426
AR work/timer/behave 1346267443 \
      FL /mnt/scratch/ZPUino-HDL/zpu/hdl/zpuino/timer.vhd EN work/timer 1346267442 \
      CP prescaler
FL /mnt/scratch/ZPUino-HDL/zpu/hdl/zpuino/tx_unit.vhd 2012/08/14.01:34:12 P.28xd
EN work/TxUnit 1346267446 FL /mnt/scratch/ZPUino-HDL/zpu/hdl/zpuino/tx_unit.vhd \
      PB ieee/std_logic_1164 1341906176
AR work/TxUnit/Behaviour 1346267447 \
      FL /mnt/scratch/ZPUino-HDL/zpu/hdl/zpuino/tx_unit.vhd EN work/TxUnit 1346267446
FL /mnt/scratch/ZPUino-HDL/zpu/hdl/zpuino/uart_brgen.vhd 2012/08/14.01:34:12 P.28xd
EN work/uart_brgen 1346267433 \
      FL /mnt/scratch/ZPUino-HDL/zpu/hdl/zpuino/uart_brgen.vhd \
      PB ieee/std_logic_1164 1341906176 PB ieee/STD_LOGIC_UNSIGNED 1341906179
AR work/uart_brgen/behave 1346267434 \
      FL /mnt/scratch/ZPUino-HDL/zpu/hdl/zpuino/uart_brgen.vhd EN work/uart_brgen 1346267433
FL /mnt/scratch/ZPUino-HDL/zpu/hdl/zpuino/wbarb2_1.vhd 2012/08/14.01:34:12 P.28xd
EN work/wbarb2_1 1346267466 \
      FL /mnt/scratch/ZPUino-HDL/zpu/hdl/zpuino/wbarb2_1.vhd \
      PB ieee/std_logic_1164 1341906176 PB ieee/NUMERIC_STD 1341906182 \
      PB ieee/STD_LOGIC_UNSIGNED 1341906179 PH work/zpu_config 1346267423
AR work/wbarb2_1/behave 1346267467 \
      FL /mnt/scratch/ZPUino-HDL/zpu/hdl/zpuino/wbarb2_1.vhd EN work/wbarb2_1 1346267466
FL /mnt/scratch/ZPUino-HDL/zpu/hdl/zpuino/wbmux2.vhd 2012/08/14.01:34:12 P.28xd
EN work/wbmux2 1346267464 FL /mnt/scratch/ZPUino-HDL/zpu/hdl/zpuino/wbmux2.vhd \
      PB ieee/std_logic_1164 1341906176 PB ieee/NUMERIC_STD 1341906182 \
      PB ieee/STD_LOGIC_UNSIGNED 1341906179 PH work/zpu_config 1346267423
AR work/wbmux2/behave 1346267465 \
      FL /mnt/scratch/ZPUino-HDL/zpu/hdl/zpuino/wbmux2.vhd EN work/wbmux2 1346267464
FL /mnt/scratch/ZPUino-HDL/zpu/hdl/zpuino/wb_rom_ram.vhd 2012/08/14.01:34:12 P.28xd
EN work/wb_rom_ram 1346267458 \
      FL /mnt/scratch/ZPUino-HDL/zpu/hdl/zpuino/wb_rom_ram.vhd \
      PB ieee/std_logic_1164 1341906176 PB ieee/NUMERIC_STD 1341906182 \
      PH work/zpu_config 1346267423 PH work/zpupkg 1346267424 PH work/zpuinopkg 1346267426 \
      PH work/zpuino_config 1346267425 PH work/wishbonepkg 1346267437
AR work/wb_rom_ram/behave 1346267459 \
      FL /mnt/scratch/ZPUino-HDL/zpu/hdl/zpuino/wb_rom_ram.vhd EN work/wb_rom_ram 1346267458 \
      CP dualport_ram
FL /mnt/scratch/ZPUino-HDL/zpu/hdl/zpuino/wishbonepkg.vhd 2012/08/14.01:34:12 P.28xd
PH work/wishbonepkg 1346267437 \
      FL /mnt/scratch/ZPUino-HDL/zpu/hdl/zpuino/wishbonepkg.vhd \
      PB ieee/std_logic_1164 1341906176 PB ieee/NUMERIC_STD 1341906182
FL /mnt/scratch/ZPUino-HDL/zpu/hdl/zpuino/zpuinopkg.vhd 2012/08/29.03:42:25 P.28xd
PH work/zpuinopkg 1346267426 \
      FL /mnt/scratch/ZPUino-HDL/zpu/hdl/zpuino/zpuinopkg.vhd \
      PB ieee/std_logic_1164 1341906176 PB ieee/NUMERIC_STD 1341906182 \
      CD zpuino_top CD zpuino_io CD zpuino_empty_device CD zpuino_spi CD zpuino_uart \
      CD zpuino_gpio CD zpuino_timers CD zpuino_intr CD zpuino_sigmadelta \
      CD zpuino_crc16 CD zpuino_adc CD sram_ctrl CD zpuino_sevenseg \
      PH work/zpu_config 1346267423 PH work/zpupkg 1346267424 \
      PH work/zpuino_config 1346267425
FL /mnt/scratch/ZPUino-HDL/zpu/hdl/zpuino/zpuino_adc.vhd 2012/08/14.01:34:12 P.28xd
EN work/zpuino_adc 1346267499 \
      FL /mnt/scratch/ZPUino-HDL/zpu/hdl/zpuino/zpuino_adc.vhd \
      PB ieee/std_logic_1164 1341906176 PB ieee/NUMERIC_STD 1341906182 LB UNISIM \
      PH unisim/VCOMPONENTS 1341906184 PH work/zpu_config 1346267423 \
      PH work/zpuino_config 1346267425 PH work/zpupkg 1346267424 PH work/zpuinopkg 1346267426
AR work/zpuino_adc/behave 1346267500 \
      FL /mnt/scratch/ZPUino-HDL/zpu/hdl/zpuino/zpuino_adc.vhd EN work/zpuino_adc 1346267499 \
      CP spi CP spiclkgen CP RAMB16_S9_S36 CP RAMB16_S18_S36
FL /mnt/scratch/ZPUino-HDL/zpu/hdl/zpuino/zpuino_crc16.vhd 2012/08/17.08:56:33 P.28xd
EN work/zpuino_crc16 1346267493 \
      FL /mnt/scratch/ZPUino-HDL/zpu/hdl/zpuino/zpuino_crc16.vhd \
      PB ieee/std_logic_1164 1341906176 PB ieee/NUMERIC_STD 1341906182 \
      PH work/zpu_config 1346267423 PH work/zpupkg 1346267424 PH work/zpuinopkg 1346267426
AR work/zpuino_crc16/behave 1346267494 \
      FL /mnt/scratch/ZPUino-HDL/zpu/hdl/zpuino/zpuino_crc16.vhd \
      EN work/zpuino_crc16 1346267493
FL /mnt/scratch/ZPUino-HDL/zpu/hdl/zpuino/zpuino_debug_core.vhd 2012/08/14.01:34:12 P.28xd
EN work/zpuino_debug_core 1346267460 \
      FL /mnt/scratch/ZPUino-HDL/zpu/hdl/zpuino/zpuino_debug_core.vhd \
      PB ieee/std_logic_1164 1341906176 PB ieee/NUMERIC_STD 1341906182 \
      PH work/zpu_config 1346267423 PH work/zpupkg 1346267424 PH work/zpuinopkg 1346267426 \
      PH work/zpuino_config 1346267425
AR work/zpuino_debug_core/behave 1346267461 \
      FL /mnt/scratch/ZPUino-HDL/zpu/hdl/zpuino/zpuino_debug_core.vhd \
      EN work/zpuino_debug_core 1346267460
FL /mnt/scratch/ZPUino-HDL/zpu/hdl/zpuino/zpuino_empty_device.vhd 2012/08/14.01:34:12 P.28xd
EN work/zpuino_empty_device 1346267495 \
      FL /mnt/scratch/ZPUino-HDL/zpu/hdl/zpuino/zpuino_empty_device.vhd \
      PB ieee/std_logic_1164 1341906176 PB ieee/NUMERIC_STD 1341906182 \
      PH work/zpu_config 1346267423 PH work/zpuino_config 1346267425 \
      PH work/zpupkg 1346267424 PH work/zpuinopkg 1346267426
AR work/zpuino_empty_device/behave 1346267496 \
      FL /mnt/scratch/ZPUino-HDL/zpu/hdl/zpuino/zpuino_empty_device.vhd \
      EN work/zpuino_empty_device 1346267495
FL /mnt/scratch/ZPUino-HDL/zpu/hdl/zpuino/zpuino_gpio.vhd 2012/08/14.01:34:12 P.28xd
EN work/zpuino_gpio 1346267487 \
      FL /mnt/scratch/ZPUino-HDL/zpu/hdl/zpuino/zpuino_gpio.vhd \
      PB ieee/std_logic_1164 1341906176 PB ieee/NUMERIC_STD 1341906182 \
      PB ieee/STD_LOGIC_UNSIGNED 1341906179 PH work/zpu_config 1346267423 \
      PH work/zpupkg 1346267424 PH work/zpuinopkg 1346267426 PH work/zpuino_config 1346267425
AR work/zpuino_gpio/behave 1346267488 \
      FL /mnt/scratch/ZPUino-HDL/zpu/hdl/zpuino/zpuino_gpio.vhd \
      EN work/zpuino_gpio 1346267487
FL /mnt/scratch/ZPUino-HDL/zpu/hdl/zpuino/zpuino_intr.vhd 2012/08/17.08:56:33 P.28xd
EN work/zpuino_intr 1346267435 \
      FL /mnt/scratch/ZPUino-HDL/zpu/hdl/zpuino/zpuino_intr.vhd \
      PB ieee/std_logic_1164 1341906176 PB ieee/NUMERIC_STD 1341906182 \
      PH work/zpu_config 1346267423 PH work/zpupkg 1346267424 PH work/zpuinopkg 1346267426
AR work/zpuino_intr/behave 1346267436 \
      FL /mnt/scratch/ZPUino-HDL/zpu/hdl/zpuino/zpuino_intr.vhd \
      EN work/zpuino_intr 1346267435
FL /mnt/scratch/ZPUino-HDL/zpu/hdl/zpuino/zpuino_io.vhd 2012/08/14.01:34:12 P.28xd
EN work/zpuino_io 1346267462 \
      FL /mnt/scratch/ZPUino-HDL/zpu/hdl/zpuino/zpuino_io.vhd \
      PB ieee/std_logic_1164 1341906176 PB ieee/NUMERIC_STD 1341906182 \
      PH work/zpu_config 1346267423 PH work/zpuino_config 1346267425 \
      PH work/zpupkg 1346267424 PH work/zpuinopkg 1346267426
AR work/zpuino_io/behave 1346267463 \
      FL /mnt/scratch/ZPUino-HDL/zpu/hdl/zpuino/zpuino_io.vhd EN work/zpuino_io 1346267462 \
      CP zpuino_intr
FL /mnt/scratch/ZPUino-HDL/zpu/hdl/zpuino/zpuino_serialreset.vhd 2012/08/14.01:34:12 P.28xd
EN work/zpuino_serialreset 1346267468 \
      FL /mnt/scratch/ZPUino-HDL/zpu/hdl/zpuino/zpuino_serialreset.vhd \
      PB ieee/std_logic_1164 1341906176 PB ieee/NUMERIC_STD 1341906182 \
      PH work/zpu_config 1346267423 PH work/zpupkg 1346267424 PH work/zpuinopkg 1346267426
AR work/zpuino_serialreset/behave 1346267469 \
      FL /mnt/scratch/ZPUino-HDL/zpu/hdl/zpuino/zpuino_serialreset.vhd \
      EN work/zpuino_serialreset 1346267468
FL /mnt/scratch/ZPUino-HDL/zpu/hdl/zpuino/zpuino_sigmadelta.vhd 2012/08/14.01:34:12 P.28xd
EN work/zpuino_sigmadelta 1346267491 \
      FL /mnt/scratch/ZPUino-HDL/zpu/hdl/zpuino/zpuino_sigmadelta.vhd \
      PB ieee/std_logic_1164 1341906176 PB ieee/NUMERIC_STD 1341906182 \
      PH work/zpupkg 1346267424 PH work/zpu_config 1346267423 PH work/zpuinopkg 1346267426
AR work/zpuino_sigmadelta/behave 1346267492 \
      FL /mnt/scratch/ZPUino-HDL/zpu/hdl/zpuino/zpuino_sigmadelta.vhd \
      EN work/zpuino_sigmadelta 1346267491
FL /mnt/scratch/ZPUino-HDL/zpu/hdl/zpuino/zpuino_spi.vhd 2012/08/17.08:56:33 P.28xd
EN work/zpuino_spi 1346267483 \
      FL /mnt/scratch/ZPUino-HDL/zpu/hdl/zpuino/zpuino_spi.vhd \
      PB ieee/std_logic_1164 1341906176 PB ieee/NUMERIC_STD 1341906182 \
      PH work/zpu_config 1346267423 PH work/zpuino_config 1346267425 \
      PH work/zpupkg 1346267424 PH work/zpuinopkg 1346267426
AR work/zpuino_spi/behave 1346267484 \
      FL /mnt/scratch/ZPUino-HDL/zpu/hdl/zpuino/zpuino_spi.vhd EN work/zpuino_spi 1346267483 \
      CP spi CP spiclkgen
FL /mnt/scratch/ZPUino-HDL/zpu/hdl/zpuino/zpuino_timers.vhd 2012/08/14.01:34:12 P.28xd
EN work/zpuino_timers 1346267489 \
      FL /mnt/scratch/ZPUino-HDL/zpu/hdl/zpuino/zpuino_timers.vhd \
      PB ieee/std_logic_1164 1341906176 PB ieee/STD_LOGIC_UNSIGNED 1341906179 \
      PB ieee/NUMERIC_STD 1341906182 PH work/zpu_config 1346267423 PH work/zpupkg 1346267424 \
      PH work/zpuinopkg 1346267426
AR work/zpuino_timers/behave 1346267490 \
      FL /mnt/scratch/ZPUino-HDL/zpu/hdl/zpuino/zpuino_timers.vhd \
      EN work/zpuino_timers 1346267489 CP timer
FL /mnt/scratch/ZPUino-HDL/zpu/hdl/zpuino/zpuino_top.vhd 2012/08/14.01:34:12 P.28xd
EN work/zpuino_top 1346267481 \
      FL /mnt/scratch/ZPUino-HDL/zpu/hdl/zpuino/zpuino_top.vhd \
      PB ieee/std_logic_1164 1341906176 PB ieee/NUMERIC_STD 1341906182 \
      PH work/zpu_config 1346267423 PH work/zpupkg 1346267424 PH work/zpuinopkg 1346267426 \
      PH work/zpuino_config 1346267425 PH work/wishbonepkg 1346267437
AR work/zpuino_top/behave 1346267482 \
      FL /mnt/scratch/ZPUino-HDL/zpu/hdl/zpuino/zpuino_top.vhd EN work/zpuino_top 1346267481 \
      CP zpu_core_extreme CP zpuino_stack CP wb_rom_ram CP zpuino_debug_core \
      CP zpuino_io CP wbmux2 CP wbarb2_1
FL /mnt/scratch/ZPUino-HDL/zpu/hdl/zpuino/zpuino_uart.vhd 2012/08/17.08:56:33 P.28xd
EN work/zpuino_uart 1346267485 \
      FL /mnt/scratch/ZPUino-HDL/zpu/hdl/zpuino/zpuino_uart.vhd \
      PB ieee/std_logic_1164 1341906176 PB ieee/NUMERIC_STD 1341906182 \
      PH work/zpu_config 1346267423 PH work/zpupkg 1346267424 PH work/zpuinopkg 1346267426
AR work/zpuino_uart/behave 1346267486 \
      FL /mnt/scratch/ZPUino-HDL/zpu/hdl/zpuino/zpuino_uart.vhd \
      EN work/zpuino_uart 1346267485 CP zpuino_uart_rx CP TxUnit CP uart_brgen \
      CP fifo
FL /mnt/scratch/ZPUino-HDL/zpu/hdl/zpuino/zpuino_uart_mv_filter.vhd 2012/08/14.01:34:12 P.28xd
EN work/zpuino_uart_mv_filter 1346267431 \
      FL /mnt/scratch/ZPUino-HDL/zpu/hdl/zpuino/zpuino_uart_mv_filter.vhd \
      PB ieee/std_logic_1164 1341906176 PB ieee/NUMERIC_STD 1341906182 \
      PH work/zpu_config 1346267423 PH work/zpupkg 1346267424 PH work/zpuinopkg 1346267426
AR work/zpuino_uart_mv_filter/behave 1346267432 \
      FL /mnt/scratch/ZPUino-HDL/zpu/hdl/zpuino/zpuino_uart_mv_filter.vhd \
      EN work/zpuino_uart_mv_filter 1346267431
FL /mnt/scratch/ZPUino-HDL/zpu/hdl/zpuino/zpuino_uart_rx.vhd 2012/08/14.01:34:12 P.28xd
EN work/zpuino_uart_rx 1346267444 \
      FL /mnt/scratch/ZPUino-HDL/zpu/hdl/zpuino/zpuino_uart_rx.vhd \
      PB ieee/std_logic_1164 1341906176 PB ieee/NUMERIC_STD 1341906182 \
      PH work/zpu_config 1346267423 PH work/zpupkg 1346267424 PH work/zpuinopkg 1346267426
AR work/zpuino_uart_rx/behave 1346267445 \
      FL /mnt/scratch/ZPUino-HDL/zpu/hdl/zpuino/zpuino_uart_rx.vhd \
      EN work/zpuino_uart_rx 1346267444 CP zpuino_uart_mv_filter CP uart_brgen
FL /mnt/scratch/ZPUino-HDL/zpu/hdl/zpuino/zpupkg.vhd 2012/08/14.01:34:12 P.28xd
PH work/zpupkg 1346267424 FL /mnt/scratch/ZPUino-HDL/zpu/hdl/zpuino/zpupkg.vhd \
      PB ieee/std_logic_1164 1341906176 PB ieee/NUMERIC_STD 1341906182 CD trace \
      CD zpu_core_extreme PH work/zpu_config 1346267423
FL /mnt/scratch/ZPUino-HDL/zpu/hdl/zpuino/zpu_core_extreme.vhd 2012/08/14.01:34:12 P.28xd
EN work/zpu_core_extreme 1346267454 \
      FL /mnt/scratch/ZPUino-HDL/zpu/hdl/zpuino/zpu_core_extreme.vhd \
      PB ieee/std_logic_1164 1341906176 PB ieee/NUMERIC_STD 1341906182 \
      PH work/wishbonepkg 1346267437 PH work/zpu_config 1346267423 PH work/zpupkg 1346267424
AR work/zpu_core_extreme/behave 1346267455 \
      FL /mnt/scratch/ZPUino-HDL/zpu/hdl/zpuino/zpu_core_extreme.vhd \
      EN work/zpu_core_extreme 1346267454 CP lshifter CP trace
