V3 181
FL /mnt/scratch/ZPUino-HDL/zpu/hdl/zpuino/boards/s3e-starter-kit/clkgen.vhd 2012/08/14.01:34:11 P.28xd
EN work/clkgen 1345058359 \
      FL /mnt/scratch/ZPUino-HDL/zpu/hdl/zpuino/boards/s3e-starter-kit/clkgen.vhd \
      PB ieee/std_logic_1164 1341906176 PB ieee/STD_LOGIC_UNSIGNED 1341906179 \
      PB ieee/NUMERIC_STD 1341906182 LB UNISIM PH unisim/VCOMPONENTS 1341906184
AR work/clkgen/behave 1345058360 \
      FL /mnt/scratch/ZPUino-HDL/zpu/hdl/zpuino/boards/s3e-starter-kit/clkgen.vhd \
      EN work/clkgen 1345058359 CP BUFG CP IBUFG CP DCM
FL /mnt/scratch/ZPUino-HDL/zpu/hdl/zpuino/boards/s3e-starter-kit/prom-generic-dp-32.vhd 2012/08/14.01:34:11 P.28xd
EN work/prom_generic_dualport 1345058316 \
      FL /mnt/scratch/ZPUino-HDL/zpu/hdl/zpuino/boards/s3e-starter-kit/prom-generic-dp-32.vhd \
      PB ieee/std_logic_1164 1341906176 PB ieee/STD_LOGIC_UNSIGNED 1341906179 \
      PB ieee/NUMERIC_STD 1341906182
AR work/prom_generic_dualport/behave 1345058317 \
      FL /mnt/scratch/ZPUino-HDL/zpu/hdl/zpuino/boards/s3e-starter-kit/prom-generic-dp-32.vhd \
      EN work/prom_generic_dualport 1345058316
FL /mnt/scratch/ZPUino-HDL/zpu/hdl/zpuino/boards/s3e-starter-kit/s3e_eval_zpuino_top.vhd 2012/08/14.01:34:11 P.28xd
EN work/s3e_eval_zpuino 1345058386 \
      FL /mnt/scratch/ZPUino-HDL/zpu/hdl/zpuino/boards/s3e-starter-kit/s3e_eval_zpuino_top.vhd \
      PB ieee/std_logic_1164 1341906176 PB ieee/NUMERIC_STD 1341906182 LB UNISIM \
      PH unisim/VCOMPONENTS 1341906184 PH work/zpupkg 1345058313 PH work/zpuinopkg 1345058315 \
      PH work/zpuino_config 1345058314 PH work/zpu_config 1345058312 PH work/pad 1345058361
AR work/s3e_eval_zpuino/behave 1345058387 \
      FL /mnt/scratch/ZPUino-HDL/zpu/hdl/zpuino/boards/s3e-starter-kit/s3e_eval_zpuino_top.vhd \
      EN work/s3e_eval_zpuino 1345058386 CP zpuino_serialreset CP clkgen CP IOPAD \
      CP IPAD CP OPAD CP zpuino_top CP zpuino_spi CP zpuino_uart CP zpuino_gpio \
      CP zpuino_timers CP zpuino_sigmadelta CP zpuino_crc16 CP zpuino_empty_device
FL /mnt/scratch/ZPUino-HDL/zpu/hdl/zpuino/boards/s3e-starter-kit/stack.vhd 2012/08/14.01:34:11 P.28xd
EN work/zpuino_stack 1345058345 \
      FL /mnt/scratch/ZPUino-HDL/zpu/hdl/zpuino/boards/s3e-starter-kit/stack.vhd \
      PB ieee/std_logic_1164 1341906176 PB ieee/NUMERIC_STD 1341906182 LB UNISIM \
      PH unisim/VCOMPONENTS 1341906184 PH work/zpu_config 1345058312 \
      PH work/zpupkg 1345058313
AR work/zpuino_stack/behave 1345058346 \
      FL /mnt/scratch/ZPUino-HDL/zpu/hdl/zpuino/boards/s3e-starter-kit/stack.vhd \
      EN work/zpuino_stack 1345058345 CP RAMB16_S36_S36
FL /mnt/scratch/ZPUino-HDL/zpu/hdl/zpuino/boards/s3e-starter-kit/zpuino_config.vhd 2012/08/14.01:34:11 P.28xd
PH work/zpuino_config 1345058314 \
      FL /mnt/scratch/ZPUino-HDL/zpu/hdl/zpuino/boards/s3e-starter-kit/zpuino_config.vhd \
      PB ieee/std_logic_1164 1341906176 PB ieee/STD_LOGIC_UNSIGNED 1341906179 \
      PB ieee/std_logic_arith 1341906177
FL /mnt/scratch/ZPUino-HDL/zpu/hdl/zpuino/boards/s3e-starter-kit/zpu_config.vhd 2012/08/14.01:34:11 P.28xd
PH work/zpu_config 1345058312 \
      FL /mnt/scratch/ZPUino-HDL/zpu/hdl/zpuino/boards/s3e-starter-kit/zpu_config.vhd \
      PB ieee/std_logic_1164 1341906176 PB ieee/STD_LOGIC_UNSIGNED 1341906179 \
      PB ieee/std_logic_arith 1341906177
FL /mnt/scratch/ZPUino-HDL/zpu/hdl/zpuino/dualport_ram.vhd 2012/08/14.01:34:11 P.28xd
EN work/dualport_ram 1345058327 \
      FL /mnt/scratch/ZPUino-HDL/zpu/hdl/zpuino/dualport_ram.vhd \
      PB ieee/std_logic_1164 1341906176 PB ieee/NUMERIC_STD 1341906182 \
      PB ieee/STD_LOGIC_UNSIGNED 1341906179 PH work/zpupkg 1345058313
AR work/dualport_ram/behave 1345058328 \
      FL /mnt/scratch/ZPUino-HDL/zpu/hdl/zpuino/dualport_ram.vhd \
      EN work/dualport_ram 1345058327 CP prom_generic_dualport
FL /mnt/scratch/ZPUino-HDL/zpu/hdl/zpuino/fifo.vhd 2012/08/14.01:34:11 P.28xd
EN work/fifo 1345058337 FL /mnt/scratch/ZPUino-HDL/zpu/hdl/zpuino/fifo.vhd \
      PB ieee/std_logic_1164 1341906176 PB ieee/NUMERIC_STD 1341906182 \
      PB ieee/STD_LOGIC_UNSIGNED 1341906179
AR work/fifo/behave 1345058338 \
      FL /mnt/scratch/ZPUino-HDL/zpu/hdl/zpuino/fifo.vhd EN work/fifo 1345058337
FL /mnt/scratch/ZPUino-HDL/zpu/hdl/zpuino/mult.vhd 2012/08/14.01:34:12 P.28xd
EN work/multiplier 1345058390 FL /mnt/scratch/ZPUino-HDL/zpu/hdl/zpuino/mult.vhd \
      PB ieee/std_logic_1164 1341906176 PB ieee/NUMERIC_STD 1341906182
AR work/multiplier/behave 1345058391 \
      FL /mnt/scratch/ZPUino-HDL/zpu/hdl/zpuino/mult.vhd EN work/multiplier 1345058390
FL /mnt/scratch/ZPUino-HDL/zpu/hdl/zpuino/pad.vhd 2012/08/14.01:34:12 P.28xd
PH work/pad 1345058361 FL /mnt/scratch/ZPUino-HDL/zpu/hdl/zpuino/pad.vhd \
      PB ieee/std_logic_1164 1341906176 PB ieee/NUMERIC_STD 1341906182 LB UNISIM \
      PH unisim/VCOMPONENTS 1341906184 CD iopad CD ipad CD opad CD isync
EN work/isync 1345058362 \
      FL /mnt/scratch/ZPUino-HDL/zpu/hdl/zpuino/pad.vhd PB ieee/std_logic_1164 1341906176 \
      PB ieee/NUMERIC_STD 1341906182 LB UNISIM PH unisim/VCOMPONENTS 1341906184
AR work/isync/behave 1345058363 \
      FL /mnt/scratch/ZPUino-HDL/zpu/hdl/zpuino/pad.vhd EN work/isync 1345058362 \
      CP FD
EN work/iopad 1345058364 \
      FL /mnt/scratch/ZPUino-HDL/zpu/hdl/zpuino/pad.vhd PB ieee/std_logic_1164 1341906176 \
      PB ieee/NUMERIC_STD 1341906182 PH work/pad 1345058361 LB UNISIM \
      PH unisim/VCOMPONENTS 1341906184
AR work/iopad/behave 1345058365 \
      FL /mnt/scratch/ZPUino-HDL/zpu/hdl/zpuino/pad.vhd EN work/iopad 1345058364 \
      CP isync
EN work/ipad 1345058366 \
      FL /mnt/scratch/ZPUino-HDL/zpu/hdl/zpuino/pad.vhd PB ieee/std_logic_1164 1341906176 \
      PB ieee/NUMERIC_STD 1341906182 PH work/pad 1345058361 LB UNISIM \
      PH unisim/VCOMPONENTS 1341906184
AR work/ipad/behave 1345058367 \
      FL /mnt/scratch/ZPUino-HDL/zpu/hdl/zpuino/pad.vhd EN work/ipad 1345058366 \
      CP isync
EN work/opad 1345058368 \
      FL /mnt/scratch/ZPUino-HDL/zpu/hdl/zpuino/pad.vhd PB ieee/std_logic_1164 1341906176 \
      PB ieee/NUMERIC_STD 1341906182 PH work/pad 1345058361 LB UNISIM \
      PH unisim/VCOMPONENTS 1341906184
AR work/opad/behave 1345058369 \
      FL /mnt/scratch/ZPUino-HDL/zpu/hdl/zpuino/pad.vhd EN work/opad 1345058368 \
      CP OBUF
FL /mnt/scratch/ZPUino-HDL/zpu/hdl/zpuino/prescaler.vhd 2012/08/14.01:34:12 P.28xd
EN work/prescaler 1345058318 \
      FL /mnt/scratch/ZPUino-HDL/zpu/hdl/zpuino/prescaler.vhd \
      PB ieee/std_logic_1164 1341906176 PB ieee/STD_LOGIC_UNSIGNED 1341906179 \
      PB ieee/NUMERIC_STD 1341906182
AR work/prescaler/behave 1345058319 \
      FL /mnt/scratch/ZPUino-HDL/zpu/hdl/zpuino/prescaler.vhd EN work/prescaler 1345058318
FL /mnt/scratch/ZPUino-HDL/zpu/hdl/zpuino/shifter.vhd 2012/08/14.01:34:12 P.28xd
EN work/lshifter 1345058329 FL /mnt/scratch/ZPUino-HDL/zpu/hdl/zpuino/shifter.vhd \
      PB ieee/std_logic_1164 1341906176 PB ieee/NUMERIC_STD 1341906182
AR work/lshifter/behave 1345058330 \
      FL /mnt/scratch/ZPUino-HDL/zpu/hdl/zpuino/shifter.vhd EN work/lshifter 1345058329
FL /mnt/scratch/ZPUino-HDL/zpu/hdl/zpuino/spi.vhd 2012/08/14.01:34:12 P.28xd
EN work/spi 1345058339 FL /mnt/scratch/ZPUino-HDL/zpu/hdl/zpuino/spi.vhd \
      PB ieee/std_logic_1164 1341906176 PB ieee/NUMERIC_STD 1341906182
AR work/spi/behave 1345058340 \
      FL /mnt/scratch/ZPUino-HDL/zpu/hdl/zpuino/spi.vhd EN work/spi 1345058339
FL /mnt/scratch/ZPUino-HDL/zpu/hdl/zpuino/spiclkgen.vhd 2012/08/14.01:34:12 P.28xd
EN work/spiclkgen 1345058341 \
      FL /mnt/scratch/ZPUino-HDL/zpu/hdl/zpuino/spiclkgen.vhd \
      PB ieee/std_logic_1164 1341906176 PB ieee/NUMERIC_STD 1341906182
AR work/spiclkgen/behave 1345058342 \
      FL /mnt/scratch/ZPUino-HDL/zpu/hdl/zpuino/spiclkgen.vhd EN work/spiclkgen 1345058341 \
      CP prescaler
FL /mnt/scratch/ZPUino-HDL/zpu/hdl/zpuino/timer.vhd 2012/08/14.01:34:12 P.28xd
EN work/timer 1345058331 FL /mnt/scratch/ZPUino-HDL/zpu/hdl/zpuino/timer.vhd \
      PB ieee/std_logic_1164 1341906176 PB ieee/STD_LOGIC_UNSIGNED 1341906179 \
      PB ieee/NUMERIC_STD 1341906182 PH work/zpu_config 1345058312 PH work/zpupkg 1345058313 \
      PH work/zpuinopkg 1345058315
AR work/timer/behave 1345058332 \
      FL /mnt/scratch/ZPUino-HDL/zpu/hdl/zpuino/timer.vhd EN work/timer 1345058331 \
      CP prescaler
FL /mnt/scratch/ZPUino-HDL/zpu/hdl/zpuino/tx_unit.vhd 2012/08/14.01:34:12 P.28xd
EN work/TxUnit 1345058335 FL /mnt/scratch/ZPUino-HDL/zpu/hdl/zpuino/tx_unit.vhd \
      PB ieee/std_logic_1164 1341906176
AR work/TxUnit/Behaviour 1345058336 \
      FL /mnt/scratch/ZPUino-HDL/zpu/hdl/zpuino/tx_unit.vhd EN work/TxUnit 1345058335
FL /mnt/scratch/ZPUino-HDL/zpu/hdl/zpuino/uart_brgen.vhd 2012/08/14.01:34:12 P.28xd
EN work/uart_brgen 1345058322 \
      FL /mnt/scratch/ZPUino-HDL/zpu/hdl/zpuino/uart_brgen.vhd \
      PB ieee/std_logic_1164 1341906176 PB ieee/STD_LOGIC_UNSIGNED 1341906179
AR work/uart_brgen/behave 1345058323 \
      FL /mnt/scratch/ZPUino-HDL/zpu/hdl/zpuino/uart_brgen.vhd EN work/uart_brgen 1345058322
FL /mnt/scratch/ZPUino-HDL/zpu/hdl/zpuino/wbarb2_1.vhd 2012/08/14.01:34:12 P.28xd
EN work/wbarb2_1 1345058355 \
      FL /mnt/scratch/ZPUino-HDL/zpu/hdl/zpuino/wbarb2_1.vhd \
      PB ieee/std_logic_1164 1341906176 PB ieee/NUMERIC_STD 1341906182 \
      PB ieee/STD_LOGIC_UNSIGNED 1341906179 PH work/zpu_config 1345058312
AR work/wbarb2_1/behave 1345058356 \
      FL /mnt/scratch/ZPUino-HDL/zpu/hdl/zpuino/wbarb2_1.vhd EN work/wbarb2_1 1345058355
FL /mnt/scratch/ZPUino-HDL/zpu/hdl/zpuino/wbmux2.vhd 2012/08/14.01:34:12 P.28xd
EN work/wbmux2 1345058353 FL /mnt/scratch/ZPUino-HDL/zpu/hdl/zpuino/wbmux2.vhd \
      PB ieee/std_logic_1164 1341906176 PB ieee/NUMERIC_STD 1341906182 \
      PB ieee/STD_LOGIC_UNSIGNED 1341906179 PH work/zpu_config 1345058312
AR work/wbmux2/behave 1345058354 \
      FL /mnt/scratch/ZPUino-HDL/zpu/hdl/zpuino/wbmux2.vhd EN work/wbmux2 1345058353
FL /mnt/scratch/ZPUino-HDL/zpu/hdl/zpuino/wb_rom_ram.vhd 2012/08/14.01:34:12 P.28xd
EN work/wb_rom_ram 1345058347 \
      FL /mnt/scratch/ZPUino-HDL/zpu/hdl/zpuino/wb_rom_ram.vhd \
      PB ieee/std_logic_1164 1341906176 PB ieee/NUMERIC_STD 1341906182 \
      PH work/zpu_config 1345058312 PH work/zpupkg 1345058313 PH work/zpuinopkg 1345058315 \
      PH work/zpuino_config 1345058314 PH work/wishbonepkg 1345058326
AR work/wb_rom_ram/behave 1345058348 \
      FL /mnt/scratch/ZPUino-HDL/zpu/hdl/zpuino/wb_rom_ram.vhd EN work/wb_rom_ram 1345058347 \
      CP dualport_ram
FL /mnt/scratch/ZPUino-HDL/zpu/hdl/zpuino/wishbonepkg.vhd 2012/08/14.01:34:12 P.28xd
PH work/wishbonepkg 1345058326 \
      FL /mnt/scratch/ZPUino-HDL/zpu/hdl/zpuino/wishbonepkg.vhd \
      PB ieee/std_logic_1164 1341906176 PB ieee/NUMERIC_STD 1341906182
FL /mnt/scratch/ZPUino-HDL/zpu/hdl/zpuino/zpuinopkg.vhd 2012/08/14.01:34:12 P.28xd
PH work/zpuinopkg 1345058315 \
      FL /mnt/scratch/ZPUino-HDL/zpu/hdl/zpuino/zpuinopkg.vhd \
      PB ieee/std_logic_1164 1341906176 PB ieee/NUMERIC_STD 1341906182 \
      CD zpuino_top CD zpuino_io CD zpuino_empty_device CD zpuino_spi CD zpuino_uart \
      CD zpuino_gpio CD zpuino_timers CD zpuino_intr CD zpuino_sigmadelta \
      CD zpuino_crc16 CD zpuino_adc CD sram_ctrl PH work/zpu_config 1345058312 \
      PH work/zpupkg 1345058313 PH work/zpuino_config 1345058314
FL /mnt/scratch/ZPUino-HDL/zpu/hdl/zpuino/zpuino_adc.vhd 2012/08/14.01:34:12 P.28xd
EN work/zpuino_adc 1345058388 \
      FL /mnt/scratch/ZPUino-HDL/zpu/hdl/zpuino/zpuino_adc.vhd \
      PB ieee/std_logic_1164 1341906176 PB ieee/NUMERIC_STD 1341906182 LB UNISIM \
      PH unisim/VCOMPONENTS 1341906184 PH work/zpu_config 1345058312 \
      PH work/zpuino_config 1345058314 PH work/zpupkg 1345058313 PH work/zpuinopkg 1345058315
AR work/zpuino_adc/behave 1345058389 \
      FL /mnt/scratch/ZPUino-HDL/zpu/hdl/zpuino/zpuino_adc.vhd EN work/zpuino_adc 1345058388 \
      CP spi CP spiclkgen CP RAMB16_S9_S36 CP RAMB16_S18_S36
FL /mnt/scratch/ZPUino-HDL/zpu/hdl/zpuino/zpuino_crc16.vhd 2012/08/14.01:34:12 P.28xd
EN work/zpuino_crc16 1345058382 \
      FL /mnt/scratch/ZPUino-HDL/zpu/hdl/zpuino/zpuino_crc16.vhd \
      PB ieee/std_logic_1164 1341906176 PB ieee/NUMERIC_STD 1341906182 \
      PH work/zpu_config 1345058312 PH work/zpupkg 1345058313 PH work/zpuinopkg 1345058315
AR work/zpuino_crc16/behave 1345058383 \
      FL /mnt/scratch/ZPUino-HDL/zpu/hdl/zpuino/zpuino_crc16.vhd \
      EN work/zpuino_crc16 1345058382
FL /mnt/scratch/ZPUino-HDL/zpu/hdl/zpuino/zpuino_debug_core.vhd 2012/08/14.01:34:12 P.28xd
EN work/zpuino_debug_core 1345058349 \
      FL /mnt/scratch/ZPUino-HDL/zpu/hdl/zpuino/zpuino_debug_core.vhd \
      PB ieee/std_logic_1164 1341906176 PB ieee/NUMERIC_STD 1341906182 \
      PH work/zpu_config 1345058312 PH work/zpupkg 1345058313 PH work/zpuinopkg 1345058315 \
      PH work/zpuino_config 1345058314
AR work/zpuino_debug_core/behave 1345058350 \
      FL /mnt/scratch/ZPUino-HDL/zpu/hdl/zpuino/zpuino_debug_core.vhd \
      EN work/zpuino_debug_core 1345058349
FL /mnt/scratch/ZPUino-HDL/zpu/hdl/zpuino/zpuino_empty_device.vhd 2012/08/14.01:34:12 P.28xd
EN work/zpuino_empty_device 1345058384 \
      FL /mnt/scratch/ZPUino-HDL/zpu/hdl/zpuino/zpuino_empty_device.vhd \
      PB ieee/std_logic_1164 1341906176 PB ieee/NUMERIC_STD 1341906182 \
      PH work/zpu_config 1345058312 PH work/zpuino_config 1345058314 \
      PH work/zpupkg 1345058313 PH work/zpuinopkg 1345058315
AR work/zpuino_empty_device/behave 1345058385 \
      FL /mnt/scratch/ZPUino-HDL/zpu/hdl/zpuino/zpuino_empty_device.vhd \
      EN work/zpuino_empty_device 1345058384
FL /mnt/scratch/ZPUino-HDL/zpu/hdl/zpuino/zpuino_gpio.vhd 2012/08/14.01:34:12 P.28xd
EN work/zpuino_gpio 1345058376 \
      FL /mnt/scratch/ZPUino-HDL/zpu/hdl/zpuino/zpuino_gpio.vhd \
      PB ieee/std_logic_1164 1341906176 PB ieee/NUMERIC_STD 1341906182 \
      PB ieee/STD_LOGIC_UNSIGNED 1341906179 PH work/zpu_config 1345058312 \
      PH work/zpupkg 1345058313 PH work/zpuinopkg 1345058315 PH work/zpuino_config 1345058314
AR work/zpuino_gpio/behave 1345058377 \
      FL /mnt/scratch/ZPUino-HDL/zpu/hdl/zpuino/zpuino_gpio.vhd \
      EN work/zpuino_gpio 1345058376
FL /mnt/scratch/ZPUino-HDL/zpu/hdl/zpuino/zpuino_intr.vhd 2012/08/14.01:34:12 P.28xd
EN work/zpuino_intr 1345058324 \
      FL /mnt/scratch/ZPUino-HDL/zpu/hdl/zpuino/zpuino_intr.vhd \
      PB ieee/std_logic_1164 1341906176 PB ieee/NUMERIC_STD 1341906182 \
      PH work/zpu_config 1345058312 PH work/zpupkg 1345058313 PH work/zpuinopkg 1345058315
AR work/zpuino_intr/behave 1345058325 \
      FL /mnt/scratch/ZPUino-HDL/zpu/hdl/zpuino/zpuino_intr.vhd \
      EN work/zpuino_intr 1345058324
FL /mnt/scratch/ZPUino-HDL/zpu/hdl/zpuino/zpuino_io.vhd 2012/08/14.01:34:12 P.28xd
EN work/zpuino_io 1345058351 \
      FL /mnt/scratch/ZPUino-HDL/zpu/hdl/zpuino/zpuino_io.vhd \
      PB ieee/std_logic_1164 1341906176 PB ieee/NUMERIC_STD 1341906182 \
      PH work/zpu_config 1345058312 PH work/zpuino_config 1345058314 \
      PH work/zpupkg 1345058313 PH work/zpuinopkg 1345058315
AR work/zpuino_io/behave 1345058352 \
      FL /mnt/scratch/ZPUino-HDL/zpu/hdl/zpuino/zpuino_io.vhd EN work/zpuino_io 1345058351 \
      CP zpuino_intr
FL /mnt/scratch/ZPUino-HDL/zpu/hdl/zpuino/zpuino_serialreset.vhd 2012/08/14.01:34:12 P.28xd
EN work/zpuino_serialreset 1345058357 \
      FL /mnt/scratch/ZPUino-HDL/zpu/hdl/zpuino/zpuino_serialreset.vhd \
      PB ieee/std_logic_1164 1341906176 PB ieee/NUMERIC_STD 1341906182 \
      PH work/zpu_config 1345058312 PH work/zpupkg 1345058313 PH work/zpuinopkg 1345058315
AR work/zpuino_serialreset/behave 1345058358 \
      FL /mnt/scratch/ZPUino-HDL/zpu/hdl/zpuino/zpuino_serialreset.vhd \
      EN work/zpuino_serialreset 1345058357
FL /mnt/scratch/ZPUino-HDL/zpu/hdl/zpuino/zpuino_sigmadelta.vhd 2012/08/14.01:34:12 P.28xd
EN work/zpuino_sigmadelta 1345058380 \
      FL /mnt/scratch/ZPUino-HDL/zpu/hdl/zpuino/zpuino_sigmadelta.vhd \
      PB ieee/std_logic_1164 1341906176 PB ieee/NUMERIC_STD 1341906182 \
      PH work/zpupkg 1345058313 PH work/zpu_config 1345058312 PH work/zpuinopkg 1345058315
AR work/zpuino_sigmadelta/behave 1345058381 \
      FL /mnt/scratch/ZPUino-HDL/zpu/hdl/zpuino/zpuino_sigmadelta.vhd \
      EN work/zpuino_sigmadelta 1345058380
FL /mnt/scratch/ZPUino-HDL/zpu/hdl/zpuino/zpuino_spi.vhd 2012/08/14.01:34:12 P.28xd
EN work/zpuino_spi 1345058372 \
      FL /mnt/scratch/ZPUino-HDL/zpu/hdl/zpuino/zpuino_spi.vhd \
      PB ieee/std_logic_1164 1341906176 PB ieee/NUMERIC_STD 1341906182 \
      PH work/zpu_config 1345058312 PH work/zpuino_config 1345058314 \
      PH work/zpupkg 1345058313 PH work/zpuinopkg 1345058315
AR work/zpuino_spi/behave 1345058373 \
      FL /mnt/scratch/ZPUino-HDL/zpu/hdl/zpuino/zpuino_spi.vhd EN work/zpuino_spi 1345058372 \
      CP spi CP spiclkgen
FL /mnt/scratch/ZPUino-HDL/zpu/hdl/zpuino/zpuino_timers.vhd 2012/08/14.01:34:12 P.28xd
EN work/zpuino_timers 1345058378 \
      FL /mnt/scratch/ZPUino-HDL/zpu/hdl/zpuino/zpuino_timers.vhd \
      PB ieee/std_logic_1164 1341906176 PB ieee/STD_LOGIC_UNSIGNED 1341906179 \
      PB ieee/NUMERIC_STD 1341906182 PH work/zpu_config 1345058312 PH work/zpupkg 1345058313 \
      PH work/zpuinopkg 1345058315
AR work/zpuino_timers/behave 1345058379 \
      FL /mnt/scratch/ZPUino-HDL/zpu/hdl/zpuino/zpuino_timers.vhd \
      EN work/zpuino_timers 1345058378 CP timer
FL /mnt/scratch/ZPUino-HDL/zpu/hdl/zpuino/zpuino_top.vhd 2012/08/14.01:34:12 P.28xd
EN work/zpuino_top 1345058370 \
      FL /mnt/scratch/ZPUino-HDL/zpu/hdl/zpuino/zpuino_top.vhd \
      PB ieee/std_logic_1164 1341906176 PB ieee/NUMERIC_STD 1341906182 \
      PH work/zpu_config 1345058312 PH work/zpupkg 1345058313 PH work/zpuinopkg 1345058315 \
      PH work/zpuino_config 1345058314 PH work/wishbonepkg 1345058326
AR work/zpuino_top/behave 1345058371 \
      FL /mnt/scratch/ZPUino-HDL/zpu/hdl/zpuino/zpuino_top.vhd EN work/zpuino_top 1345058370 \
      CP zpu_core_extreme CP zpuino_stack CP wb_rom_ram CP zpuino_debug_core \
      CP zpuino_io CP wbmux2 CP wbarb2_1
FL /mnt/scratch/ZPUino-HDL/zpu/hdl/zpuino/zpuino_uart.vhd 2012/08/14.01:34:12 P.28xd
EN work/zpuino_uart 1345058374 \
      FL /mnt/scratch/ZPUino-HDL/zpu/hdl/zpuino/zpuino_uart.vhd \
      PB ieee/std_logic_1164 1341906176 PB ieee/NUMERIC_STD 1341906182 \
      PH work/zpu_config 1345058312 PH work/zpupkg 1345058313 PH work/zpuinopkg 1345058315
AR work/zpuino_uart/behave 1345058375 \
      FL /mnt/scratch/ZPUino-HDL/zpu/hdl/zpuino/zpuino_uart.vhd \
      EN work/zpuino_uart 1345058374 CP zpuino_uart_rx CP TxUnit CP uart_brgen \
      CP fifo
FL /mnt/scratch/ZPUino-HDL/zpu/hdl/zpuino/zpuino_uart_mv_filter.vhd 2012/08/14.01:34:12 P.28xd
EN work/zpuino_uart_mv_filter 1345058320 \
      FL /mnt/scratch/ZPUino-HDL/zpu/hdl/zpuino/zpuino_uart_mv_filter.vhd \
      PB ieee/std_logic_1164 1341906176 PB ieee/NUMERIC_STD 1341906182 \
      PH work/zpu_config 1345058312 PH work/zpupkg 1345058313 PH work/zpuinopkg 1345058315
AR work/zpuino_uart_mv_filter/behave 1345058321 \
      FL /mnt/scratch/ZPUino-HDL/zpu/hdl/zpuino/zpuino_uart_mv_filter.vhd \
      EN work/zpuino_uart_mv_filter 1345058320
FL /mnt/scratch/ZPUino-HDL/zpu/hdl/zpuino/zpuino_uart_rx.vhd 2012/08/14.01:34:12 P.28xd
EN work/zpuino_uart_rx 1345058333 \
      FL /mnt/scratch/ZPUino-HDL/zpu/hdl/zpuino/zpuino_uart_rx.vhd \
      PB ieee/std_logic_1164 1341906176 PB ieee/NUMERIC_STD 1341906182 \
      PH work/zpu_config 1345058312 PH work/zpupkg 1345058313 PH work/zpuinopkg 1345058315
AR work/zpuino_uart_rx/behave 1345058334 \
      FL /mnt/scratch/ZPUino-HDL/zpu/hdl/zpuino/zpuino_uart_rx.vhd \
      EN work/zpuino_uart_rx 1345058333 CP zpuino_uart_mv_filter CP uart_brgen
FL /mnt/scratch/ZPUino-HDL/zpu/hdl/zpuino/zpupkg.vhd 2012/08/14.01:34:12 P.28xd
PH work/zpupkg 1345058313 FL /mnt/scratch/ZPUino-HDL/zpu/hdl/zpuino/zpupkg.vhd \
      PB ieee/std_logic_1164 1341906176 PB ieee/NUMERIC_STD 1341906182 CD trace \
      CD zpu_core_extreme PH work/zpu_config 1345058312
FL /mnt/scratch/ZPUino-HDL/zpu/hdl/zpuino/zpu_core_extreme.vhd 2012/08/14.01:34:12 P.28xd
EN work/zpu_core_extreme 1345058343 \
      FL /mnt/scratch/ZPUino-HDL/zpu/hdl/zpuino/zpu_core_extreme.vhd \
      PB ieee/std_logic_1164 1341906176 PB ieee/NUMERIC_STD 1341906182 \
      PH work/wishbonepkg 1345058326 PH work/zpu_config 1345058312 PH work/zpupkg 1345058313
AR work/zpu_core_extreme/behave 1345058344 \
      FL /mnt/scratch/ZPUino-HDL/zpu/hdl/zpuino/zpu_core_extreme.vhd \
      EN work/zpu_core_extreme 1345058343 CP lshifter CP trace
