EN zpuino_uart_mv_filter NULL /mnt/scratch/ZPUino-HDL/zpu/hdl/zpuino/zpuino_uart_mv_filter.vhd sub00/vhpl18 1345180451
EN zpuino_io_ym2149 NULL /mnt/scratch/ZPUino-HDL/zpu/hdl/zpuino/contrib/zpuino_YM2149_linmix.vhd sub00/vhpl75 1345180508
AR uart_brgen behave /mnt/scratch/ZPUino-HDL/zpu/hdl/zpuino/uart_brgen.vhd sub00/vhpl07 1345180440
AR spi behave /mnt/scratch/ZPUino-HDL/zpu/hdl/zpuino/spi.vhd sub00/vhpl15 1345180448
AR zpuino_gpio behave /mnt/scratch/ZPUino-HDL/zpu/hdl/zpuino/zpuino_gpio.vhd sub00/vhpl35 1345180468
AR wb_rom_ram behave /mnt/scratch/ZPUino-HDL/zpu/hdl/zpuino/wb_rom_ram.vhd sub00/vhpl60 1345180493
EN wb_rom_ram NULL /mnt/scratch/ZPUino-HDL/zpu/hdl/zpuino/wb_rom_ram.vhd sub00/vhpl59 1345180492
AR zpuino_sigmadelta behave /mnt/scratch/ZPUino-HDL/zpu/hdl/zpuino/zpuino_sigmadelta.vhd sub00/vhpl31 1345180464
AR zpuino_io behave /mnt/scratch/ZPUino-HDL/zpu/hdl/zpuino/zpuino_io.vhd sub00/vhpl47 1345180480
EN lshifter NULL /mnt/scratch/ZPUino-HDL/zpu/hdl/zpuino/shifter.vhd sub00/vhpl53 1345180486
EN pwm_sddac NULL /mnt/scratch/ZPUino-HDL/zpu/hdl/zpuino/contrib/NetSID/src/sid_components.vhd sub00/vhpl79 1345180512
AR wb_sid6581 rtl /mnt/scratch/ZPUino-HDL/zpu/hdl/zpuino/contrib/NetSID/src/wb_sid6581.vhd sub00/vhpl78 1345180511
AR jtag_chain behave /mnt/scratch/ZPUino-HDL/zpu/hdl/zpuino/jtag_chain.vhd sub00/vhpl72 1345180505
AR txunit behaviour /mnt/scratch/ZPUino-HDL/zpu/hdl/zpuino/tx_unit.vhd sub00/vhpl09 1345180442
EN zpuino_debug_core NULL /mnt/scratch/ZPUino-HDL/zpu/hdl/zpuino/zpuino_debug_core.vhd sub00/vhpl67 1345180500
AR sid_voice behavioral /mnt/scratch/ZPUino-HDL/zpu/hdl/zpuino/contrib/NetSID/src/sid_voice.vhd sub00/vhpl84 1345180517
EN txunit NULL /mnt/scratch/ZPUino-HDL/zpu/hdl/zpuino/tx_unit.vhd sub00/vhpl08 1345180441
AR zpuino_top behave /mnt/scratch/ZPUino-HDL/zpu/hdl/zpuino/zpuino_top.vhd sub00/vhpl50 1345180483
EN jtag_chain NULL /mnt/scratch/ZPUino-HDL/zpu/hdl/zpuino/jtag_chain.vhd sub00/vhpl71 1345180504
AR zpu_core_extreme behave /mnt/scratch/ZPUino-HDL/zpu/hdl/zpuino/zpu_core_extreme.vhd sub00/vhpl58 1345180491
AR pwm_sdadc rtl /mnt/scratch/ZPUino-HDL/zpu/hdl/zpuino/contrib/NetSID/src/sid_components.vhd sub00/vhpl82 1345180515
EN zpuino_intr NULL /mnt/scratch/ZPUino-HDL/zpu/hdl/zpuino/zpuino_intr.vhd sub00/vhpl32 1345180465
PH zpuino_config NULL /mnt/scratch/ZPUino-HDL/zpu/hdl/zpuino/boards/papilio_one/s3e500/zpuino_config.vhd sub00/vhpl02 1345180435
EN wbmux2 NULL /mnt/scratch/ZPUino-HDL/zpu/hdl/zpuino/wbmux2.vhd sub00/vhpl61 1345180494
AR zpuino_uart_rx behave /mnt/scratch/ZPUino-HDL/zpu/hdl/zpuino/zpuino_uart_rx.vhd sub00/vhpl17 1345180450
AR zpuino_debug_spartan3e behave /mnt/scratch/ZPUino-HDL/zpu/hdl/zpuino/zpuino_debug_spartan3e.vhd sub00/vhpl66 1345180499
AR multiplier behave /mnt/scratch/ZPUino-HDL/zpu/hdl/zpuino/mult.vhd sub00/vhpl56 1345180489
AR spiclkgen behave /mnt/scratch/ZPUino-HDL/zpu/hdl/zpuino/spiclkgen.vhd sub00/vhpl13 1345180446
EN zpuino_uart NULL /mnt/scratch/ZPUino-HDL/zpu/hdl/zpuino/zpuino_uart.vhd sub00/vhpl24 1345180457
EN spi NULL /mnt/scratch/ZPUino-HDL/zpu/hdl/zpuino/spi.vhd sub00/vhpl14 1345180447
EN zpuino_io NULL /mnt/scratch/ZPUino-HDL/zpu/hdl/zpuino/zpuino_io.vhd sub00/vhpl46 1345180479
AR lshifter behave /mnt/scratch/ZPUino-HDL/zpu/hdl/zpuino/shifter.vhd sub00/vhpl54 1345180487
EN zpuino_crc16 NULL /mnt/scratch/ZPUino-HDL/zpu/hdl/zpuino/zpuino_crc16.vhd sub00/vhpl38 1345180471
AR wbarb2_1 behave /mnt/scratch/ZPUino-HDL/zpu/hdl/zpuino/wbarb2_1.vhd sub00/vhpl64 1345180497
EN multiplier NULL /mnt/scratch/ZPUino-HDL/zpu/hdl/zpuino/mult.vhd sub00/vhpl55 1345180488
EN zpuino_empty_device NULL /mnt/scratch/ZPUino-HDL/zpu/hdl/zpuino/zpuino_empty_device.vhd sub00/vhpl42 1345180475
AR prom_generic_dualport behave /mnt/scratch/ZPUino-HDL/zpu/hdl/zpuino/boards/papilio_one/s3e500/variants/hyperion/prom-generic-dp-32.vhd sub00/vhpl23 1345180456
AR zpuino_timers behave /mnt/scratch/ZPUino-HDL/zpu/hdl/zpuino/zpuino_timers.vhd sub00/vhpl27 1345180460
AR zpuino_io_ym2149 rtl /mnt/scratch/ZPUino-HDL/zpu/hdl/zpuino/contrib/zpuino_YM2149_linmix.vhd sub00/vhpl76 1345180509
AR fifo behave /mnt/scratch/ZPUino-HDL/zpu/hdl/zpuino/fifo.vhd sub00/vhpl21 1345180454
AR simple_sigmadelta behave /mnt/scratch/ZPUino-HDL/zpu/hdl/zpuino/contrib/simple_sigmadelta.vhd sub00/vhpl74 1345180507
EN zpuino_debug_spartan3e NULL /mnt/scratch/ZPUino-HDL/zpu/hdl/zpuino/zpuino_debug_spartan3e.vhd sub00/vhpl65 1345180498
EN simple_sigmadelta NULL /mnt/scratch/ZPUino-HDL/zpu/hdl/zpuino/contrib/simple_sigmadelta.vhd sub00/vhpl73 1345180506
EN zpuino_uart_rx NULL /mnt/scratch/ZPUino-HDL/zpu/hdl/zpuino/zpuino_uart_rx.vhd sub00/vhpl16 1345180449
EN dualport_ram NULL /mnt/scratch/ZPUino-HDL/zpu/hdl/zpuino/dualport_ram.vhd sub00/vhpl44 1345180477
PH zpuinopkg NULL /mnt/scratch/ZPUino-HDL/zpu/hdl/zpuino/zpuinopkg.vhd sub00/vhpl03 1345180436
AR pwm_sddac rtl /mnt/scratch/ZPUino-HDL/zpu/hdl/zpuino/contrib/NetSID/src/sid_components.vhd sub00/vhpl80 1345180513
AR zpuino_debug_jtag behave /mnt/scratch/ZPUino-HDL/zpu/hdl/zpuino/zpuino_debug_jtag.vhd sub00/vhpl70 1345180503
EN zpuino_sigmadelta NULL /mnt/scratch/ZPUino-HDL/zpu/hdl/zpuino/zpuino_sigmadelta.vhd sub00/vhpl30 1345180463
AR zpuino_intr behave /mnt/scratch/ZPUino-HDL/zpu/hdl/zpuino/zpuino_intr.vhd sub00/vhpl33 1345180466
AR pulse behave /mnt/scratch/ZPUino-HDL/zpu/hdl/zpuino/pulse.vhd sub00/vhpl52 1345180485
EN zpuino_spi NULL /mnt/scratch/ZPUino-HDL/zpu/hdl/zpuino/zpuino_spi.vhd sub00/vhpl28 1345180461
AR zpuino_debug_core behave /mnt/scratch/ZPUino-HDL/zpu/hdl/zpuino/zpuino_debug_core.vhd sub00/vhpl68 1345180501
AR wbmux2 behave /mnt/scratch/ZPUino-HDL/zpu/hdl/zpuino/wbmux2.vhd sub00/vhpl62 1345180495
EN zpuino_timers NULL /mnt/scratch/ZPUino-HDL/zpu/hdl/zpuino/zpuino_timers.vhd sub00/vhpl26 1345180459
AR zpuino_uart_mv_filter behave /mnt/scratch/ZPUino-HDL/zpu/hdl/zpuino/zpuino_uart_mv_filter.vhd sub00/vhpl19 1345180452
PH zpupkg NULL /mnt/scratch/ZPUino-HDL/zpu/hdl/zpuino/zpupkg.vhd sub00/vhpl01 1345180434
EN prom_generic_dualport NULL /mnt/scratch/ZPUino-HDL/zpu/hdl/zpuino/boards/papilio_one/s3e500/variants/hyperion/prom-generic-dp-32.vhd sub00/vhpl22 1345180455
EN zpu_core_extreme NULL /mnt/scratch/ZPUino-HDL/zpu/hdl/zpuino/zpu_core_extreme.vhd sub00/vhpl57 1345180490
EN wbarb2_1 NULL /mnt/scratch/ZPUino-HDL/zpu/hdl/zpuino/wbarb2_1.vhd sub00/vhpl63 1345180496
AR zpuino_uart behave /mnt/scratch/ZPUino-HDL/zpu/hdl/zpuino/zpuino_uart.vhd sub00/vhpl25 1345180458
EN sid6581 NULL /mnt/scratch/ZPUino-HDL/zpu/hdl/zpuino/contrib/NetSID/src/sid_6581.vhd sub00/vhpl85 1345180518
AR zpuino_empty_device behave /mnt/scratch/ZPUino-HDL/zpu/hdl/zpuino/zpuino_empty_device.vhd sub00/vhpl43 1345180476
AR zpuino_adc behave /mnt/scratch/ZPUino-HDL/zpu/hdl/zpuino/zpuino_adc.vhd sub00/vhpl41 1345180474
EN zpuino_serialreset NULL /mnt/scratch/ZPUino-HDL/zpu/hdl/zpuino/zpuino_serialreset.vhd sub00/vhpl36 1345180469
AR dualport_ram behave /mnt/scratch/ZPUino-HDL/zpu/hdl/zpuino/dualport_ram.vhd sub00/vhpl45 1345180478
EN uart_brgen NULL /mnt/scratch/ZPUino-HDL/zpu/hdl/zpuino/uart_brgen.vhd sub00/vhpl06 1345180439
EN zpuino_top NULL /mnt/scratch/ZPUino-HDL/zpu/hdl/zpuino/zpuino_top.vhd sub00/vhpl49 1345180482
AR sid6581 behavioral /mnt/scratch/ZPUino-HDL/zpu/hdl/zpuino/contrib/NetSID/src/sid_6581.vhd sub00/vhpl86 1345180519
PH zpu_config NULL /mnt/scratch/ZPUino-HDL/zpu/hdl/zpuino/boards/papilio_one/s3e500/variants/hyperion/zpu_config.vhd sub00/vhpl00 1345180433
EN prescaler NULL /mnt/scratch/ZPUino-HDL/zpu/hdl/zpuino/prescaler.vhd sub00/vhpl04 1345180437
AR zpuino_serialreset behave /mnt/scratch/ZPUino-HDL/zpu/hdl/zpuino/zpuino_serialreset.vhd sub00/vhpl37 1345180470
AR zpuino_spi behave /mnt/scratch/ZPUino-HDL/zpu/hdl/zpuino/zpuino_spi.vhd sub00/vhpl29 1345180462
EN spiclkgen NULL /mnt/scratch/ZPUino-HDL/zpu/hdl/zpuino/spiclkgen.vhd sub00/vhpl12 1345180445
EN pwm_sdadc NULL /mnt/scratch/ZPUino-HDL/zpu/hdl/zpuino/contrib/NetSID/src/sid_components.vhd sub00/vhpl81 1345180514
EN sid_voice NULL /mnt/scratch/ZPUino-HDL/zpu/hdl/zpuino/contrib/NetSID/src/sid_voice.vhd sub00/vhpl83 1345180516
EN fifo NULL /mnt/scratch/ZPUino-HDL/zpu/hdl/zpuino/fifo.vhd sub00/vhpl20 1345180453
AR zpuino_crc16 behave /mnt/scratch/ZPUino-HDL/zpu/hdl/zpuino/zpuino_crc16.vhd sub00/vhpl39 1345180472
EN wb_sid6581 NULL /mnt/scratch/ZPUino-HDL/zpu/hdl/zpuino/contrib/NetSID/src/wb_sid6581.vhd sub00/vhpl77 1345180510
EN zpuino_debug_jtag NULL /mnt/scratch/ZPUino-HDL/zpu/hdl/zpuino/zpuino_debug_jtag.vhd sub00/vhpl69 1345180502
EN zpuino_gpio NULL /mnt/scratch/ZPUino-HDL/zpu/hdl/zpuino/zpuino_gpio.vhd sub00/vhpl34 1345180467
AR zpuino_vga_ram behave /mnt/scratch/ZPUino-HDL/zpu/hdl/zpuino/zpuino_vga_ram.vhd sub00/vhpl88 1345180521
EN zpuino_adc NULL /mnt/scratch/ZPUino-HDL/zpu/hdl/zpuino/zpuino_adc.vhd sub00/vhpl40 1345180473
EN zpuino_vga_ram NULL /mnt/scratch/ZPUino-HDL/zpu/hdl/zpuino/zpuino_vga_ram.vhd sub00/vhpl87 1345180520
EN pulse NULL /mnt/scratch/ZPUino-HDL/zpu/hdl/zpuino/pulse.vhd sub00/vhpl51 1345180484
EN timer NULL /mnt/scratch/ZPUino-HDL/zpu/hdl/zpuino/timer.vhd sub00/vhpl10 1345180443
AR prescaler behave /mnt/scratch/ZPUino-HDL/zpu/hdl/zpuino/prescaler.vhd sub00/vhpl05 1345180438
AR timer behave /mnt/scratch/ZPUino-HDL/zpu/hdl/zpuino/timer.vhd sub00/vhpl11 1345180444
PH wishbonepkg NULL /mnt/scratch/ZPUino-HDL/zpu/hdl/zpuino/wishbonepkg.vhd sub00/vhpl48 1345180481
