V3 232
EN work/zpuino_stack 0 \
      FL /mnt/scratch/ZPUino-HDL/zpu/hdl/zpuino/boards/papilio_one/s3e500/stack.vhd \
      PB ieee/std_logic_1164 1341906176 PB ieee/NUMERIC_STD 1341906182 LB unisim \
      PH unisim/VCOMPONENTS 1341906184 PH work/zpu_config 0 PH work/zpupkg 0
AR work/zpuino_stack/behave 0 \
      FL /mnt/scratch/ZPUino-HDL/zpu/hdl/zpuino/boards/papilio_one/s3e500/stack.vhd \
      EN work/zpuino_stack 0 CP RAMB16_S36_S36
EN work/clkgen 0 \
      FL /mnt/scratch/ZPUino-HDL/zpu/hdl/zpuino/boards/papilio_one/s3e500/variants/hyperion/clkgen.vhd \
      PB ieee/std_logic_1164 1341906176 PB ieee/STD_LOGIC_UNSIGNED 1341906179 \
      PB ieee/NUMERIC_STD 1341906182 LB unisim PH unisim/VCOMPONENTS 1341906184
AR work/clkgen/behave 0 \
      FL /mnt/scratch/ZPUino-HDL/zpu/hdl/zpuino/boards/papilio_one/s3e500/variants/hyperion/clkgen.vhd \
      EN work/clkgen 0 CP BUFG CP IBUFG CP DCM
EN work/papilio_one_top 0 \
      FL /mnt/scratch/ZPUino-HDL/zpu/hdl/zpuino/boards/papilio_one/s3e500/variants/hyperion/papilio_one_top.vhd \
      PB ieee/std_logic_1164 1341906176 PB ieee/NUMERIC_STD 1341906182 PH work/pad 0 \
      LB unisim PH unisim/VCOMPONENTS 1341906184 PH work/zpupkg 0 PH work/zpuinopkg 0 \
      PH work/zpuino_config 0 PH work/zpu_config 0
AR work/papilio_one_top/behave 0 \
      FL /mnt/scratch/ZPUino-HDL/zpu/hdl/zpuino/boards/papilio_one/s3e500/variants/hyperion/papilio_one_top.vhd \
      EN work/papilio_one_top 0 CP zpuino_serialreset CP clkgen CP zpuino_top \
      CP zpuino_spi CP zpuino_uart CP zpuino_gpio CP zpuino_timers \
      CP zpuino_sigmadelta CP zpuino_crc16 CP zpuino_empty_device CP zpuino_vga \
      CP wb_char_ram_8x8_sp CP zpuino_io_YM2149 CP simple_sigmadelta CP IOPAD \
      CP OPAD CP IPAD
EN work/prom_generic_dualport 0 \
      FL /mnt/scratch/ZPUino-HDL/zpu/hdl/zpuino/boards/papilio_one/s3e500/variants/hyperion/prom-generic-dp-32.vhd \
      PB ieee/std_logic_1164 1341906176 PB ieee/STD_LOGIC_UNSIGNED 1341906179 \
      PB ieee/NUMERIC_STD 1341906182
AR work/prom_generic_dualport/behave 0 \
      FL /mnt/scratch/ZPUino-HDL/zpu/hdl/zpuino/boards/papilio_one/s3e500/variants/hyperion/prom-generic-dp-32.vhd \
      EN work/prom_generic_dualport 0
PH work/zpu_config 0 \
      FL /mnt/scratch/ZPUino-HDL/zpu/hdl/zpuino/boards/papilio_one/s3e500/variants/hyperion/zpu_config.vhd \
      PB ieee/std_logic_1164 1341906176 PB ieee/STD_LOGIC_UNSIGNED 1341906179 \
      PB ieee/std_logic_arith 1341906177
PH work/zpuino_config 0 \
      FL /mnt/scratch/ZPUino-HDL/zpu/hdl/zpuino/boards/papilio_one/s3e500/zpuino_config.vhd \
      PB ieee/std_logic_1164 1341906176 PB ieee/STD_LOGIC_UNSIGNED 1341906179 \
      PB ieee/std_logic_arith 1341906177
EN work/sid6581 0 \
      FL /mnt/scratch/ZPUino-HDL/zpu/hdl/zpuino/contrib/NetSID/src/sid_6581.vhd \
      PB ieee/std_logic_1164 1341906176 PB ieee/STD_LOGIC_UNSIGNED 1341906179 \
      PB ieee/NUMERIC_STD 1341906182
AR work/sid6581/Behavioral 0 \
      FL /mnt/scratch/ZPUino-HDL/zpu/hdl/zpuino/contrib/NetSID/src/sid_6581.vhd \
      EN work/sid6581 0 CP pwm_sddac CP pwm_sdadc CP sid_voice
EN work/pwm_sddac 0 \
      FL /mnt/scratch/ZPUino-HDL/zpu/hdl/zpuino/contrib/NetSID/src/sid_components.vhd \
      PB ieee/std_logic_1164 1341906176 PB ieee/STD_LOGIC_UNSIGNED 1341906179 \
      PB ieee/NUMERIC_STD 1341906182
AR work/pwm_sddac/rtl 0 \
      FL /mnt/scratch/ZPUino-HDL/zpu/hdl/zpuino/contrib/NetSID/src/sid_components.vhd \
      EN work/pwm_sddac 0
EN work/pwm_sdadc 0 \
      FL /mnt/scratch/ZPUino-HDL/zpu/hdl/zpuino/contrib/NetSID/src/sid_components.vhd \
      PB ieee/std_logic_1164 1341906176 PB ieee/STD_LOGIC_UNSIGNED 1341906179 \
      PB ieee/NUMERIC_STD 1341906182
AR work/pwm_sdadc/rtl 0 \
      FL /mnt/scratch/ZPUino-HDL/zpu/hdl/zpuino/contrib/NetSID/src/sid_components.vhd \
      EN work/pwm_sdadc 0
EN work/sid_voice 0 \
      FL /mnt/scratch/ZPUino-HDL/zpu/hdl/zpuino/contrib/NetSID/src/sid_voice.vhd \
      PB ieee/std_logic_1164 1341906176 PB ieee/STD_LOGIC_UNSIGNED 1341906179 \
      PB ieee/NUMERIC_STD 1341906182
AR work/sid_voice/Behavioral 0 \
      FL /mnt/scratch/ZPUino-HDL/zpu/hdl/zpuino/contrib/NetSID/src/sid_voice.vhd \
      EN work/sid_voice 0
EN work/wb_sid6581 0 \
      FL /mnt/scratch/ZPUino-HDL/zpu/hdl/zpuino/contrib/NetSID/src/wb_sid6581.vhd \
      PB ieee/std_logic_1164 1341906176 PB ieee/STD_LOGIC_UNSIGNED 1341906179 \
      PB ieee/NUMERIC_STD 1341906182 PH work/zpuino_config 0 PH work/zpu_config 0 \
      PH work/zpupkg 0
AR work/wb_sid6581/rtl 0 \
      FL /mnt/scratch/ZPUino-HDL/zpu/hdl/zpuino/contrib/NetSID/src/wb_sid6581.vhd \
      EN work/wb_sid6581 0 CP sid6581
EN work/simple_sigmadelta 0 \
      FL /mnt/scratch/ZPUino-HDL/zpu/hdl/zpuino/contrib/simple_sigmadelta.vhd \
      PB ieee/std_logic_1164 1341906176 PB ieee/NUMERIC_STD 1341906182
AR work/simple_sigmadelta/behave 0 \
      FL /mnt/scratch/ZPUino-HDL/zpu/hdl/zpuino/contrib/simple_sigmadelta.vhd \
      EN work/simple_sigmadelta 0
EN work/zpuino_io_YM2149 0 \
      FL /mnt/scratch/ZPUino-HDL/zpu/hdl/zpuino/contrib/zpuino_YM2149_linmix.vhd \
      PB ieee/std_logic_1164 1341906176 PB ieee/std_logic_arith 1341906177 \
      PB ieee/STD_LOGIC_UNSIGNED 1341906179 PH work/zpuino_config 0 \
      PH work/zpu_config 0 PH work/zpupkg 0
AR work/zpuino_io_YM2149/RTL 0 \
      FL /mnt/scratch/ZPUino-HDL/zpu/hdl/zpuino/contrib/zpuino_YM2149_linmix.vhd \
      EN work/zpuino_io_YM2149 0
EN work/dualport_ram 0 FL /mnt/scratch/ZPUino-HDL/zpu/hdl/zpuino/dualport_ram.vhd \
      PB ieee/std_logic_1164 1341906176 PB ieee/NUMERIC_STD 1341906182 \
      PB ieee/STD_LOGIC_UNSIGNED 1341906179 PH work/zpupkg 0
AR work/dualport_ram/behave 0 \
      FL /mnt/scratch/ZPUino-HDL/zpu/hdl/zpuino/dualport_ram.vhd \
      EN work/dualport_ram 0 CP prom_generic_dualport
EN work/fifo 0 FL /mnt/scratch/ZPUino-HDL/zpu/hdl/zpuino/fifo.vhd \
      PB ieee/std_logic_1164 1341906176 PB ieee/NUMERIC_STD 1341906182 \
      PB ieee/STD_LOGIC_UNSIGNED 1341906179
AR work/fifo/behave 0 \
      FL /mnt/scratch/ZPUino-HDL/zpu/hdl/zpuino/fifo.vhd EN work/fifo 0
EN work/generic_dp_ram 0 \
      FL /mnt/scratch/ZPUino-HDL/zpu/hdl/zpuino/generic_dp_ram.vhd \
      PB ieee/std_logic_1164 1341906176 PB ieee/STD_LOGIC_UNSIGNED 1341906179 \
      PB ieee/NUMERIC_STD 1341906182
AR work/generic_dp_ram/behave 0 \
      FL /mnt/scratch/ZPUino-HDL/zpu/hdl/zpuino/generic_dp_ram.vhd \
      EN work/generic_dp_ram 0
EN work/jtag_chain 0 FL /mnt/scratch/ZPUino-HDL/zpu/hdl/zpuino/jtag_chain.vhd \
      PB ieee/std_logic_1164 1341906176 PB ieee/NUMERIC_STD 1341906182
AR work/jtag_chain/behave 0 \
      FL /mnt/scratch/ZPUino-HDL/zpu/hdl/zpuino/jtag_chain.vhd EN work/jtag_chain 0
EN work/multiplier 0 FL /mnt/scratch/ZPUino-HDL/zpu/hdl/zpuino/mult.vhd \
      PB ieee/std_logic_1164 1341906176 PB ieee/NUMERIC_STD 1341906182
AR work/multiplier/behave 0 \
      FL /mnt/scratch/ZPUino-HDL/zpu/hdl/zpuino/mult.vhd EN work/multiplier 0
PH work/pad 0 FL /mnt/scratch/ZPUino-HDL/zpu/hdl/zpuino/pad.vhd \
      PB ieee/std_logic_1164 1341906176 PB ieee/NUMERIC_STD 1341906182 LB unisim \
      PH unisim/VCOMPONENTS 1341906184 CD iopad CD ipad CD opad CD isync
EN work/isync 0 \
      FL /mnt/scratch/ZPUino-HDL/zpu/hdl/zpuino/pad.vhd PB ieee/std_logic_1164 1341906176 \
      PB ieee/NUMERIC_STD 1341906182 LB unisim PH unisim/VCOMPONENTS 1341906184
AR work/isync/behave 0 \
      FL /mnt/scratch/ZPUino-HDL/zpu/hdl/zpuino/pad.vhd EN work/isync 0 CP FD
EN work/iopad 0 \
      FL /mnt/scratch/ZPUino-HDL/zpu/hdl/zpuino/pad.vhd PB ieee/std_logic_1164 1341906176 \
      PB ieee/NUMERIC_STD 1341906182 PH work/pad 0 LB unisim PH unisim/VCOMPONENTS 1341906184
AR work/iopad/behave 0 \
      FL /mnt/scratch/ZPUino-HDL/zpu/hdl/zpuino/pad.vhd EN work/iopad 0 CP isync
EN work/ipad 0 \
      FL /mnt/scratch/ZPUino-HDL/zpu/hdl/zpuino/pad.vhd PB ieee/std_logic_1164 1341906176 \
      PB ieee/NUMERIC_STD 1341906182 PH work/pad 0 LB unisim PH unisim/VCOMPONENTS 1341906184
AR work/ipad/behave 0 \
      FL /mnt/scratch/ZPUino-HDL/zpu/hdl/zpuino/pad.vhd EN work/ipad 0 CP isync
EN work/opad 0 \
      FL /mnt/scratch/ZPUino-HDL/zpu/hdl/zpuino/pad.vhd PB ieee/std_logic_1164 1341906176 \
      PB ieee/NUMERIC_STD 1341906182 PH work/pad 0 LB unisim PH unisim/VCOMPONENTS 1341906184
AR work/opad/behave 0 \
      FL /mnt/scratch/ZPUino-HDL/zpu/hdl/zpuino/pad.vhd EN work/opad 0 CP OBUF
EN work/prescaler 0 FL /mnt/scratch/ZPUino-HDL/zpu/hdl/zpuino/prescaler.vhd \
      PB ieee/std_logic_1164 1341906176 PB ieee/STD_LOGIC_UNSIGNED 1341906179 \
      PB ieee/NUMERIC_STD 1341906182
AR work/prescaler/behave 0 \
      FL /mnt/scratch/ZPUino-HDL/zpu/hdl/zpuino/prescaler.vhd EN work/prescaler 0
EN work/pulse 0 FL /mnt/scratch/ZPUino-HDL/zpu/hdl/zpuino/pulse.vhd \
      PB ieee/std_logic_1164 1341906176 PB ieee/NUMERIC_STD 1341906182
AR work/pulse/behave 0 \
      FL /mnt/scratch/ZPUino-HDL/zpu/hdl/zpuino/pulse.vhd EN work/pulse 0
EN work/lshifter 0 FL /mnt/scratch/ZPUino-HDL/zpu/hdl/zpuino/shifter.vhd \
      PB ieee/std_logic_1164 1341906176 PB ieee/NUMERIC_STD 1341906182
AR work/lshifter/behave 0 \
      FL /mnt/scratch/ZPUino-HDL/zpu/hdl/zpuino/shifter.vhd EN work/lshifter 0
EN work/spi 0 FL /mnt/scratch/ZPUino-HDL/zpu/hdl/zpuino/spi.vhd \
      PB ieee/std_logic_1164 1341906176 PB ieee/NUMERIC_STD 1341906182
AR work/spi/behave 0 \
      FL /mnt/scratch/ZPUino-HDL/zpu/hdl/zpuino/spi.vhd EN work/spi 0
EN work/spiclkgen 0 FL /mnt/scratch/ZPUino-HDL/zpu/hdl/zpuino/spiclkgen.vhd \
      PB ieee/std_logic_1164 1341906176 PB ieee/NUMERIC_STD 1341906182
AR work/spiclkgen/behave 0 \
      FL /mnt/scratch/ZPUino-HDL/zpu/hdl/zpuino/spiclkgen.vhd EN work/spiclkgen 0 \
      CP prescaler
EN work/timer 0 FL /mnt/scratch/ZPUino-HDL/zpu/hdl/zpuino/timer.vhd \
      PB ieee/std_logic_1164 1341906176 PB ieee/STD_LOGIC_UNSIGNED 1341906179 \
      PB ieee/NUMERIC_STD 1341906182 PH work/zpu_config 0 PH work/zpupkg 0 \
      PH work/zpuinopkg 0
AR work/timer/behave 0 \
      FL /mnt/scratch/ZPUino-HDL/zpu/hdl/zpuino/timer.vhd EN work/timer 0 \
      CP prescaler
EN work/TxUnit 0 FL /mnt/scratch/ZPUino-HDL/zpu/hdl/zpuino/tx_unit.vhd \
      PB ieee/std_logic_1164 1341906176
AR work/TxUnit/Behaviour 0 \
      FL /mnt/scratch/ZPUino-HDL/zpu/hdl/zpuino/tx_unit.vhd EN work/TxUnit 0
EN work/uart_brgen 0 FL /mnt/scratch/ZPUino-HDL/zpu/hdl/zpuino/uart_brgen.vhd \
      PB ieee/std_logic_1164 1341906176 PB ieee/STD_LOGIC_UNSIGNED 1341906179
AR work/uart_brgen/behave 0 \
      FL /mnt/scratch/ZPUino-HDL/zpu/hdl/zpuino/uart_brgen.vhd EN work/uart_brgen 0
EN work/wbarb2_1 0 FL /mnt/scratch/ZPUino-HDL/zpu/hdl/zpuino/wbarb2_1.vhd \
      PB ieee/std_logic_1164 1341906176 PB ieee/NUMERIC_STD 1341906182 \
      PB ieee/STD_LOGIC_UNSIGNED 1341906179 PH work/zpu_config 0
AR work/wbarb2_1/behave 0 \
      FL /mnt/scratch/ZPUino-HDL/zpu/hdl/zpuino/wbarb2_1.vhd EN work/wbarb2_1 0
EN work/wbmux2 0 FL /mnt/scratch/ZPUino-HDL/zpu/hdl/zpuino/wbmux2.vhd \
      PB ieee/std_logic_1164 1341906176 PB ieee/NUMERIC_STD 1341906182 \
      PB ieee/STD_LOGIC_UNSIGNED 1341906179 PH work/zpu_config 0
AR work/wbmux2/behave 0 \
      FL /mnt/scratch/ZPUino-HDL/zpu/hdl/zpuino/wbmux2.vhd EN work/wbmux2 0
EN work/wb_rom_ram 0 FL /mnt/scratch/ZPUino-HDL/zpu/hdl/zpuino/wb_rom_ram.vhd \
      PB ieee/std_logic_1164 1341906176 PB ieee/NUMERIC_STD 1341906182 \
      PH work/zpu_config 0 PH work/zpupkg 0 PH work/zpuinopkg 0 \
      PH work/zpuino_config 0 PH work/wishbonepkg 0
AR work/wb_rom_ram/behave 0 \
      FL /mnt/scratch/ZPUino-HDL/zpu/hdl/zpuino/wb_rom_ram.vhd EN work/wb_rom_ram 0 \
      CP dualport_ram
PH work/wishbonepkg 0 FL /mnt/scratch/ZPUino-HDL/zpu/hdl/zpuino/wishbonepkg.vhd \
      PB ieee/std_logic_1164 1341906176 PB ieee/NUMERIC_STD 1341906182
PH work/zpuinopkg 0 FL /mnt/scratch/ZPUino-HDL/zpu/hdl/zpuino/zpuinopkg.vhd \
      PB ieee/std_logic_1164 1341906176 PB ieee/NUMERIC_STD 1341906182 \
      CD zpuino_top CD zpuino_io CD zpuino_empty_device CD zpuino_spi CD zpuino_uart \
      CD zpuino_gpio CD zpuino_timers CD zpuino_intr CD zpuino_sigmadelta \
      CD zpuino_crc16 CD zpuino_adc CD sram_ctrl PH work/zpu_config 0 PH work/zpupkg 0 \
      PH work/zpuino_config 0
EN work/zpuino_adc 0 FL /mnt/scratch/ZPUino-HDL/zpu/hdl/zpuino/zpuino_adc.vhd \
      PB ieee/std_logic_1164 1341906176 PB ieee/NUMERIC_STD 1341906182 LB unisim \
      PH unisim/VCOMPONENTS 1341906184 PH work/zpu_config 0 PH work/zpuino_config 0 \
      PH work/zpupkg 0 PH work/zpuinopkg 0
AR work/zpuino_adc/behave 0 \
      FL /mnt/scratch/ZPUino-HDL/zpu/hdl/zpuino/zpuino_adc.vhd EN work/zpuino_adc 0 \
      CP spi CP spiclkgen CP RAMB16_S9_S36 CP RAMB16_S18_S36
EN work/zpuino_crc16 0 FL /mnt/scratch/ZPUino-HDL/zpu/hdl/zpuino/zpuino_crc16.vhd \
      PB ieee/std_logic_1164 1341906176 PB ieee/NUMERIC_STD 1341906182 \
      PH work/zpu_config 0 PH work/zpupkg 0 PH work/zpuinopkg 0
AR work/zpuino_crc16/behave 0 \
      FL /mnt/scratch/ZPUino-HDL/zpu/hdl/zpuino/zpuino_crc16.vhd \
      EN work/zpuino_crc16 0
EN work/zpuino_debug_core 0 \
      FL /mnt/scratch/ZPUino-HDL/zpu/hdl/zpuino/zpuino_debug_core.vhd \
      PB ieee/std_logic_1164 1341906176 PB ieee/NUMERIC_STD 1341906182 \
      PH work/zpu_config 0 PH work/zpupkg 0 PH work/zpuinopkg 0 \
      PH work/zpuino_config 0
AR work/zpuino_debug_core/behave 0 \
      FL /mnt/scratch/ZPUino-HDL/zpu/hdl/zpuino/zpuino_debug_core.vhd \
      EN work/zpuino_debug_core 0
EN work/zpuino_debug_jtag 0 \
      FL /mnt/scratch/ZPUino-HDL/zpu/hdl/zpuino/zpuino_debug_jtag.vhd \
      PB ieee/std_logic_1164 1341906176 PB ieee/NUMERIC_STD 1341906182 \
      PH work/zpu_config 0 PH work/zpupkg 0 PH work/zpuinopkg 0 \
      PH work/zpuino_config 0
AR work/zpuino_debug_jtag/behave 0 \
      FL /mnt/scratch/ZPUino-HDL/zpu/hdl/zpuino/zpuino_debug_jtag.vhd \
      EN work/zpuino_debug_jtag 0
EN work/zpuino_debug_spartan3e 0 \
      FL /mnt/scratch/ZPUino-HDL/zpu/hdl/zpuino/zpuino_debug_spartan3e.vhd \
      PB ieee/std_logic_1164 1341906176 PB ieee/NUMERIC_STD 1341906182 LB unisim \
      PH unisim/VCOMPONENTS 1341906184 PH work/zpu_config 0 PH work/zpupkg 0 \
      PH work/zpuinopkg 0 PH work/zpuino_config 0
AR work/zpuino_debug_spartan3e/behave 0 \
      FL /mnt/scratch/ZPUino-HDL/zpu/hdl/zpuino/zpuino_debug_spartan3e.vhd \
      EN work/zpuino_debug_spartan3e 0
EN work/zpuino_empty_device 0 \
      FL /mnt/scratch/ZPUino-HDL/zpu/hdl/zpuino/zpuino_empty_device.vhd \
      PB ieee/std_logic_1164 1341906176 PB ieee/NUMERIC_STD 1341906182 \
      PH work/zpu_config 0 PH work/zpuino_config 0 PH work/zpupkg 0 \
      PH work/zpuinopkg 0
AR work/zpuino_empty_device/behave 0 \
      FL /mnt/scratch/ZPUino-HDL/zpu/hdl/zpuino/zpuino_empty_device.vhd \
      EN work/zpuino_empty_device 0
EN work/zpuino_gpio 0 FL /mnt/scratch/ZPUino-HDL/zpu/hdl/zpuino/zpuino_gpio.vhd \
      PB ieee/std_logic_1164 1341906176 PB ieee/NUMERIC_STD 1341906182 \
      PB ieee/STD_LOGIC_UNSIGNED 1341906179 PH work/zpu_config 0 PH work/zpupkg 0 \
      PH work/zpuinopkg 0 PH work/zpuino_config 0
AR work/zpuino_gpio/behave 0 \
      FL /mnt/scratch/ZPUino-HDL/zpu/hdl/zpuino/zpuino_gpio.vhd \
      EN work/zpuino_gpio 0
EN work/zpuino_intr 0 FL /mnt/scratch/ZPUino-HDL/zpu/hdl/zpuino/zpuino_intr.vhd \
      PB ieee/std_logic_1164 1341906176 PB ieee/NUMERIC_STD 1341906182 \
      PH work/zpu_config 0 PH work/zpupkg 0 PH work/zpuinopkg 0
AR work/zpuino_intr/behave 0 \
      FL /mnt/scratch/ZPUino-HDL/zpu/hdl/zpuino/zpuino_intr.vhd \
      EN work/zpuino_intr 0
EN work/zpuino_io 0 FL /mnt/scratch/ZPUino-HDL/zpu/hdl/zpuino/zpuino_io.vhd \
      PB ieee/std_logic_1164 1341906176 PB ieee/NUMERIC_STD 1341906182 \
      PH work/zpu_config 0 PH work/zpuino_config 0 PH work/zpupkg 0 \
      PH work/zpuinopkg 0
AR work/zpuino_io/behave 0 \
      FL /mnt/scratch/ZPUino-HDL/zpu/hdl/zpuino/zpuino_io.vhd EN work/zpuino_io 0 \
      CP zpuino_intr
EN work/zpuino_serialreset 0 \
      FL /mnt/scratch/ZPUino-HDL/zpu/hdl/zpuino/zpuino_serialreset.vhd \
      PB ieee/std_logic_1164 1341906176 PB ieee/NUMERIC_STD 1341906182 \
      PH work/zpu_config 0 PH work/zpupkg 0 PH work/zpuinopkg 0
AR work/zpuino_serialreset/behave 0 \
      FL /mnt/scratch/ZPUino-HDL/zpu/hdl/zpuino/zpuino_serialreset.vhd \
      EN work/zpuino_serialreset 0
EN work/zpuino_sigmadelta 0 \
      FL /mnt/scratch/ZPUino-HDL/zpu/hdl/zpuino/zpuino_sigmadelta.vhd \
      PB ieee/std_logic_1164 1341906176 PB ieee/NUMERIC_STD 1341906182 \
      PH work/zpupkg 0 PH work/zpu_config 0 PH work/zpuinopkg 0
AR work/zpuino_sigmadelta/behave 0 \
      FL /mnt/scratch/ZPUino-HDL/zpu/hdl/zpuino/zpuino_sigmadelta.vhd \
      EN work/zpuino_sigmadelta 0
EN work/zpuino_spi 0 FL /mnt/scratch/ZPUino-HDL/zpu/hdl/zpuino/zpuino_spi.vhd \
      PB ieee/std_logic_1164 1341906176 PB ieee/NUMERIC_STD 1341906182 \
      PH work/zpu_config 0 PH work/zpuino_config 0 PH work/zpupkg 0 \
      PH work/zpuinopkg 0
AR work/zpuino_spi/behave 0 \
      FL /mnt/scratch/ZPUino-HDL/zpu/hdl/zpuino/zpuino_spi.vhd EN work/zpuino_spi 0 \
      CP spi CP spiclkgen
EN work/zpuino_timers 0 \
      FL /mnt/scratch/ZPUino-HDL/zpu/hdl/zpuino/zpuino_timers.vhd \
      PB ieee/std_logic_1164 1341906176 PB ieee/STD_LOGIC_UNSIGNED 1341906179 \
      PB ieee/NUMERIC_STD 1341906182 PH work/zpu_config 0 PH work/zpupkg 0 \
      PH work/zpuinopkg 0
AR work/zpuino_timers/behave 0 \
      FL /mnt/scratch/ZPUino-HDL/zpu/hdl/zpuino/zpuino_timers.vhd \
      EN work/zpuino_timers 0 CP timer
EN work/zpuino_top 0 FL /mnt/scratch/ZPUino-HDL/zpu/hdl/zpuino/zpuino_top.vhd \
      PB ieee/std_logic_1164 1341906176 PB ieee/NUMERIC_STD 1341906182 \
      PH work/zpu_config 0 PH work/zpupkg 0 PH work/zpuinopkg 0 \
      PH work/zpuino_config 0 PH work/wishbonepkg 0
AR work/zpuino_top/behave 0 \
      FL /mnt/scratch/ZPUino-HDL/zpu/hdl/zpuino/zpuino_top.vhd EN work/zpuino_top 0 \
      CP zpu_core_extreme CP zpuino_stack CP wb_rom_ram CP zpuino_debug_core \
      CP zpuino_io CP wbmux2 CP wbarb2_1
EN work/zpuino_uart 0 FL /mnt/scratch/ZPUino-HDL/zpu/hdl/zpuino/zpuino_uart.vhd \
      PB ieee/std_logic_1164 1341906176 PB ieee/NUMERIC_STD 1341906182 \
      PH work/zpu_config 0 PH work/zpupkg 0 PH work/zpuinopkg 0
AR work/zpuino_uart/behave 0 \
      FL /mnt/scratch/ZPUino-HDL/zpu/hdl/zpuino/zpuino_uart.vhd \
      EN work/zpuino_uart 0 CP zpuino_uart_rx CP TxUnit CP uart_brgen CP fifo
EN work/zpuino_uart_mv_filter 0 \
      FL /mnt/scratch/ZPUino-HDL/zpu/hdl/zpuino/zpuino_uart_mv_filter.vhd \
      PB ieee/std_logic_1164 1341906176 PB ieee/NUMERIC_STD 1341906182 \
      PH work/zpu_config 0 PH work/zpupkg 0 PH work/zpuinopkg 0
AR work/zpuino_uart_mv_filter/behave 0 \
      FL /mnt/scratch/ZPUino-HDL/zpu/hdl/zpuino/zpuino_uart_mv_filter.vhd \
      EN work/zpuino_uart_mv_filter 0
EN work/zpuino_uart_rx 0 \
      FL /mnt/scratch/ZPUino-HDL/zpu/hdl/zpuino/zpuino_uart_rx.vhd \
      PB ieee/std_logic_1164 1341906176 PB ieee/NUMERIC_STD 1341906182 \
      PH work/zpu_config 0 PH work/zpupkg 0 PH work/zpuinopkg 0
AR work/zpuino_uart_rx/behave 0 \
      FL /mnt/scratch/ZPUino-HDL/zpu/hdl/zpuino/zpuino_uart_rx.vhd \
      EN work/zpuino_uart_rx 0 CP zpuino_uart_mv_filter CP uart_brgen
EN work/zpuino_vga 0 FL /mnt/scratch/ZPUino-HDL/zpu/hdl/zpuino/zpuino_vga.vhd \
      PB ieee/std_logic_1164 1341906176 PB ieee/NUMERIC_STD 1341906182 \
      PB ieee/STD_LOGIC_UNSIGNED 1341906179 LB unisim PH unisim/VCOMPONENTS 1341906184 \
      PH work/zpu_config 0 PH work/zpuino_config 0 PH work/zpupkg 0 \
      PH work/zpuinopkg 0
AR work/zpuino_vga/behave 0 \
      FL /mnt/scratch/ZPUino-HDL/zpu/hdl/zpuino/zpuino_vga.vhd EN work/zpuino_vga 0 \
      CP zpuino_vga_ram
EN work/zpuino_vga_ram 0 \
      FL /mnt/scratch/ZPUino-HDL/zpu/hdl/zpuino/zpuino_vga_ram.vhd \
      PB ieee/std_logic_1164 1341906176 PB ieee/NUMERIC_STD 1341906182 \
      PB ieee/STD_LOGIC_UNSIGNED 1341906179 PB ieee/std_logic_arith 1341906177 \
      PH work/zpu_config 0 PH work/zpuino_config 0 PH work/zpupkg 0 \
      PH work/zpuinopkg 0
AR work/zpuino_vga_ram/behave 0 \
      FL /mnt/scratch/ZPUino-HDL/zpu/hdl/zpuino/zpuino_vga_ram.vhd \
      EN work/zpuino_vga_ram 0 CP generic_dp_ram
PH work/zpupkg 0 FL /mnt/scratch/ZPUino-HDL/zpu/hdl/zpuino/zpupkg.vhd \
      PB ieee/std_logic_1164 1341906176 PB ieee/NUMERIC_STD 1341906182 CD trace \
      CD zpu_core_extreme PH work/zpu_config 0
EN work/zpu_core_extreme 0 \
      FL /mnt/scratch/ZPUino-HDL/zpu/hdl/zpuino/zpu_core_extreme.vhd \
      PB ieee/std_logic_1164 1341906176 PB ieee/NUMERIC_STD 1341906182 \
      PH work/zpu_config 0 PH work/zpupkg 0 PH work/wishbonepkg 0
AR work/zpu_core_extreme/behave 0 \
      FL /mnt/scratch/ZPUino-HDL/zpu/hdl/zpuino/zpu_core_extreme.vhd \
      EN work/zpu_core_extreme 0 CP lshifter CP trace
