V3 232
EN work/zpuino_stack 0 \
      FL /mnt/scratch/ZPUino-HDL/zpu/hdl/zpuino/boards/papilio_one/s3e500/stack.vhd \
      PB ieee/std_logic_1164 1341906176 PB ieee/NUMERIC_STD 1341906182 LB unisim \
      PH unisim/VCOMPONENTS 1341906184 PH work/zpu_config 1345198276 \
      PH work/zpupkg 1345198277
AR work/zpuino_stack/behave 0 \
      FL /mnt/scratch/ZPUino-HDL/zpu/hdl/zpuino/boards/papilio_one/s3e500/stack.vhd \
      EN work/zpuino_stack 0 CP RAMB16_S36_S36
EN work/clkgen 0 \
      FL /mnt/scratch/ZPUino-HDL/zpu/hdl/zpuino/boards/papilio_one/s3e500/variants/hyperion/clkgen.vhd \
      PB ieee/std_logic_1164 1341906176 PB ieee/STD_LOGIC_UNSIGNED 1341906179 \
      PB ieee/NUMERIC_STD 1341906182 LB unisim PH unisim/VCOMPONENTS 1341906184
AR work/clkgen/behave 0 \
      FL /mnt/scratch/ZPUino-HDL/zpu/hdl/zpuino/boards/papilio_one/s3e500/variants/hyperion/clkgen.vhd \
      EN work/clkgen 0 CP BUFG CP IBUFG CP DCM
EN work/papilio_one_top 0 \
      FL /mnt/scratch/ZPUino-HDL/zpu/hdl/zpuino/boards/papilio_one/s3e500/variants/hyperion/papilio_one_top.vhd \
      PB ieee/std_logic_1164 1341906176 PB ieee/NUMERIC_STD 1341906182 PH work/pad 0 \
      LB unisim PH unisim/VCOMPONENTS 1341906184 PH work/zpupkg 1345198277 \
      PH work/zpuinopkg 1345198279 PH work/zpuino_config 1345198278 \
      PH work/zpu_config 1345198276
AR work/papilio_one_top/behave 0 \
      FL /mnt/scratch/ZPUino-HDL/zpu/hdl/zpuino/boards/papilio_one/s3e500/variants/hyperion/papilio_one_top.vhd \
      EN work/papilio_one_top 0 CP zpuino_serialreset CP clkgen CP zpuino_top \
      CP zpuino_spi CP zpuino_uart CP zpuino_gpio CP zpuino_timers \
      CP zpuino_sigmadelta CP zpuino_crc16 CP zpuino_empty_device CP zpuino_vga \
      CP wb_char_ram_8x8_sp CP zpuino_io_YM2149 CP simple_sigmadelta CP IOPAD \
      CP OPAD CP IPAD
FL /mnt/scratch/ZPUino-HDL/zpu/hdl/zpuino/boards/papilio_one/s3e500/variants/hyperion/prom-generic-dp-32.vhd 2012/08/17.08:56:33 P.28xd
EN work/prom_generic_dualport 1345198298 \
      FL /mnt/scratch/ZPUino-HDL/zpu/hdl/zpuino/boards/papilio_one/s3e500/variants/hyperion/prom-generic-dp-32.vhd \
      PB ieee/std_logic_1164 1341906176 PB ieee/STD_LOGIC_UNSIGNED 1341906179 \
      PB ieee/NUMERIC_STD 1341906182
AR work/prom_generic_dualport/behave 1345198299 \
      FL /mnt/scratch/ZPUino-HDL/zpu/hdl/zpuino/boards/papilio_one/s3e500/variants/hyperion/prom-generic-dp-32.vhd \
      EN work/prom_generic_dualport 1345198298
FL /mnt/scratch/ZPUino-HDL/zpu/hdl/zpuino/boards/papilio_one/s3e500/variants/hyperion/zpu_config.vhd 2012/08/17.08:56:33 P.28xd
PH work/zpu_config 1345198276 \
      FL /mnt/scratch/ZPUino-HDL/zpu/hdl/zpuino/boards/papilio_one/s3e500/variants/hyperion/zpu_config.vhd \
      PB ieee/std_logic_1164 1341906176 PB ieee/STD_LOGIC_UNSIGNED 1341906179 \
      PB ieee/std_logic_arith 1341906177
FL /mnt/scratch/ZPUino-HDL/zpu/hdl/zpuino/boards/papilio_one/s3e500/zpuino_config.vhd 2012/08/14.01:34:11 P.28xd
PH work/zpuino_config 1345198278 \
      FL /mnt/scratch/ZPUino-HDL/zpu/hdl/zpuino/boards/papilio_one/s3e500/zpuino_config.vhd \
      PB ieee/std_logic_1164 1341906176 PB ieee/STD_LOGIC_UNSIGNED 1341906179 \
      PB ieee/std_logic_arith 1341906177
FL /mnt/scratch/ZPUino-HDL/zpu/hdl/zpuino/contrib/NetSID/src/sid_6581.vhd 2012/08/14.01:34:11 P.28xd
EN work/sid6581 1345198361 \
      FL /mnt/scratch/ZPUino-HDL/zpu/hdl/zpuino/contrib/NetSID/src/sid_6581.vhd \
      PB ieee/std_logic_1164 1341906176 PB ieee/STD_LOGIC_UNSIGNED 1341906179 \
      PB ieee/NUMERIC_STD 1341906182
AR work/sid6581/Behavioral 1345198362 \
      FL /mnt/scratch/ZPUino-HDL/zpu/hdl/zpuino/contrib/NetSID/src/sid_6581.vhd \
      EN work/sid6581 1345198361 CP pwm_sddac CP pwm_sdadc CP sid_voice
FL /mnt/scratch/ZPUino-HDL/zpu/hdl/zpuino/contrib/NetSID/src/sid_components.vhd 2012/08/14.01:34:11 P.28xd
EN work/pwm_sddac 1345198355 \
      FL /mnt/scratch/ZPUino-HDL/zpu/hdl/zpuino/contrib/NetSID/src/sid_components.vhd \
      PB ieee/std_logic_1164 1341906176 PB ieee/STD_LOGIC_UNSIGNED 1341906179 \
      PB ieee/NUMERIC_STD 1341906182
AR work/pwm_sddac/rtl 1345198356 \
      FL /mnt/scratch/ZPUino-HDL/zpu/hdl/zpuino/contrib/NetSID/src/sid_components.vhd \
      EN work/pwm_sddac 1345198355
EN work/pwm_sdadc 1345198357 \
      FL /mnt/scratch/ZPUino-HDL/zpu/hdl/zpuino/contrib/NetSID/src/sid_components.vhd \
      PB ieee/std_logic_1164 1341906176 PB ieee/STD_LOGIC_UNSIGNED 1341906179 \
      PB ieee/NUMERIC_STD 1341906182
AR work/pwm_sdadc/rtl 1345198358 \
      FL /mnt/scratch/ZPUino-HDL/zpu/hdl/zpuino/contrib/NetSID/src/sid_components.vhd \
      EN work/pwm_sdadc 1345198357
FL /mnt/scratch/ZPUino-HDL/zpu/hdl/zpuino/contrib/NetSID/src/sid_voice.vhd 2012/08/14.01:34:11 P.28xd
EN work/sid_voice 1345198359 \
      FL /mnt/scratch/ZPUino-HDL/zpu/hdl/zpuino/contrib/NetSID/src/sid_voice.vhd \
      PB ieee/std_logic_1164 1341906176 PB ieee/STD_LOGIC_UNSIGNED 1341906179 \
      PB ieee/NUMERIC_STD 1341906182
AR work/sid_voice/Behavioral 1345198360 \
      FL /mnt/scratch/ZPUino-HDL/zpu/hdl/zpuino/contrib/NetSID/src/sid_voice.vhd \
      EN work/sid_voice 1345198359
FL /mnt/scratch/ZPUino-HDL/zpu/hdl/zpuino/contrib/NetSID/src/wb_sid6581.vhd 2012/08/14.01:34:11 P.28xd
EN work/wb_sid6581 1345198353 \
      FL /mnt/scratch/ZPUino-HDL/zpu/hdl/zpuino/contrib/NetSID/src/wb_sid6581.vhd \
      PB ieee/std_logic_1164 1341906176 PB ieee/STD_LOGIC_UNSIGNED 1341906179 \
      PB ieee/NUMERIC_STD 1341906182 PH work/zpuino_config 1345198278 \
      PH work/zpu_config 1345198276 PH work/zpupkg 1345198277
AR work/wb_sid6581/rtl 1345198354 \
      FL /mnt/scratch/ZPUino-HDL/zpu/hdl/zpuino/contrib/NetSID/src/wb_sid6581.vhd \
      EN work/wb_sid6581 1345198353 CP sid6581
FL /mnt/scratch/ZPUino-HDL/zpu/hdl/zpuino/contrib/simple_sigmadelta.vhd 2012/08/14.01:34:11 P.28xd
EN work/simple_sigmadelta 1345198349 \
      FL /mnt/scratch/ZPUino-HDL/zpu/hdl/zpuino/contrib/simple_sigmadelta.vhd \
      PB ieee/std_logic_1164 1341906176 PB ieee/NUMERIC_STD 1341906182
AR work/simple_sigmadelta/behave 1345198350 \
      FL /mnt/scratch/ZPUino-HDL/zpu/hdl/zpuino/contrib/simple_sigmadelta.vhd \
      EN work/simple_sigmadelta 1345198349
FL /mnt/scratch/ZPUino-HDL/zpu/hdl/zpuino/contrib/zpuino_YM2149_linmix.vhd 2012/08/14.01:34:11 P.28xd
EN work/zpuino_io_YM2149 1345198351 \
      FL /mnt/scratch/ZPUino-HDL/zpu/hdl/zpuino/contrib/zpuino_YM2149_linmix.vhd \
      PB ieee/std_logic_1164 1341906176 PB ieee/std_logic_arith 1341906177 \
      PB ieee/STD_LOGIC_UNSIGNED 1341906179 PH work/zpuino_config 1345198278 \
      PH work/zpu_config 1345198276 PH work/zpupkg 1345198277
AR work/zpuino_io_YM2149/RTL 1345198352 \
      FL /mnt/scratch/ZPUino-HDL/zpu/hdl/zpuino/contrib/zpuino_YM2149_linmix.vhd \
      EN work/zpuino_io_YM2149 1345198351
FL /mnt/scratch/ZPUino-HDL/zpu/hdl/zpuino/dualport_ram.vhd 2012/08/14.01:34:11 P.28xd
EN work/dualport_ram 1345198320 \
      FL /mnt/scratch/ZPUino-HDL/zpu/hdl/zpuino/dualport_ram.vhd \
      PB ieee/std_logic_1164 1341906176 PB ieee/NUMERIC_STD 1341906182 \
      PB ieee/STD_LOGIC_UNSIGNED 1341906179 PH work/zpupkg 1345198277
AR work/dualport_ram/behave 1345198321 \
      FL /mnt/scratch/ZPUino-HDL/zpu/hdl/zpuino/dualport_ram.vhd \
      EN work/dualport_ram 1345198320 CP prom_generic_dualport
FL /mnt/scratch/ZPUino-HDL/zpu/hdl/zpuino/fifo.vhd 2012/08/14.01:34:11 P.28xd
EN work/fifo 1345198296 FL /mnt/scratch/ZPUino-HDL/zpu/hdl/zpuino/fifo.vhd \
      PB ieee/std_logic_1164 1341906176 PB ieee/NUMERIC_STD 1341906182 \
      PB ieee/STD_LOGIC_UNSIGNED 1341906179
AR work/fifo/behave 1345198297 \
      FL /mnt/scratch/ZPUino-HDL/zpu/hdl/zpuino/fifo.vhd EN work/fifo 1345198296
EN work/generic_dp_ram 0 \
      FL /mnt/scratch/ZPUino-HDL/zpu/hdl/zpuino/generic_dp_ram.vhd \
      PB ieee/std_logic_1164 1341906176 PB ieee/STD_LOGIC_UNSIGNED 1341906179 \
      PB ieee/NUMERIC_STD 1341906182
AR work/generic_dp_ram/behave 0 \
      FL /mnt/scratch/ZPUino-HDL/zpu/hdl/zpuino/generic_dp_ram.vhd \
      EN work/generic_dp_ram 0
FL /mnt/scratch/ZPUino-HDL/zpu/hdl/zpuino/jtag_chain.vhd 2012/08/14.01:34:12 P.28xd
EN work/jtag_chain 1345198347 \
      FL /mnt/scratch/ZPUino-HDL/zpu/hdl/zpuino/jtag_chain.vhd \
      PB ieee/std_logic_1164 1341906176 PB ieee/NUMERIC_STD 1341906182
AR work/jtag_chain/behave 1345198348 \
      FL /mnt/scratch/ZPUino-HDL/zpu/hdl/zpuino/jtag_chain.vhd EN work/jtag_chain 1345198347
FL /mnt/scratch/ZPUino-HDL/zpu/hdl/zpuino/mult.vhd 2012/08/14.01:34:12 P.28xd
EN work/multiplier 1345198331 FL /mnt/scratch/ZPUino-HDL/zpu/hdl/zpuino/mult.vhd \
      PB ieee/std_logic_1164 1341906176 PB ieee/NUMERIC_STD 1341906182
AR work/multiplier/behave 1345198332 \
      FL /mnt/scratch/ZPUino-HDL/zpu/hdl/zpuino/mult.vhd EN work/multiplier 1345198331
PH work/pad 0 FL /mnt/scratch/ZPUino-HDL/zpu/hdl/zpuino/pad.vhd \
      PB ieee/std_logic_1164 1341906176 PB ieee/NUMERIC_STD 1341906182 LB unisim \
      PH unisim/VCOMPONENTS 1341906184 CD iopad CD ipad CD opad CD isync
EN work/isync 0 \
      FL /mnt/scratch/ZPUino-HDL/zpu/hdl/zpuino/pad.vhd PB ieee/std_logic_1164 1341906176 \
      PB ieee/NUMERIC_STD 1341906182 LB unisim PH unisim/VCOMPONENTS 1341906184
AR work/isync/behave 0 \
      FL /mnt/scratch/ZPUino-HDL/zpu/hdl/zpuino/pad.vhd EN work/isync 0 CP FD
EN work/iopad 0 \
      FL /mnt/scratch/ZPUino-HDL/zpu/hdl/zpuino/pad.vhd PB ieee/std_logic_1164 1341906176 \
      PB ieee/NUMERIC_STD 1341906182 PH work/pad 0 LB unisim PH unisim/VCOMPONENTS 1341906184
AR work/iopad/behave 0 \
      FL /mnt/scratch/ZPUino-HDL/zpu/hdl/zpuino/pad.vhd EN work/iopad 0 CP isync
EN work/ipad 0 \
      FL /mnt/scratch/ZPUino-HDL/zpu/hdl/zpuino/pad.vhd PB ieee/std_logic_1164 1341906176 \
      PB ieee/NUMERIC_STD 1341906182 PH work/pad 0 LB unisim PH unisim/VCOMPONENTS 1341906184
AR work/ipad/behave 0 \
      FL /mnt/scratch/ZPUino-HDL/zpu/hdl/zpuino/pad.vhd EN work/ipad 0 CP isync
EN work/opad 0 \
      FL /mnt/scratch/ZPUino-HDL/zpu/hdl/zpuino/pad.vhd PB ieee/std_logic_1164 1341906176 \
      PB ieee/NUMERIC_STD 1341906182 PH work/pad 0 LB unisim PH unisim/VCOMPONENTS 1341906184
AR work/opad/behave 0 \
      FL /mnt/scratch/ZPUino-HDL/zpu/hdl/zpuino/pad.vhd EN work/opad 0 CP OBUF
FL /mnt/scratch/ZPUino-HDL/zpu/hdl/zpuino/prescaler.vhd 2012/08/14.01:34:12 P.28xd
EN work/prescaler 1345198280 \
      FL /mnt/scratch/ZPUino-HDL/zpu/hdl/zpuino/prescaler.vhd \
      PB ieee/std_logic_1164 1341906176 PB ieee/STD_LOGIC_UNSIGNED 1341906179 \
      PB ieee/NUMERIC_STD 1341906182
AR work/prescaler/behave 1345198281 \
      FL /mnt/scratch/ZPUino-HDL/zpu/hdl/zpuino/prescaler.vhd EN work/prescaler 1345198280
FL /mnt/scratch/ZPUino-HDL/zpu/hdl/zpuino/pulse.vhd 2012/08/14.01:34:12 P.28xd
EN work/pulse 1345198327 FL /mnt/scratch/ZPUino-HDL/zpu/hdl/zpuino/pulse.vhd \
      PB ieee/std_logic_1164 1341906176 PB ieee/NUMERIC_STD 1341906182
AR work/pulse/behave 1345198328 \
      FL /mnt/scratch/ZPUino-HDL/zpu/hdl/zpuino/pulse.vhd EN work/pulse 1345198327
FL /mnt/scratch/ZPUino-HDL/zpu/hdl/zpuino/shifter.vhd 2012/08/14.01:34:12 P.28xd
EN work/lshifter 1345198329 FL /mnt/scratch/ZPUino-HDL/zpu/hdl/zpuino/shifter.vhd \
      PB ieee/std_logic_1164 1341906176 PB ieee/NUMERIC_STD 1341906182
AR work/lshifter/behave 1345198330 \
      FL /mnt/scratch/ZPUino-HDL/zpu/hdl/zpuino/shifter.vhd EN work/lshifter 1345198329
FL /mnt/scratch/ZPUino-HDL/zpu/hdl/zpuino/spi.vhd 2012/08/14.01:34:12 P.28xd
EN work/spi 1345198290 FL /mnt/scratch/ZPUino-HDL/zpu/hdl/zpuino/spi.vhd \
      PB ieee/std_logic_1164 1341906176 PB ieee/NUMERIC_STD 1341906182
AR work/spi/behave 1345198291 \
      FL /mnt/scratch/ZPUino-HDL/zpu/hdl/zpuino/spi.vhd EN work/spi 1345198290
FL /mnt/scratch/ZPUino-HDL/zpu/hdl/zpuino/spiclkgen.vhd 2012/08/14.01:34:12 P.28xd
EN work/spiclkgen 1345198288 \
      FL /mnt/scratch/ZPUino-HDL/zpu/hdl/zpuino/spiclkgen.vhd \
      PB ieee/std_logic_1164 1341906176 PB ieee/NUMERIC_STD 1341906182
AR work/spiclkgen/behave 1345198289 \
      FL /mnt/scratch/ZPUino-HDL/zpu/hdl/zpuino/spiclkgen.vhd EN work/spiclkgen 1345198288 \
      CP prescaler
FL /mnt/scratch/ZPUino-HDL/zpu/hdl/zpuino/timer.vhd 2012/08/17.08:56:33 P.28xd
EN work/timer 1345198286 FL /mnt/scratch/ZPUino-HDL/zpu/hdl/zpuino/timer.vhd \
      PB ieee/std_logic_1164 1341906176 PB ieee/STD_LOGIC_UNSIGNED 1341906179 \
      PB ieee/NUMERIC_STD 1341906182 PH work/zpu_config 1345198276 PH work/zpupkg 1345198277 \
      PH work/zpuinopkg 1345198279
AR work/timer/behave 1345198287 \
      FL /mnt/scratch/ZPUino-HDL/zpu/hdl/zpuino/timer.vhd EN work/timer 1345198286 \
      CP prescaler
FL /mnt/scratch/ZPUino-HDL/zpu/hdl/zpuino/tx_unit.vhd 2012/08/14.01:34:12 P.28xd
EN work/TxUnit 1345198284 FL /mnt/scratch/ZPUino-HDL/zpu/hdl/zpuino/tx_unit.vhd \
      PB ieee/std_logic_1164 1341906176
AR work/TxUnit/Behaviour 1345198285 \
      FL /mnt/scratch/ZPUino-HDL/zpu/hdl/zpuino/tx_unit.vhd EN work/TxUnit 1345198284
FL /mnt/scratch/ZPUino-HDL/zpu/hdl/zpuino/uart_brgen.vhd 2012/08/14.01:34:12 P.28xd
EN work/uart_brgen 1345198282 \
      FL /mnt/scratch/ZPUino-HDL/zpu/hdl/zpuino/uart_brgen.vhd \
      PB ieee/std_logic_1164 1341906176 PB ieee/STD_LOGIC_UNSIGNED 1341906179
AR work/uart_brgen/behave 1345198283 \
      FL /mnt/scratch/ZPUino-HDL/zpu/hdl/zpuino/uart_brgen.vhd EN work/uart_brgen 1345198282
FL /mnt/scratch/ZPUino-HDL/zpu/hdl/zpuino/wbarb2_1.vhd 2012/08/14.01:34:12 P.28xd
EN work/wbarb2_1 1345198339 \
      FL /mnt/scratch/ZPUino-HDL/zpu/hdl/zpuino/wbarb2_1.vhd \
      PB ieee/std_logic_1164 1341906176 PB ieee/NUMERIC_STD 1341906182 \
      PB ieee/STD_LOGIC_UNSIGNED 1341906179 PH work/zpu_config 1345198276
AR work/wbarb2_1/behave 1345198340 \
      FL /mnt/scratch/ZPUino-HDL/zpu/hdl/zpuino/wbarb2_1.vhd EN work/wbarb2_1 1345198339
FL /mnt/scratch/ZPUino-HDL/zpu/hdl/zpuino/wbmux2.vhd 2012/08/14.01:34:12 P.28xd
EN work/wbmux2 1345198337 FL /mnt/scratch/ZPUino-HDL/zpu/hdl/zpuino/wbmux2.vhd \
      PB ieee/std_logic_1164 1341906176 PB ieee/NUMERIC_STD 1341906182 \
      PB ieee/STD_LOGIC_UNSIGNED 1341906179 PH work/zpu_config 1345198276
AR work/wbmux2/behave 1345198338 \
      FL /mnt/scratch/ZPUino-HDL/zpu/hdl/zpuino/wbmux2.vhd EN work/wbmux2 1345198337
FL /mnt/scratch/ZPUino-HDL/zpu/hdl/zpuino/wb_rom_ram.vhd 2012/08/14.01:34:12 P.28xd
EN work/wb_rom_ram 1345198335 \
      FL /mnt/scratch/ZPUino-HDL/zpu/hdl/zpuino/wb_rom_ram.vhd \
      PB ieee/std_logic_1164 1341906176 PB ieee/NUMERIC_STD 1341906182 \
      PH work/zpu_config 1345198276 PH work/zpupkg 1345198277 PH work/zpuinopkg 1345198279 \
      PH work/zpuino_config 1345198278 PH work/wishbonepkg 1345198324
AR work/wb_rom_ram/behave 1345198336 \
      FL /mnt/scratch/ZPUino-HDL/zpu/hdl/zpuino/wb_rom_ram.vhd EN work/wb_rom_ram 1345198335 \
      CP dualport_ram
FL /mnt/scratch/ZPUino-HDL/zpu/hdl/zpuino/wishbonepkg.vhd 2012/08/14.01:34:12 P.28xd
PH work/wishbonepkg 1345198324 \
      FL /mnt/scratch/ZPUino-HDL/zpu/hdl/zpuino/wishbonepkg.vhd \
      PB ieee/std_logic_1164 1341906176 PB ieee/NUMERIC_STD 1341906182
FL /mnt/scratch/ZPUino-HDL/zpu/hdl/zpuino/zpuinopkg.vhd 2012/08/14.01:34:12 P.28xd
PH work/zpuinopkg 1345198279 \
      FL /mnt/scratch/ZPUino-HDL/zpu/hdl/zpuino/zpuinopkg.vhd \
      PB ieee/std_logic_1164 1341906176 PB ieee/NUMERIC_STD 1341906182 \
      CD zpuino_top CD zpuino_io CD zpuino_empty_device CD zpuino_spi CD zpuino_uart \
      CD zpuino_gpio CD zpuino_timers CD zpuino_intr CD zpuino_sigmadelta \
      CD zpuino_crc16 CD zpuino_adc CD sram_ctrl PH work/zpu_config 1345198276 \
      PH work/zpupkg 1345198277 PH work/zpuino_config 1345198278
FL /mnt/scratch/ZPUino-HDL/zpu/hdl/zpuino/zpuino_adc.vhd 2012/08/14.01:34:12 P.28xd
EN work/zpuino_adc 1345198316 \
      FL /mnt/scratch/ZPUino-HDL/zpu/hdl/zpuino/zpuino_adc.vhd \
      PB ieee/std_logic_1164 1341906176 PB ieee/NUMERIC_STD 1341906182 LB unisim \
      PH unisim/VCOMPONENTS 1341906184 PH work/zpu_config 1345198276 \
      PH work/zpuino_config 1345198278 PH work/zpupkg 1345198277 PH work/zpuinopkg 1345198279
AR work/zpuino_adc/behave 1345198317 \
      FL /mnt/scratch/ZPUino-HDL/zpu/hdl/zpuino/zpuino_adc.vhd EN work/zpuino_adc 1345198316 \
      CP spi CP spiclkgen CP RAMB16_S9_S36 CP RAMB16_S18_S36
FL /mnt/scratch/ZPUino-HDL/zpu/hdl/zpuino/zpuino_crc16.vhd 2012/08/17.08:56:33 P.28xd
EN work/zpuino_crc16 1345198314 \
      FL /mnt/scratch/ZPUino-HDL/zpu/hdl/zpuino/zpuino_crc16.vhd \
      PB ieee/std_logic_1164 1341906176 PB ieee/NUMERIC_STD 1341906182 \
      PH work/zpu_config 1345198276 PH work/zpupkg 1345198277 PH work/zpuinopkg 1345198279
AR work/zpuino_crc16/behave 1345198315 \
      FL /mnt/scratch/ZPUino-HDL/zpu/hdl/zpuino/zpuino_crc16.vhd \
      EN work/zpuino_crc16 1345198314
FL /mnt/scratch/ZPUino-HDL/zpu/hdl/zpuino/zpuino_debug_core.vhd 2012/08/14.01:34:12 P.28xd
EN work/zpuino_debug_core 1345198343 \
      FL /mnt/scratch/ZPUino-HDL/zpu/hdl/zpuino/zpuino_debug_core.vhd \
      PB ieee/std_logic_1164 1341906176 PB ieee/NUMERIC_STD 1341906182 \
      PH work/zpu_config 1345198276 PH work/zpupkg 1345198277 PH work/zpuinopkg 1345198279 \
      PH work/zpuino_config 1345198278
AR work/zpuino_debug_core/behave 1345198344 \
      FL /mnt/scratch/ZPUino-HDL/zpu/hdl/zpuino/zpuino_debug_core.vhd \
      EN work/zpuino_debug_core 1345198343
FL /mnt/scratch/ZPUino-HDL/zpu/hdl/zpuino/zpuino_debug_jtag.vhd 2012/08/14.01:34:12 P.28xd
EN work/zpuino_debug_jtag 1345198345 \
      FL /mnt/scratch/ZPUino-HDL/zpu/hdl/zpuino/zpuino_debug_jtag.vhd \
      PB ieee/std_logic_1164 1341906176 PB ieee/NUMERIC_STD 1341906182 \
      PH work/zpu_config 1345198276 PH work/zpupkg 1345198277 PH work/zpuinopkg 1345198279 \
      PH work/zpuino_config 1345198278
AR work/zpuino_debug_jtag/behave 1345198346 \
      FL /mnt/scratch/ZPUino-HDL/zpu/hdl/zpuino/zpuino_debug_jtag.vhd \
      EN work/zpuino_debug_jtag 1345198345
FL /mnt/scratch/ZPUino-HDL/zpu/hdl/zpuino/zpuino_debug_spartan3e.vhd 2012/08/14.01:34:12 P.28xd
EN work/zpuino_debug_spartan3e 1345198341 \
      FL /mnt/scratch/ZPUino-HDL/zpu/hdl/zpuino/zpuino_debug_spartan3e.vhd \
      PB ieee/std_logic_1164 1341906176 PB ieee/NUMERIC_STD 1341906182 LB unisim \
      PH unisim/VCOMPONENTS 1341906184 PH work/zpu_config 1345198276 \
      PH work/zpupkg 1345198277 PH work/zpuinopkg 1345198279 PH work/zpuino_config 1345198278
AR work/zpuino_debug_spartan3e/behave 1345198342 \
      FL /mnt/scratch/ZPUino-HDL/zpu/hdl/zpuino/zpuino_debug_spartan3e.vhd \
      EN work/zpuino_debug_spartan3e 1345198341
FL /mnt/scratch/ZPUino-HDL/zpu/hdl/zpuino/zpuino_empty_device.vhd 2012/08/14.01:34:12 P.28xd
EN work/zpuino_empty_device 1345198318 \
      FL /mnt/scratch/ZPUino-HDL/zpu/hdl/zpuino/zpuino_empty_device.vhd \
      PB ieee/std_logic_1164 1341906176 PB ieee/NUMERIC_STD 1341906182 \
      PH work/zpu_config 1345198276 PH work/zpuino_config 1345198278 \
      PH work/zpupkg 1345198277 PH work/zpuinopkg 1345198279
AR work/zpuino_empty_device/behave 1345198319 \
      FL /mnt/scratch/ZPUino-HDL/zpu/hdl/zpuino/zpuino_empty_device.vhd \
      EN work/zpuino_empty_device 1345198318
FL /mnt/scratch/ZPUino-HDL/zpu/hdl/zpuino/zpuino_gpio.vhd 2012/08/14.01:34:12 P.28xd
EN work/zpuino_gpio 1345198310 \
      FL /mnt/scratch/ZPUino-HDL/zpu/hdl/zpuino/zpuino_gpio.vhd \
      PB ieee/std_logic_1164 1341906176 PB ieee/NUMERIC_STD 1341906182 \
      PB ieee/STD_LOGIC_UNSIGNED 1341906179 PH work/zpu_config 1345198276 \
      PH work/zpupkg 1345198277 PH work/zpuinopkg 1345198279 PH work/zpuino_config 1345198278
AR work/zpuino_gpio/behave 1345198311 \
      FL /mnt/scratch/ZPUino-HDL/zpu/hdl/zpuino/zpuino_gpio.vhd \
      EN work/zpuino_gpio 1345198310
FL /mnt/scratch/ZPUino-HDL/zpu/hdl/zpuino/zpuino_intr.vhd 2012/08/17.08:56:33 P.28xd
EN work/zpuino_intr 1345198308 \
      FL /mnt/scratch/ZPUino-HDL/zpu/hdl/zpuino/zpuino_intr.vhd \
      PB ieee/std_logic_1164 1341906176 PB ieee/NUMERIC_STD 1341906182 \
      PH work/zpu_config 1345198276 PH work/zpupkg 1345198277 PH work/zpuinopkg 1345198279
AR work/zpuino_intr/behave 1345198309 \
      FL /mnt/scratch/ZPUino-HDL/zpu/hdl/zpuino/zpuino_intr.vhd \
      EN work/zpuino_intr 1345198308
FL /mnt/scratch/ZPUino-HDL/zpu/hdl/zpuino/zpuino_io.vhd 2012/08/14.01:34:12 P.28xd
EN work/zpuino_io 1345198322 \
      FL /mnt/scratch/ZPUino-HDL/zpu/hdl/zpuino/zpuino_io.vhd \
      PB ieee/std_logic_1164 1341906176 PB ieee/NUMERIC_STD 1341906182 \
      PH work/zpu_config 1345198276 PH work/zpuino_config 1345198278 \
      PH work/zpupkg 1345198277 PH work/zpuinopkg 1345198279
AR work/zpuino_io/behave 1345198323 \
      FL /mnt/scratch/ZPUino-HDL/zpu/hdl/zpuino/zpuino_io.vhd EN work/zpuino_io 1345198322 \
      CP zpuino_intr
FL /mnt/scratch/ZPUino-HDL/zpu/hdl/zpuino/zpuino_serialreset.vhd 2012/08/14.01:34:12 P.28xd
EN work/zpuino_serialreset 1345198312 \
      FL /mnt/scratch/ZPUino-HDL/zpu/hdl/zpuino/zpuino_serialreset.vhd \
      PB ieee/std_logic_1164 1341906176 PB ieee/NUMERIC_STD 1341906182 \
      PH work/zpu_config 1345198276 PH work/zpupkg 1345198277 PH work/zpuinopkg 1345198279
AR work/zpuino_serialreset/behave 1345198313 \
      FL /mnt/scratch/ZPUino-HDL/zpu/hdl/zpuino/zpuino_serialreset.vhd \
      EN work/zpuino_serialreset 1345198312
FL /mnt/scratch/ZPUino-HDL/zpu/hdl/zpuino/zpuino_sigmadelta.vhd 2012/08/14.01:34:12 P.28xd
EN work/zpuino_sigmadelta 1345198306 \
      FL /mnt/scratch/ZPUino-HDL/zpu/hdl/zpuino/zpuino_sigmadelta.vhd \
      PB ieee/std_logic_1164 1341906176 PB ieee/NUMERIC_STD 1341906182 \
      PH work/zpupkg 1345198277 PH work/zpu_config 1345198276 PH work/zpuinopkg 1345198279
AR work/zpuino_sigmadelta/behave 1345198307 \
      FL /mnt/scratch/ZPUino-HDL/zpu/hdl/zpuino/zpuino_sigmadelta.vhd \
      EN work/zpuino_sigmadelta 1345198306
FL /mnt/scratch/ZPUino-HDL/zpu/hdl/zpuino/zpuino_spi.vhd 2012/08/17.08:56:33 P.28xd
EN work/zpuino_spi 1345198304 \
      FL /mnt/scratch/ZPUino-HDL/zpu/hdl/zpuino/zpuino_spi.vhd \
      PB ieee/std_logic_1164 1341906176 PB ieee/NUMERIC_STD 1341906182 \
      PH work/zpu_config 1345198276 PH work/zpuino_config 1345198278 \
      PH work/zpupkg 1345198277 PH work/zpuinopkg 1345198279
AR work/zpuino_spi/behave 1345198305 \
      FL /mnt/scratch/ZPUino-HDL/zpu/hdl/zpuino/zpuino_spi.vhd EN work/zpuino_spi 1345198304 \
      CP spi CP spiclkgen
FL /mnt/scratch/ZPUino-HDL/zpu/hdl/zpuino/zpuino_timers.vhd 2012/08/14.01:34:12 P.28xd
EN work/zpuino_timers 1345198302 \
      FL /mnt/scratch/ZPUino-HDL/zpu/hdl/zpuino/zpuino_timers.vhd \
      PB ieee/std_logic_1164 1341906176 PB ieee/STD_LOGIC_UNSIGNED 1341906179 \
      PB ieee/NUMERIC_STD 1341906182 PH work/zpu_config 1345198276 PH work/zpupkg 1345198277 \
      PH work/zpuinopkg 1345198279
AR work/zpuino_timers/behave 1345198303 \
      FL /mnt/scratch/ZPUino-HDL/zpu/hdl/zpuino/zpuino_timers.vhd \
      EN work/zpuino_timers 1345198302 CP timer
FL /mnt/scratch/ZPUino-HDL/zpu/hdl/zpuino/zpuino_top.vhd 2012/08/14.01:34:12 P.28xd
EN work/zpuino_top 1345198325 \
      FL /mnt/scratch/ZPUino-HDL/zpu/hdl/zpuino/zpuino_top.vhd \
      PB ieee/std_logic_1164 1341906176 PB ieee/NUMERIC_STD 1341906182 \
      PH work/zpu_config 1345198276 PH work/zpupkg 1345198277 PH work/zpuinopkg 1345198279 \
      PH work/zpuino_config 1345198278 PH work/wishbonepkg 1345198324
AR work/zpuino_top/behave 1345198326 \
      FL /mnt/scratch/ZPUino-HDL/zpu/hdl/zpuino/zpuino_top.vhd EN work/zpuino_top 1345198325 \
      CP zpu_core_extreme CP zpuino_stack CP wb_rom_ram CP zpuino_debug_core \
      CP zpuino_io CP wbmux2 CP wbarb2_1
FL /mnt/scratch/ZPUino-HDL/zpu/hdl/zpuino/zpuino_uart.vhd 2012/08/17.08:56:33 P.28xd
EN work/zpuino_uart 1345198300 \
      FL /mnt/scratch/ZPUino-HDL/zpu/hdl/zpuino/zpuino_uart.vhd \
      PB ieee/std_logic_1164 1341906176 PB ieee/NUMERIC_STD 1341906182 \
      PH work/zpu_config 1345198276 PH work/zpupkg 1345198277 PH work/zpuinopkg 1345198279
AR work/zpuino_uart/behave 1345198301 \
      FL /mnt/scratch/ZPUino-HDL/zpu/hdl/zpuino/zpuino_uart.vhd \
      EN work/zpuino_uart 1345198300 CP zpuino_uart_rx CP TxUnit CP uart_brgen \
      CP fifo
FL /mnt/scratch/ZPUino-HDL/zpu/hdl/zpuino/zpuino_uart_mv_filter.vhd 2012/08/14.01:34:12 P.28xd
EN work/zpuino_uart_mv_filter 1345198294 \
      FL /mnt/scratch/ZPUino-HDL/zpu/hdl/zpuino/zpuino_uart_mv_filter.vhd \
      PB ieee/std_logic_1164 1341906176 PB ieee/NUMERIC_STD 1341906182 \
      PH work/zpu_config 1345198276 PH work/zpupkg 1345198277 PH work/zpuinopkg 1345198279
AR work/zpuino_uart_mv_filter/behave 1345198295 \
      FL /mnt/scratch/ZPUino-HDL/zpu/hdl/zpuino/zpuino_uart_mv_filter.vhd \
      EN work/zpuino_uart_mv_filter 1345198294
FL /mnt/scratch/ZPUino-HDL/zpu/hdl/zpuino/zpuino_uart_rx.vhd 2012/08/14.01:34:12 P.28xd
EN work/zpuino_uart_rx 1345198292 \
      FL /mnt/scratch/ZPUino-HDL/zpu/hdl/zpuino/zpuino_uart_rx.vhd \
      PB ieee/std_logic_1164 1341906176 PB ieee/NUMERIC_STD 1341906182 \
      PH work/zpu_config 1345198276 PH work/zpupkg 1345198277 PH work/zpuinopkg 1345198279
AR work/zpuino_uart_rx/behave 1345198293 \
      FL /mnt/scratch/ZPUino-HDL/zpu/hdl/zpuino/zpuino_uart_rx.vhd \
      EN work/zpuino_uart_rx 1345198292 CP zpuino_uart_mv_filter CP uart_brgen
EN work/zpuino_vga 0 FL /mnt/scratch/ZPUino-HDL/zpu/hdl/zpuino/zpuino_vga.vhd \
      PB ieee/std_logic_1164 1341906176 PB ieee/NUMERIC_STD 1341906182 \
      PB ieee/STD_LOGIC_UNSIGNED 1341906179 LB unisim PH unisim/VCOMPONENTS 1341906184 \
      PH work/zpu_config 1345198276 PH work/zpuino_config 1345198278 \
      PH work/zpupkg 1345198277 PH work/zpuinopkg 1345198279
AR work/zpuino_vga/behave 0 \
      FL /mnt/scratch/ZPUino-HDL/zpu/hdl/zpuino/zpuino_vga.vhd EN work/zpuino_vga 0 \
      CP zpuino_vga_ram
FL /mnt/scratch/ZPUino-HDL/zpu/hdl/zpuino/zpuino_vga_ram.vhd 2012/08/14.01:34:12 P.28xd
EN work/zpuino_vga_ram 1345198363 \
      FL /mnt/scratch/ZPUino-HDL/zpu/hdl/zpuino/zpuino_vga_ram.vhd \
      PB ieee/std_logic_1164 1341906176 PB ieee/NUMERIC_STD 1341906182 \
      PB ieee/STD_LOGIC_UNSIGNED 1341906179 PB ieee/std_logic_arith 1341906177 \
      PH work/zpu_config 1345198276 PH work/zpuino_config 1345198278 \
      PH work/zpupkg 1345198277 PH work/zpuinopkg 1345198279
AR work/zpuino_vga_ram/behave 1345198364 \
      FL /mnt/scratch/ZPUino-HDL/zpu/hdl/zpuino/zpuino_vga_ram.vhd \
      EN work/zpuino_vga_ram 1345198363 CP generic_dp_ram
FL /mnt/scratch/ZPUino-HDL/zpu/hdl/zpuino/zpupkg.vhd 2012/08/14.01:34:12 P.28xd
PH work/zpupkg 1345198277 FL /mnt/scratch/ZPUino-HDL/zpu/hdl/zpuino/zpupkg.vhd \
      PB ieee/std_logic_1164 1341906176 PB ieee/NUMERIC_STD 1341906182 CD trace \
      CD zpu_core_extreme PH work/zpu_config 1345198276
FL /mnt/scratch/ZPUino-HDL/zpu/hdl/zpuino/zpu_core_extreme.vhd 2012/08/14.01:34:12 P.28xd
EN work/zpu_core_extreme 1345198333 \
      FL /mnt/scratch/ZPUino-HDL/zpu/hdl/zpuino/zpu_core_extreme.vhd \
      PB ieee/std_logic_1164 1341906176 PB ieee/NUMERIC_STD 1341906182 \
      PH work/zpu_config 1345198276 PH work/zpupkg 1345198277 PH work/wishbonepkg 1345198324
AR work/zpu_core_extreme/behave 1345198334 \
      FL /mnt/scratch/ZPUino-HDL/zpu/hdl/zpuino/zpu_core_extreme.vhd \
      EN work/zpu_core_extreme 1345198333 CP lshifter CP trace
