EN zpuino_uart_mv_filter NULL /mnt/scratch/ZPUino-HDL/zpu/hdl/zpuino/zpuino_uart_mv_filter.vhd sub00/vhpl14 1346340372
EN vga_zxspectrum NULL /mnt/scratch/ZPUino-HDL/zpu/hdl/zpuino/vga_zxspectrum.vhd sub00/vhpl73 1346340431
EN generic_sp_ram NULL /mnt/scratch/ZPUino-HDL/zpu/hdl/zpuino/generic_sp_ram.vhd sub00/vhpl23 1346340381
AR uart_brgen behave /mnt/scratch/ZPUino-HDL/zpu/hdl/zpuino/uart_brgen.vhd sub00/vhpl17 1346340375
AR spi behave /mnt/scratch/ZPUino-HDL/zpu/hdl/zpuino/spi.vhd sub00/vhpl38 1346340396
AR gh_sram_1wp_2rp_sc a /mnt/scratch/ZPUino-HDL/zpu/hdl/zpuino/gh_vhdl_lib/memory/gh_sram_1wp_2rp_sc.vhd sub00/vhpl07 1346340365
AR zpuino_gpio behave /mnt/scratch/ZPUino-HDL/zpu/hdl/zpuino/zpuino_gpio.vhd sub00/vhpl66 1346340424
AR wb_rom_ram behave /mnt/scratch/ZPUino-HDL/zpu/hdl/zpuino/wb_rom_ram_extra.vhd sub00/vhpl46 1346340404
EN wb_rom_ram NULL /mnt/scratch/ZPUino-HDL/zpu/hdl/zpuino/wb_rom_ram_extra.vhd sub00/vhpl45 1346340403
AR generic_sp_ram behave /mnt/scratch/ZPUino-HDL/zpu/hdl/zpuino/generic_sp_ram.vhd sub00/vhpl24 1346340382
AR zpuino_sigmadelta behave /mnt/scratch/ZPUino-HDL/zpu/hdl/zpuino/zpuino_sigmadelta.vhd sub00/vhpl70 1346340428
AR gh_gray2binary a /mnt/scratch/ZPUino-HDL/zpu/hdl/zpuino/gh_vhdl_lib/custom_MSI/gh_gray2binary.vhd sub00/vhpl11 1346340369
AR zpuino_stack behave /mnt/scratch/ZPUino-HDL/zpu/hdl/zpuino/boards/papilio_one/s3e250/stack.vhd sub00/vhpl44 1346340402
AR zpuino_io behave /mnt/scratch/ZPUino-HDL/zpu/hdl/zpuino/zpuino_io.vhd sub00/vhpl50 1346340408
EN lshifter NULL /mnt/scratch/ZPUino-HDL/zpu/hdl/zpuino/shifter.vhd sub00/vhpl25 1346340383
AR jtag_chain behave /mnt/scratch/ZPUino-HDL/zpu/hdl/zpuino/jtag_chain.vhd sub00/vhpl91 1346340449
AR txunit behaviour /mnt/scratch/ZPUino-HDL/zpu/hdl/zpuino/tx_unit.vhd sub00/vhpl34 1346340392
EN zpuino_debug_core NULL /mnt/scratch/ZPUino-HDL/zpu/hdl/zpuino/zpuino_debug_core.vhd sub00/vhpl47 1346340405
EN txunit NULL /mnt/scratch/ZPUino-HDL/zpu/hdl/zpuino/tx_unit.vhd sub00/vhpl33 1346340391
AR vga_zxspectrum behave /mnt/scratch/ZPUino-HDL/zpu/hdl/zpuino/vga_zxspectrum.vhd sub00/vhpl74 1346340432
AR zpuino_top behave /mnt/scratch/ZPUino-HDL/zpu/hdl/zpuino/zpuino_top.vhd sub00/vhpl60 1346340418
EN jtag_chain NULL /mnt/scratch/ZPUino-HDL/zpu/hdl/zpuino/jtag_chain.vhd sub00/vhpl90 1346340448
AR zpu_core_extreme behave /mnt/scratch/ZPUino-HDL/zpu/hdl/zpuino/zpu_core_extreme.vhd sub00/vhpl42 1346340400
AR wb_char_ram_8x8 behave /mnt/scratch/ZPUino-HDL/zpu/hdl/zpuino/wb_char_ram_8x8.vhd sub00/vhpl95 1346340453
AR gh_binary2gray a /mnt/scratch/ZPUino-HDL/zpu/hdl/zpuino/gh_vhdl_lib/custom_MSI/gh_binary2gray.vhd sub00/vhpl09 1346340367
EN zpuino_intr NULL /mnt/scratch/ZPUino-HDL/zpu/hdl/zpuino/zpuino_intr.vhd sub00/vhpl18 1346340376
PH zpuino_config NULL /mnt/scratch/ZPUino-HDL/zpu/hdl/zpuino/boards/papilio_one/s3e250/zpuino_config.vhd sub00/vhpl02 1346340360
EN wbmux2 NULL /mnt/scratch/ZPUino-HDL/zpu/hdl/zpuino/wbmux2.vhd sub00/vhpl51 1346340409
AR zpuino_uart_rx behave /mnt/scratch/ZPUino-HDL/zpu/hdl/zpuino/zpuino_uart_rx.vhd sub00/vhpl32 1346340390
AR multiplier behave /mnt/scratch/ZPUino-HDL/zpu/hdl/zpuino/mult.vhd sub00/vhpl97 1346340455
AR zpuino_debug_spartan3e behave /mnt/scratch/ZPUino-HDL/zpu/hdl/zpuino/zpuino_debug_spartan3e.vhd sub00/vhpl93 1346340451
AR spiclkgen behave /mnt/scratch/ZPUino-HDL/zpu/hdl/zpuino/spiclkgen.vhd sub00/vhpl40 1346340398
EN zpuino_sevenseg NULL /mnt/scratch/ZPUino-HDL/zpu/hdl/zpuino/zpuino_sevenseg.vhd sub00/vhpl75 1346340433
EN zpuino_uart NULL /mnt/scratch/ZPUino-HDL/zpu/hdl/zpuino/zpuino_uart.vhd sub00/vhpl63 1346340421
EN spi NULL /mnt/scratch/ZPUino-HDL/zpu/hdl/zpuino/spi.vhd sub00/vhpl37 1346340395
EN gh_fifo_async_rrd_sr_wf NULL /mnt/scratch/ZPUino-HDL/zpu/hdl/zpuino/gh_vhdl_lib/memory/gh_fifo_async_rrd_sr_wf.vhd sub00/vhpl27 1346340385
EN zpuino_io NULL /mnt/scratch/ZPUino-HDL/zpu/hdl/zpuino/zpuino_io.vhd sub00/vhpl49 1346340407
AR lshifter behave /mnt/scratch/ZPUino-HDL/zpu/hdl/zpuino/shifter.vhd sub00/vhpl26 1346340384
EN zpuino_crc16 NULL /mnt/scratch/ZPUino-HDL/zpu/hdl/zpuino/zpuino_crc16.vhd sub00/vhpl71 1346340429
AR wbarb2_1 behave /mnt/scratch/ZPUino-HDL/zpu/hdl/zpuino/wbarb2_1.vhd sub00/vhpl54 1346340412
EN multiplier NULL /mnt/scratch/ZPUino-HDL/zpu/hdl/zpuino/mult.vhd sub00/vhpl96 1346340454
EN zpuino_empty_device NULL /mnt/scratch/ZPUino-HDL/zpu/hdl/zpuino/zpuino_empty_device.vhd sub00/vhpl77 1346340435
AR isync behave /mnt/scratch/ZPUino-HDL/zpu/hdl/zpuino/pad.vhd sub00/vhpl81 1346340439
EN wb_char_ram_8x8 NULL /mnt/scratch/ZPUino-HDL/zpu/hdl/zpuino/wb_char_ram_8x8.vhd sub00/vhpl94 1346340452
AR prom_generic_dualport behave /mnt/scratch/ZPUino-HDL/zpu/hdl/zpuino/boards/papilio_one/s3e250/variants/vgazx_and_logicstart/prom-generic-dp-32.vhd sub00/vhpl05 1346340363
AR zpuino_timers behave /mnt/scratch/ZPUino-HDL/zpu/hdl/zpuino/zpuino_timers.vhd sub00/vhpl68 1346340426
EN gh_binary2gray NULL /mnt/scratch/ZPUino-HDL/zpu/hdl/zpuino/gh_vhdl_lib/custom_MSI/gh_binary2gray.vhd sub00/vhpl08 1346340366
EN opad NULL /mnt/scratch/ZPUino-HDL/zpu/hdl/zpuino/pad.vhd sub00/vhpl86 1346340444
AR zpuino_sevenseg behave /mnt/scratch/ZPUino-HDL/zpu/hdl/zpuino/zpuino_sevenseg.vhd sub00/vhpl76 1346340434
AR papilio_one_top behave /mnt/scratch/ZPUino-HDL/zpu/hdl/zpuino/boards/papilio_one/s3e250/variants/vgazx_and_logicstart/papilio_one_top.vhd sub00/vhpl89 1346340447
EN iopad NULL /mnt/scratch/ZPUino-HDL/zpu/hdl/zpuino/pad.vhd sub00/vhpl82 1346340440
AR fifo behave /mnt/scratch/ZPUino-HDL/zpu/hdl/zpuino/fifo.vhd sub00/vhpl36 1346340394
AR opad behave /mnt/scratch/ZPUino-HDL/zpu/hdl/zpuino/pad.vhd sub00/vhpl87 1346340445
EN zpuino_debug_spartan3e NULL /mnt/scratch/ZPUino-HDL/zpu/hdl/zpuino/zpuino_debug_spartan3e.vhd sub00/vhpl92 1346340450
EN zpuino_uart_rx NULL /mnt/scratch/ZPUino-HDL/zpu/hdl/zpuino/zpuino_uart_rx.vhd sub00/vhpl31 1346340389
EN dualport_ram NULL /mnt/scratch/ZPUino-HDL/zpu/hdl/zpuino/dualport_ram.vhd sub00/vhpl21 1346340379
PH pad NULL /mnt/scratch/ZPUino-HDL/zpu/hdl/zpuino/pad.vhd sub00/vhpl79 1346340437
EN isync NULL /mnt/scratch/ZPUino-HDL/zpu/hdl/zpuino/pad.vhd sub00/vhpl80 1346340438
EN ipad NULL /mnt/scratch/ZPUino-HDL/zpu/hdl/zpuino/pad.vhd sub00/vhpl84 1346340442
EN clkgen NULL /mnt/scratch/ZPUino-HDL/zpu/hdl/zpuino/boards/papilio_one/s3e250/variants/vgazx_and_logicstart/clkgen.vhd sub00/vhpl57 1346340415
PH zpuinopkg NULL /mnt/scratch/ZPUino-HDL/zpu/hdl/zpuino/zpuinopkg.vhd sub00/vhpl03 1346340361
AR zpuino_intr behave /mnt/scratch/ZPUino-HDL/zpu/hdl/zpuino/zpuino_intr.vhd sub00/vhpl19 1346340377
EN zpuino_sigmadelta NULL /mnt/scratch/ZPUino-HDL/zpu/hdl/zpuino/zpuino_sigmadelta.vhd sub00/vhpl69 1346340427
AR gh_fifo_async_rrd_sr_wf a /mnt/scratch/ZPUino-HDL/zpu/hdl/zpuino/gh_vhdl_lib/memory/gh_fifo_async_rrd_sr_wf.vhd sub00/vhpl28 1346340386
AR pulse behave /mnt/scratch/ZPUino-HDL/zpu/hdl/zpuino/pulse.vhd sub00/vhpl99 1346340457
AR zpuino_debug_core behave /mnt/scratch/ZPUino-HDL/zpu/hdl/zpuino/zpuino_debug_core.vhd sub00/vhpl48 1346340406
EN zpuino_spi NULL /mnt/scratch/ZPUino-HDL/zpu/hdl/zpuino/zpuino_spi.vhd sub00/vhpl61 1346340419
AR wbmux2 behave /mnt/scratch/ZPUino-HDL/zpu/hdl/zpuino/wbmux2.vhd sub00/vhpl52 1346340410
EN zpuino_timers NULL /mnt/scratch/ZPUino-HDL/zpu/hdl/zpuino/zpuino_timers.vhd sub00/vhpl67 1346340425
AR zpuino_uart_mv_filter behave /mnt/scratch/ZPUino-HDL/zpu/hdl/zpuino/zpuino_uart_mv_filter.vhd sub00/vhpl15 1346340373
PH zpupkg NULL /mnt/scratch/ZPUino-HDL/zpu/hdl/zpuino/zpupkg.vhd sub00/vhpl01 1346340359
EN prom_generic_dualport NULL /mnt/scratch/ZPUino-HDL/zpu/hdl/zpuino/boards/papilio_one/s3e250/variants/vgazx_and_logicstart/prom-generic-dp-32.vhd sub00/vhpl04 1346340362
EN zpu_core_extreme NULL /mnt/scratch/ZPUino-HDL/zpu/hdl/zpuino/zpu_core_extreme.vhd sub00/vhpl41 1346340399
EN wbarb2_1 NULL /mnt/scratch/ZPUino-HDL/zpu/hdl/zpuino/wbarb2_1.vhd sub00/vhpl53 1346340411
AR zpuino_uart behave /mnt/scratch/ZPUino-HDL/zpu/hdl/zpuino/zpuino_uart.vhd sub00/vhpl64 1346340422
AR zpuino_empty_device behave /mnt/scratch/ZPUino-HDL/zpu/hdl/zpuino/zpuino_empty_device.vhd sub00/vhpl78 1346340436
AR zpuino_adc behave /mnt/scratch/ZPUino-HDL/zpu/hdl/zpuino/zpuino_adc.vhd sub01/vhpl101 1346340459
AR dualport_ram behave /mnt/scratch/ZPUino-HDL/zpu/hdl/zpuino/dualport_ram.vhd sub00/vhpl22 1346340380
EN papilio_one_top NULL /mnt/scratch/ZPUino-HDL/zpu/hdl/zpuino/boards/papilio_one/s3e250/variants/vgazx_and_logicstart/papilio_one_top.vhd sub00/vhpl88 1346340446
EN zpuino_serialreset NULL /mnt/scratch/ZPUino-HDL/zpu/hdl/zpuino/zpuino_serialreset.vhd sub00/vhpl55 1346340413
EN uart_brgen NULL /mnt/scratch/ZPUino-HDL/zpu/hdl/zpuino/uart_brgen.vhd sub00/vhpl16 1346340374
EN zpuino_top NULL /mnt/scratch/ZPUino-HDL/zpu/hdl/zpuino/zpuino_top.vhd sub00/vhpl59 1346340417
PH zpu_config NULL /mnt/scratch/ZPUino-HDL/zpu/hdl/zpuino/boards/papilio_one/s3e250/variants/vgazx_and_logicstart/zpu_config.vhd sub00/vhpl00 1346340358
EN prescaler NULL /mnt/scratch/ZPUino-HDL/zpu/hdl/zpuino/prescaler.vhd sub00/vhpl12 1346340370
EN zpuino_stack NULL /mnt/scratch/ZPUino-HDL/zpu/hdl/zpuino/boards/papilio_one/s3e250/stack.vhd sub00/vhpl43 1346340401
AR zpuino_serialreset behave /mnt/scratch/ZPUino-HDL/zpu/hdl/zpuino/zpuino_serialreset.vhd sub00/vhpl56 1346340414
EN gh_sram_1wp_2rp_sc NULL /mnt/scratch/ZPUino-HDL/zpu/hdl/zpuino/gh_vhdl_lib/memory/gh_sram_1wp_2rp_sc.vhd sub00/vhpl06 1346340364
AR zpuino_spi behave /mnt/scratch/ZPUino-HDL/zpu/hdl/zpuino/zpuino_spi.vhd sub00/vhpl62 1346340420
EN spiclkgen NULL /mnt/scratch/ZPUino-HDL/zpu/hdl/zpuino/spiclkgen.vhd sub00/vhpl39 1346340397
AR clkgen behave /mnt/scratch/ZPUino-HDL/zpu/hdl/zpuino/boards/papilio_one/s3e250/variants/vgazx_and_logicstart/clkgen.vhd sub00/vhpl58 1346340416
EN fifo NULL /mnt/scratch/ZPUino-HDL/zpu/hdl/zpuino/fifo.vhd sub00/vhpl35 1346340393
EN gh_gray2binary NULL /mnt/scratch/ZPUino-HDL/zpu/hdl/zpuino/gh_vhdl_lib/custom_MSI/gh_gray2binary.vhd sub00/vhpl10 1346340368
AR zpuino_crc16 behave /mnt/scratch/ZPUino-HDL/zpu/hdl/zpuino/zpuino_crc16.vhd sub00/vhpl72 1346340430
AR iopad behave /mnt/scratch/ZPUino-HDL/zpu/hdl/zpuino/pad.vhd sub00/vhpl83 1346340441
EN zpuino_gpio NULL /mnt/scratch/ZPUino-HDL/zpu/hdl/zpuino/zpuino_gpio.vhd sub00/vhpl65 1346340423
AR ipad behave /mnt/scratch/ZPUino-HDL/zpu/hdl/zpuino/pad.vhd sub00/vhpl85 1346340443
EN zpuino_adc NULL /mnt/scratch/ZPUino-HDL/zpu/hdl/zpuino/zpuino_adc.vhd sub01/vhpl100 1346340458
EN pulse NULL /mnt/scratch/ZPUino-HDL/zpu/hdl/zpuino/pulse.vhd sub00/vhpl98 1346340456
EN timer NULL /mnt/scratch/ZPUino-HDL/zpu/hdl/zpuino/timer.vhd sub00/vhpl29 1346340387
AR prescaler behave /mnt/scratch/ZPUino-HDL/zpu/hdl/zpuino/prescaler.vhd sub00/vhpl13 1346340371
AR timer behave /mnt/scratch/ZPUino-HDL/zpu/hdl/zpuino/timer.vhd sub00/vhpl30 1346340388
PH wishbonepkg NULL /mnt/scratch/ZPUino-HDL/zpu/hdl/zpuino/wishbonepkg.vhd sub00/vhpl20 1346340378
