Release 14.2 - xst P.28xd (lin)
Copyright (c) 1995-2012 Xilinx, Inc.  All rights reserved.
--> 
Parameter TMPDIR set to xst/projnav.tmp


Total REAL time to Xst completion: 0.00 secs
Total CPU time to Xst completion: 0.09 secs
 
--> 
Parameter xsthdpdir set to xst


Total REAL time to Xst completion: 0.00 secs
Total CPU time to Xst completion: 0.09 secs
 
--> 
Reading design: nexys3.prj

TABLE OF CONTENTS
  1) Synthesis Options Summary
  2) HDL Parsing
  3) HDL Elaboration
  4) HDL Synthesis
       4.1) HDL Synthesis Report
  5) Advanced HDL Synthesis
       5.1) Advanced HDL Synthesis Report
  6) Low Level Synthesis
  7) Partition Report
  8) Design Summary
       8.1) Primitive and Black Box Usage
       8.2) Device utilization summary
       8.3) Partition Resource Summary
       8.4) Timing Report
            8.4.1) Clock Information
            8.4.2) Asynchronous Control Signals Information
            8.4.3) Timing Summary
            8.4.4) Timing Details
            8.4.5) Cross Clock Domains Report


=========================================================================
*                      Synthesis Options Summary                        *
=========================================================================
---- Source Parameters
Input File Name                    : "nexys3.prj"
Input Format                       : mixed
Ignore Synthesis Constraint File   : NO

---- Target Parameters
Output File Name                   : "nexys3"
Output Format                      : NGC
Target Device                      : xc6slx16-2-csg324

---- Source Options
Top Module Name                    : nexys3_top
Automatic FSM Extraction           : Yes
FSM Encoding Algorithm             : Auto
Safe Implementation                : No
FSM Style                          : LUT
RAM Extraction                     : Yes
RAM Style                          : Auto
ROM Extraction                     : Yes
Shift Register Extraction          : YES
ROM Style                          : Auto
Resource Sharing                   : NO
Asynchronous To Synchronous        : NO
Multiplier Style                   : Auto
Automatic Register Balancing       : Yes

---- Target Options
Add IO Buffers                     : YES
Global Maximum Fanout              : 500
Add Generic Clock Buffer(BUFG)     : 24
Register Duplication               : YES
Move First FlipFlop Stage          : YES
Move Last FlipFlop Stage           : YES
Optimize Instantiated Primitives   : YES
Use Clock Enable                   : Auto
Use Synchronous Set                : Auto
Use Synchronous Reset              : Auto
Pack IO Registers into IOBs        : Auto
Equivalent register Removal        : No

---- General Options
Optimization Goal                  : Speed
Optimization Effort                : 2
Keep Hierarchy                     : No
Netlist Hierarchy                  : As_Optimized
RTL Output                         : Yes
Global Optimization                : AllClockNets
Read Cores                         : YES
Write Timing Constraints           : YES
Cross Clock Analysis               : NO
Hierarchy Separator                : /
Bus Delimiter                      : <>
Case Specifier                     : Maintain
Slice Utilization Ratio            : 100
BRAM Utilization Ratio             : 100
Auto BRAM Packing                  : NO
Slice Utilization Ratio Delta      : 5

=========================================================================


=========================================================================
*                          HDL Parsing                                  *
=========================================================================
Parsing VHDL file "/mnt/scratch/ZPUino-HDL/zpu/hdl/zpuino/boards/nexys3/S6LX16/zpu_config.vhd" into library work
Parsing package <zpu_config>.
Parsing VHDL file "/mnt/scratch/ZPUino-HDL/zpu/hdl/zpuino/zpupkg.vhd" into library work
Parsing package <zpupkg>.
Parsing VHDL file "/mnt/scratch/ZPUino-HDL/zpu/hdl/zpuino/boards/nexys3/S6LX16/zpuino_config.vhd" into library work
Parsing package <zpuino_config>.
Parsing VHDL file "/mnt/scratch/ZPUino-HDL/zpu/hdl/zpuino/zpuinopkg.vhd" into library work
Parsing package <zpuinopkg>.
Parsing VHDL file "/mnt/scratch/ZPUino-HDL/zpu/hdl/zpuino/prescaler.vhd" into library work
Parsing entity <prescaler>.
Parsing architecture <behave> of entity <prescaler>.
Parsing VHDL file "/mnt/scratch/ZPUino-HDL/zpu/hdl/zpuino/uart_brgen.vhd" into library work
Parsing entity <uart_brgen>.
Parsing architecture <behave> of entity <uart_brgen>.
Parsing VHDL file "/mnt/scratch/ZPUino-HDL/zpu/hdl/zpuino/tx_unit.vhd" into library work
Parsing entity <TxUnit>.
Parsing architecture <Behaviour> of entity <txunit>.
Parsing VHDL file "/mnt/scratch/ZPUino-HDL/zpu/hdl/zpuino/timer.vhd" into library work
Parsing entity <timer>.
Parsing architecture <behave> of entity <timer>.
ERROR:HDLCompiler:69 - "/mnt/scratch/ZPUino-HDL/zpu/hdl/zpuino/timer.vhd" Line 169: <undefined> is not declared.
ERROR:HDLCompiler:854 - "/mnt/scratch/ZPUino-HDL/zpu/hdl/zpuino/timer.vhd" Line 71: Unit <behave> ignored due to previous errors.
VHDL file /mnt/scratch/ZPUino-HDL/zpu/hdl/zpuino/timer.vhd ignored due to errors
--> 


Total memory usage is 104060 kilobytes

Number of errors   :    2 (   0 filtered)
Number of warnings :    0 (   0 filtered)
Number of infos    :    0 (   0 filtered)

