EN zpuino_uart_mv_filter NULL /mnt/scratch/ZPUino-HDL/zpu/hdl/zpuino/zpuino_uart_mv_filter.vhd sub00/vhpl08 1346347561
EN zpuino_io_ym2149 NULL /mnt/scratch/ZPUino-HDL/zpu/hdl/zpuino/contrib/zpuino_YM2149_linmix.vhd sub00/vhpl63 1346347616
AR uart_brgen behave /mnt/scratch/ZPUino-HDL/zpu/hdl/zpuino/uart_brgen.vhd sub00/vhpl11 1346347564
AR spi behave /mnt/scratch/ZPUino-HDL/zpu/hdl/zpuino/spi.vhd sub00/vhpl28 1346347581
AR zpuino_gpio behave /mnt/scratch/ZPUino-HDL/zpu/hdl/zpuino/zpuino_gpio.vhd sub00/vhpl56 1346347609
AR wb_rom_ram behave /mnt/scratch/ZPUino-HDL/zpu/hdl/zpuino/wb_rom_ram.vhd sub00/vhpl36 1346347589
EN wb_rom_ram NULL /mnt/scratch/ZPUino-HDL/zpu/hdl/zpuino/wb_rom_ram.vhd sub00/vhpl35 1346347588
AR zpuino_sigmadelta behave /mnt/scratch/ZPUino-HDL/zpu/hdl/zpuino/zpuino_sigmadelta.vhd sub00/vhpl89 1346347642
AR zpuino_stack behave /mnt/scratch/ZPUino-HDL/zpu/hdl/zpuino/boards/papilio_one/s3e250/variants/apollo/stack.vhd sub00/vhpl34 1346347587
AR zpuino_io behave /mnt/scratch/ZPUino-HDL/zpu/hdl/zpuino/zpuino_io.vhd sub00/vhpl40 1346347593
EN lshifter NULL /mnt/scratch/ZPUino-HDL/zpu/hdl/zpuino/shifter.vhd sub00/vhpl17 1346347570
AR jtag_chain behave /mnt/scratch/ZPUino-HDL/zpu/hdl/zpuino/jtag_chain.vhd sub00/vhpl79 1346347632
AR txunit behaviour /mnt/scratch/ZPUino-HDL/zpu/hdl/zpuino/tx_unit.vhd sub00/vhpl24 1346347577
EN zpuino_debug_core NULL /mnt/scratch/ZPUino-HDL/zpu/hdl/zpuino/zpuino_debug_core.vhd sub00/vhpl37 1346347590
EN txunit NULL /mnt/scratch/ZPUino-HDL/zpu/hdl/zpuino/tx_unit.vhd sub00/vhpl23 1346347576
AR zpuino_top behave /mnt/scratch/ZPUino-HDL/zpu/hdl/zpuino/zpuino_top.vhd sub00/vhpl50 1346347603
EN jtag_chain NULL /mnt/scratch/ZPUino-HDL/zpu/hdl/zpuino/jtag_chain.vhd sub00/vhpl78 1346347631
AR zpu_core_extreme behave /mnt/scratch/ZPUino-HDL/zpu/hdl/zpuino/zpu_core_extreme.vhd sub00/vhpl32 1346347585
EN zpuino_intr NULL /mnt/scratch/ZPUino-HDL/zpu/hdl/zpuino/zpuino_intr.vhd sub00/vhpl12 1346347565
PH zpuino_config NULL /mnt/scratch/ZPUino-HDL/zpu/hdl/zpuino/boards/papilio_one/s3e250/variants/apollo/zpuino_config.vhd sub00/vhpl02 1346347554
EN wbmux2 NULL /mnt/scratch/ZPUino-HDL/zpu/hdl/zpuino/wbmux2.vhd sub00/vhpl41 1346347594
AR zpuino_uart_rx behave /mnt/scratch/ZPUino-HDL/zpu/hdl/zpuino/zpuino_uart_rx.vhd sub00/vhpl22 1346347575
AR multiplier behave /mnt/scratch/ZPUino-HDL/zpu/hdl/zpuino/mult.vhd sub00/vhpl83 1346347636
AR zpuino_debug_spartan3e behave /mnt/scratch/ZPUino-HDL/zpu/hdl/zpuino/zpuino_debug_spartan3e.vhd sub00/vhpl81 1346347634
AR spiclkgen behave /mnt/scratch/ZPUino-HDL/zpu/hdl/zpuino/spiclkgen.vhd sub00/vhpl30 1346347583
EN zpuino_uart NULL /mnt/scratch/ZPUino-HDL/zpu/hdl/zpuino/zpuino_uart.vhd sub00/vhpl53 1346347606
EN spi NULL /mnt/scratch/ZPUino-HDL/zpu/hdl/zpuino/spi.vhd sub00/vhpl27 1346347580
EN zpuino_io NULL /mnt/scratch/ZPUino-HDL/zpu/hdl/zpuino/zpuino_io.vhd sub00/vhpl39 1346347592
AR lshifter behave /mnt/scratch/ZPUino-HDL/zpu/hdl/zpuino/shifter.vhd sub00/vhpl18 1346347571
EN zpuino_crc16 NULL /mnt/scratch/ZPUino-HDL/zpu/hdl/zpuino/zpuino_crc16.vhd sub00/vhpl61 1346347614
AR wbarb2_1 behave /mnt/scratch/ZPUino-HDL/zpu/hdl/zpuino/wbarb2_1.vhd sub00/vhpl44 1346347597
EN multiplier NULL /mnt/scratch/ZPUino-HDL/zpu/hdl/zpuino/mult.vhd sub00/vhpl82 1346347635
EN zpuino_empty_device NULL /mnt/scratch/ZPUino-HDL/zpu/hdl/zpuino/zpuino_empty_device.vhd sub00/vhpl59 1346347612
AR isync behave /mnt/scratch/ZPUino-HDL/zpu/hdl/zpuino/pad.vhd sub00/vhpl69 1346347622
AR prom_generic_dualport behave /mnt/scratch/ZPUino-HDL/zpu/hdl/zpuino/boards/papilio_one/s3e250/variants/apollo/prom-generic-dp-32.vhd sub00/vhpl05 1346347558
AR zpuino_timers behave /mnt/scratch/ZPUino-HDL/zpu/hdl/zpuino/zpuino_timers.vhd sub00/vhpl58 1346347611
AR zpuino_io_ym2149 rtl /mnt/scratch/ZPUino-HDL/zpu/hdl/zpuino/contrib/zpuino_YM2149_linmix.vhd sub00/vhpl64 1346347617
EN opad NULL /mnt/scratch/ZPUino-HDL/zpu/hdl/zpuino/pad.vhd sub00/vhpl74 1346347627
AR papilio_one_top behave /mnt/scratch/ZPUino-HDL/zpu/hdl/zpuino/boards/papilio_one/s3e250/variants/apollo/papilio_one_top.vhd sub00/vhpl77 1346347630
EN iopad NULL /mnt/scratch/ZPUino-HDL/zpu/hdl/zpuino/pad.vhd sub00/vhpl70 1346347623
AR fifo behave /mnt/scratch/ZPUino-HDL/zpu/hdl/zpuino/fifo.vhd sub00/vhpl26 1346347579
AR simple_sigmadelta behave /mnt/scratch/ZPUino-HDL/zpu/hdl/zpuino/contrib/simple_sigmadelta.vhd sub00/vhpl66 1346347619
AR opad behave /mnt/scratch/ZPUino-HDL/zpu/hdl/zpuino/pad.vhd sub00/vhpl75 1346347628
EN zpuino_debug_spartan3e NULL /mnt/scratch/ZPUino-HDL/zpu/hdl/zpuino/zpuino_debug_spartan3e.vhd sub00/vhpl80 1346347633
EN simple_sigmadelta NULL /mnt/scratch/ZPUino-HDL/zpu/hdl/zpuino/contrib/simple_sigmadelta.vhd sub00/vhpl65 1346347618
EN zpuino_uart_rx NULL /mnt/scratch/ZPUino-HDL/zpu/hdl/zpuino/zpuino_uart_rx.vhd sub00/vhpl21 1346347574
EN dualport_ram NULL /mnt/scratch/ZPUino-HDL/zpu/hdl/zpuino/dualport_ram.vhd sub00/vhpl15 1346347568
PH pad NULL /mnt/scratch/ZPUino-HDL/zpu/hdl/zpuino/pad.vhd sub00/vhpl67 1346347620
EN isync NULL /mnt/scratch/ZPUino-HDL/zpu/hdl/zpuino/pad.vhd sub00/vhpl68 1346347621
EN ipad NULL /mnt/scratch/ZPUino-HDL/zpu/hdl/zpuino/pad.vhd sub00/vhpl72 1346347625
EN clkgen NULL /mnt/scratch/ZPUino-HDL/zpu/hdl/zpuino/boards/papilio_one/s3e250/variants/apollo/clkgen.vhd sub00/vhpl47 1346347600
PH zpuinopkg NULL /mnt/scratch/ZPUino-HDL/zpu/hdl/zpuino/zpuinopkg.vhd sub00/vhpl03 1346347555
AR zpuino_intr behave /mnt/scratch/ZPUino-HDL/zpu/hdl/zpuino/zpuino_intr.vhd sub00/vhpl13 1346347566
EN zpuino_sigmadelta NULL /mnt/scratch/ZPUino-HDL/zpu/hdl/zpuino/zpuino_sigmadelta.vhd sub00/vhpl88 1346347641
AR pulse behave /mnt/scratch/ZPUino-HDL/zpu/hdl/zpuino/pulse.vhd sub00/vhpl85 1346347638
AR zpuino_debug_core behave /mnt/scratch/ZPUino-HDL/zpu/hdl/zpuino/zpuino_debug_core.vhd sub00/vhpl38 1346347591
EN zpuino_spi NULL /mnt/scratch/ZPUino-HDL/zpu/hdl/zpuino/zpuino_spi.vhd sub00/vhpl51 1346347604
AR wbmux2 behave /mnt/scratch/ZPUino-HDL/zpu/hdl/zpuino/wbmux2.vhd sub00/vhpl42 1346347595
EN zpuino_timers NULL /mnt/scratch/ZPUino-HDL/zpu/hdl/zpuino/zpuino_timers.vhd sub00/vhpl57 1346347610
AR zpuino_uart_mv_filter behave /mnt/scratch/ZPUino-HDL/zpu/hdl/zpuino/zpuino_uart_mv_filter.vhd sub00/vhpl09 1346347562
PH zpupkg NULL /mnt/scratch/ZPUino-HDL/zpu/hdl/zpuino/zpupkg.vhd sub00/vhpl01 1346347553
EN prom_generic_dualport NULL /mnt/scratch/ZPUino-HDL/zpu/hdl/zpuino/boards/papilio_one/s3e250/variants/apollo/prom-generic-dp-32.vhd sub00/vhpl04 1346347556
EN zpu_core_extreme NULL /mnt/scratch/ZPUino-HDL/zpu/hdl/zpuino/zpu_core_extreme.vhd sub00/vhpl31 1346347584
EN wbarb2_1 NULL /mnt/scratch/ZPUino-HDL/zpu/hdl/zpuino/wbarb2_1.vhd sub00/vhpl43 1346347596
AR zpuino_uart behave /mnt/scratch/ZPUino-HDL/zpu/hdl/zpuino/zpuino_uart.vhd sub00/vhpl54 1346347607
AR zpuino_empty_device behave /mnt/scratch/ZPUino-HDL/zpu/hdl/zpuino/zpuino_empty_device.vhd sub00/vhpl60 1346347613
AR zpuino_adc behave /mnt/scratch/ZPUino-HDL/zpu/hdl/zpuino/zpuino_adc.vhd sub00/vhpl87 1346347640
AR dualport_ram behave /mnt/scratch/ZPUino-HDL/zpu/hdl/zpuino/dualport_ram.vhd sub00/vhpl16 1346347569
EN papilio_one_top NULL /mnt/scratch/ZPUino-HDL/zpu/hdl/zpuino/boards/papilio_one/s3e250/variants/apollo/papilio_one_top.vhd sub00/vhpl76 1346347629
EN zpuino_serialreset NULL /mnt/scratch/ZPUino-HDL/zpu/hdl/zpuino/zpuino_serialreset.vhd sub00/vhpl45 1346347598
EN uart_brgen NULL /mnt/scratch/ZPUino-HDL/zpu/hdl/zpuino/uart_brgen.vhd sub00/vhpl10 1346347563
EN zpuino_top NULL /mnt/scratch/ZPUino-HDL/zpu/hdl/zpuino/zpuino_top.vhd sub00/vhpl49 1346347602
PH zpu_config NULL /mnt/scratch/ZPUino-HDL/zpu/hdl/zpuino/boards/papilio_one/s3e250/variants/apollo/zpu_config.vhd sub00/vhpl00 1346347551
EN prescaler NULL /mnt/scratch/ZPUino-HDL/zpu/hdl/zpuino/prescaler.vhd sub00/vhpl06 1346347559
EN zpuino_stack NULL /mnt/scratch/ZPUino-HDL/zpu/hdl/zpuino/boards/papilio_one/s3e250/variants/apollo/stack.vhd sub00/vhpl33 1346347586
AR zpuino_serialreset behave /mnt/scratch/ZPUino-HDL/zpu/hdl/zpuino/zpuino_serialreset.vhd sub00/vhpl46 1346347599
AR zpuino_spi behave /mnt/scratch/ZPUino-HDL/zpu/hdl/zpuino/zpuino_spi.vhd sub00/vhpl52 1346347605
EN spiclkgen NULL /mnt/scratch/ZPUino-HDL/zpu/hdl/zpuino/spiclkgen.vhd sub00/vhpl29 1346347582
AR clkgen behave /mnt/scratch/ZPUino-HDL/zpu/hdl/zpuino/boards/papilio_one/s3e250/variants/apollo/clkgen.vhd sub00/vhpl48 1346347601
EN fifo NULL /mnt/scratch/ZPUino-HDL/zpu/hdl/zpuino/fifo.vhd sub00/vhpl25 1346347578
AR zpuino_crc16 behave /mnt/scratch/ZPUino-HDL/zpu/hdl/zpuino/zpuino_crc16.vhd sub00/vhpl62 1346347615
AR iopad behave /mnt/scratch/ZPUino-HDL/zpu/hdl/zpuino/pad.vhd sub00/vhpl71 1346347624
EN zpuino_gpio NULL /mnt/scratch/ZPUino-HDL/zpu/hdl/zpuino/zpuino_gpio.vhd sub00/vhpl55 1346347608
AR ipad behave /mnt/scratch/ZPUino-HDL/zpu/hdl/zpuino/pad.vhd sub00/vhpl73 1346347626
EN zpuino_adc NULL /mnt/scratch/ZPUino-HDL/zpu/hdl/zpuino/zpuino_adc.vhd sub00/vhpl86 1346347639
EN pulse NULL /mnt/scratch/ZPUino-HDL/zpu/hdl/zpuino/pulse.vhd sub00/vhpl84 1346347637
EN timer NULL /mnt/scratch/ZPUino-HDL/zpu/hdl/zpuino/timer.vhd sub00/vhpl19 1346347572
AR prescaler behave /mnt/scratch/ZPUino-HDL/zpu/hdl/zpuino/prescaler.vhd sub00/vhpl07 1346347560
AR timer behave /mnt/scratch/ZPUino-HDL/zpu/hdl/zpuino/timer.vhd sub00/vhpl20 1346347573
PH wishbonepkg NULL /mnt/scratch/ZPUino-HDL/zpu/hdl/zpuino/wishbonepkg.vhd sub00/vhpl14 1346347567
