EN zpuino_uart_mv_filter NULL /mnt/scratch/ZPUino-HDL/zpu/hdl/zpuino/zpuino_uart_mv_filter.vhd sub00/vhpl08 1345865982
EN zpuino_io_ym2149 NULL /mnt/scratch/ZPUino-HDL/zpu/hdl/zpuino/contrib/zpuino_YM2149_linmix.vhd sub00/vhpl63 1345866037
AR uart_brgen behave /mnt/scratch/ZPUino-HDL/zpu/hdl/zpuino/uart_brgen.vhd sub00/vhpl11 1345865985
AR spi behave /mnt/scratch/ZPUino-HDL/zpu/hdl/zpuino/spi.vhd sub00/vhpl28 1345866002
AR zpuino_gpio behave /mnt/scratch/ZPUino-HDL/zpu/hdl/zpuino/zpuino_gpio.vhd sub00/vhpl56 1345866030
AR wb_rom_ram behave /mnt/scratch/ZPUino-HDL/zpu/hdl/zpuino/wb_rom_ram.vhd sub00/vhpl36 1345866010
EN wb_rom_ram NULL /mnt/scratch/ZPUino-HDL/zpu/hdl/zpuino/wb_rom_ram.vhd sub00/vhpl35 1345866009
AR zpuino_sigmadelta behave /mnt/scratch/ZPUino-HDL/zpu/hdl/zpuino/zpuino_sigmadelta.vhd sub00/vhpl89 1345866063
AR zpuino_stack behave /mnt/scratch/ZPUino-HDL/zpu/hdl/zpuino/boards/papilio_one/s3e250/variants/apollo/stack.vhd sub00/vhpl34 1345866008
AR zpuino_io behave /mnt/scratch/ZPUino-HDL/zpu/hdl/zpuino/zpuino_io.vhd sub00/vhpl40 1345866014
EN lshifter NULL /mnt/scratch/ZPUino-HDL/zpu/hdl/zpuino/shifter.vhd sub00/vhpl17 1345865991
AR jtag_chain behave /mnt/scratch/ZPUino-HDL/zpu/hdl/zpuino/jtag_chain.vhd sub00/vhpl79 1345866053
AR txunit behaviour /mnt/scratch/ZPUino-HDL/zpu/hdl/zpuino/tx_unit.vhd sub00/vhpl24 1345865998
EN zpuino_debug_core NULL /mnt/scratch/ZPUino-HDL/zpu/hdl/zpuino/zpuino_debug_core.vhd sub00/vhpl37 1345866011
EN txunit NULL /mnt/scratch/ZPUino-HDL/zpu/hdl/zpuino/tx_unit.vhd sub00/vhpl23 1345865997
AR zpuino_top behave /mnt/scratch/ZPUino-HDL/zpu/hdl/zpuino/zpuino_top.vhd sub00/vhpl50 1345866024
EN jtag_chain NULL /mnt/scratch/ZPUino-HDL/zpu/hdl/zpuino/jtag_chain.vhd sub00/vhpl78 1345866052
AR zpu_core_extreme behave /mnt/scratch/ZPUino-HDL/zpu/hdl/zpuino/zpu_core_extreme.vhd sub00/vhpl32 1345866006
EN zpuino_intr NULL /mnt/scratch/ZPUino-HDL/zpu/hdl/zpuino/zpuino_intr.vhd sub00/vhpl12 1345865986
PH zpuino_config NULL /mnt/scratch/ZPUino-HDL/zpu/hdl/zpuino/boards/papilio_one/s3e250/variants/apollo/zpuino_config.vhd sub00/vhpl02 1345865976
EN wbmux2 NULL /mnt/scratch/ZPUino-HDL/zpu/hdl/zpuino/wbmux2.vhd sub00/vhpl41 1345866015
AR zpuino_uart_rx behave /mnt/scratch/ZPUino-HDL/zpu/hdl/zpuino/zpuino_uart_rx.vhd sub00/vhpl22 1345865996
AR multiplier behave /mnt/scratch/ZPUino-HDL/zpu/hdl/zpuino/mult.vhd sub00/vhpl83 1345866057
AR zpuino_debug_spartan3e behave /mnt/scratch/ZPUino-HDL/zpu/hdl/zpuino/zpuino_debug_spartan3e.vhd sub00/vhpl81 1345866055
AR spiclkgen behave /mnt/scratch/ZPUino-HDL/zpu/hdl/zpuino/spiclkgen.vhd sub00/vhpl30 1345866004
EN zpuino_uart NULL /mnt/scratch/ZPUino-HDL/zpu/hdl/zpuino/zpuino_uart.vhd sub00/vhpl53 1345866027
EN spi NULL /mnt/scratch/ZPUino-HDL/zpu/hdl/zpuino/spi.vhd sub00/vhpl27 1345866001
EN zpuino_io NULL /mnt/scratch/ZPUino-HDL/zpu/hdl/zpuino/zpuino_io.vhd sub00/vhpl39 1345866013
AR lshifter behave /mnt/scratch/ZPUino-HDL/zpu/hdl/zpuino/shifter.vhd sub00/vhpl18 1345865992
EN zpuino_crc16 NULL /mnt/scratch/ZPUino-HDL/zpu/hdl/zpuino/zpuino_crc16.vhd sub00/vhpl61 1345866035
AR wbarb2_1 behave /mnt/scratch/ZPUino-HDL/zpu/hdl/zpuino/wbarb2_1.vhd sub00/vhpl44 1345866018
EN multiplier NULL /mnt/scratch/ZPUino-HDL/zpu/hdl/zpuino/mult.vhd sub00/vhpl82 1345866056
EN zpuino_empty_device NULL /mnt/scratch/ZPUino-HDL/zpu/hdl/zpuino/zpuino_empty_device.vhd sub00/vhpl59 1345866033
AR isync behave /mnt/scratch/ZPUino-HDL/zpu/hdl/zpuino/pad.vhd sub00/vhpl69 1345866043
AR prom_generic_dualport behave /mnt/scratch/ZPUino-HDL/zpu/hdl/zpuino/boards/papilio_one/s3e250/variants/apollo/prom-generic-dp-32.vhd sub00/vhpl05 1345865979
AR zpuino_timers behave /mnt/scratch/ZPUino-HDL/zpu/hdl/zpuino/zpuino_timers.vhd sub00/vhpl58 1345866032
AR zpuino_io_ym2149 rtl /mnt/scratch/ZPUino-HDL/zpu/hdl/zpuino/contrib/zpuino_YM2149_linmix.vhd sub00/vhpl64 1345866038
EN opad NULL /mnt/scratch/ZPUino-HDL/zpu/hdl/zpuino/pad.vhd sub00/vhpl74 1345866048
AR papilio_one_top behave /mnt/scratch/ZPUino-HDL/zpu/hdl/zpuino/boards/papilio_one/s3e250/variants/apollo/papilio_one_top.vhd sub00/vhpl77 1345866051
EN iopad NULL /mnt/scratch/ZPUino-HDL/zpu/hdl/zpuino/pad.vhd sub00/vhpl70 1345866044
AR fifo behave /mnt/scratch/ZPUino-HDL/zpu/hdl/zpuino/fifo.vhd sub00/vhpl26 1345866000
AR simple_sigmadelta behave /mnt/scratch/ZPUino-HDL/zpu/hdl/zpuino/contrib/simple_sigmadelta.vhd sub00/vhpl66 1345866040
AR opad behave /mnt/scratch/ZPUino-HDL/zpu/hdl/zpuino/pad.vhd sub00/vhpl75 1345866049
EN zpuino_debug_spartan3e NULL /mnt/scratch/ZPUino-HDL/zpu/hdl/zpuino/zpuino_debug_spartan3e.vhd sub00/vhpl80 1345866054
EN simple_sigmadelta NULL /mnt/scratch/ZPUino-HDL/zpu/hdl/zpuino/contrib/simple_sigmadelta.vhd sub00/vhpl65 1345866039
EN zpuino_uart_rx NULL /mnt/scratch/ZPUino-HDL/zpu/hdl/zpuino/zpuino_uart_rx.vhd sub00/vhpl21 1345865995
EN dualport_ram NULL /mnt/scratch/ZPUino-HDL/zpu/hdl/zpuino/dualport_ram.vhd sub00/vhpl15 1345865989
PH pad NULL /mnt/scratch/ZPUino-HDL/zpu/hdl/zpuino/pad.vhd sub00/vhpl67 1345866041
EN isync NULL /mnt/scratch/ZPUino-HDL/zpu/hdl/zpuino/pad.vhd sub00/vhpl68 1345866042
EN ipad NULL /mnt/scratch/ZPUino-HDL/zpu/hdl/zpuino/pad.vhd sub00/vhpl72 1345866046
EN clkgen NULL /mnt/scratch/ZPUino-HDL/zpu/hdl/zpuino/boards/papilio_one/s3e250/variants/apollo/clkgen.vhd sub00/vhpl47 1345866021
PH zpuinopkg NULL /mnt/scratch/ZPUino-HDL/zpu/hdl/zpuino/zpuinopkg.vhd sub00/vhpl03 1345865977
AR zpuino_intr behave /mnt/scratch/ZPUino-HDL/zpu/hdl/zpuino/zpuino_intr.vhd sub00/vhpl13 1345865987
EN zpuino_sigmadelta NULL /mnt/scratch/ZPUino-HDL/zpu/hdl/zpuino/zpuino_sigmadelta.vhd sub00/vhpl88 1345866062
AR pulse behave /mnt/scratch/ZPUino-HDL/zpu/hdl/zpuino/pulse.vhd sub00/vhpl85 1345866059
AR zpuino_debug_core behave /mnt/scratch/ZPUino-HDL/zpu/hdl/zpuino/zpuino_debug_core.vhd sub00/vhpl38 1345866012
EN zpuino_spi NULL /mnt/scratch/ZPUino-HDL/zpu/hdl/zpuino/zpuino_spi.vhd sub00/vhpl51 1345866025
AR wbmux2 behave /mnt/scratch/ZPUino-HDL/zpu/hdl/zpuino/wbmux2.vhd sub00/vhpl42 1345866016
EN zpuino_timers NULL /mnt/scratch/ZPUino-HDL/zpu/hdl/zpuino/zpuino_timers.vhd sub00/vhpl57 1345866031
AR zpuino_uart_mv_filter behave /mnt/scratch/ZPUino-HDL/zpu/hdl/zpuino/zpuino_uart_mv_filter.vhd sub00/vhpl09 1345865983
PH zpupkg NULL /mnt/scratch/ZPUino-HDL/zpu/hdl/zpuino/zpupkg.vhd sub00/vhpl01 1345865975
EN prom_generic_dualport NULL /mnt/scratch/ZPUino-HDL/zpu/hdl/zpuino/boards/papilio_one/s3e250/variants/apollo/prom-generic-dp-32.vhd sub00/vhpl04 1345865978
EN zpu_core_extreme NULL /mnt/scratch/ZPUino-HDL/zpu/hdl/zpuino/zpu_core_extreme.vhd sub00/vhpl31 1345866005
EN wbarb2_1 NULL /mnt/scratch/ZPUino-HDL/zpu/hdl/zpuino/wbarb2_1.vhd sub00/vhpl43 1345866017
AR zpuino_uart behave /mnt/scratch/ZPUino-HDL/zpu/hdl/zpuino/zpuino_uart.vhd sub00/vhpl54 1345866028
AR zpuino_empty_device behave /mnt/scratch/ZPUino-HDL/zpu/hdl/zpuino/zpuino_empty_device.vhd sub00/vhpl60 1345866034
AR zpuino_adc behave /mnt/scratch/ZPUino-HDL/zpu/hdl/zpuino/zpuino_adc.vhd sub00/vhpl87 1345866061
AR dualport_ram behave /mnt/scratch/ZPUino-HDL/zpu/hdl/zpuino/dualport_ram.vhd sub00/vhpl16 1345865990
EN papilio_one_top NULL /mnt/scratch/ZPUino-HDL/zpu/hdl/zpuino/boards/papilio_one/s3e250/variants/apollo/papilio_one_top.vhd sub00/vhpl76 1345866050
EN zpuino_serialreset NULL /mnt/scratch/ZPUino-HDL/zpu/hdl/zpuino/zpuino_serialreset.vhd sub00/vhpl45 1345866019
EN uart_brgen NULL /mnt/scratch/ZPUino-HDL/zpu/hdl/zpuino/uart_brgen.vhd sub00/vhpl10 1345865984
EN zpuino_top NULL /mnt/scratch/ZPUino-HDL/zpu/hdl/zpuino/zpuino_top.vhd sub00/vhpl49 1345866023
PH zpu_config NULL /mnt/scratch/ZPUino-HDL/zpu/hdl/zpuino/boards/papilio_one/s3e250/variants/apollo/zpu_config.vhd sub00/vhpl00 1345865974
EN prescaler NULL /mnt/scratch/ZPUino-HDL/zpu/hdl/zpuino/prescaler.vhd sub00/vhpl06 1345865980
EN zpuino_stack NULL /mnt/scratch/ZPUino-HDL/zpu/hdl/zpuino/boards/papilio_one/s3e250/variants/apollo/stack.vhd sub00/vhpl33 1345866007
AR zpuino_serialreset behave /mnt/scratch/ZPUino-HDL/zpu/hdl/zpuino/zpuino_serialreset.vhd sub00/vhpl46 1345866020
AR zpuino_spi behave /mnt/scratch/ZPUino-HDL/zpu/hdl/zpuino/zpuino_spi.vhd sub00/vhpl52 1345866026
EN spiclkgen NULL /mnt/scratch/ZPUino-HDL/zpu/hdl/zpuino/spiclkgen.vhd sub00/vhpl29 1345866003
AR clkgen behave /mnt/scratch/ZPUino-HDL/zpu/hdl/zpuino/boards/papilio_one/s3e250/variants/apollo/clkgen.vhd sub00/vhpl48 1345866022
EN fifo NULL /mnt/scratch/ZPUino-HDL/zpu/hdl/zpuino/fifo.vhd sub00/vhpl25 1345865999
AR zpuino_crc16 behave /mnt/scratch/ZPUino-HDL/zpu/hdl/zpuino/zpuino_crc16.vhd sub00/vhpl62 1345866036
AR iopad behave /mnt/scratch/ZPUino-HDL/zpu/hdl/zpuino/pad.vhd sub00/vhpl71 1345866045
EN zpuino_gpio NULL /mnt/scratch/ZPUino-HDL/zpu/hdl/zpuino/zpuino_gpio.vhd sub00/vhpl55 1345866029
AR ipad behave /mnt/scratch/ZPUino-HDL/zpu/hdl/zpuino/pad.vhd sub00/vhpl73 1345866047
EN zpuino_adc NULL /mnt/scratch/ZPUino-HDL/zpu/hdl/zpuino/zpuino_adc.vhd sub00/vhpl86 1345866060
EN pulse NULL /mnt/scratch/ZPUino-HDL/zpu/hdl/zpuino/pulse.vhd sub00/vhpl84 1345866058
EN timer NULL /mnt/scratch/ZPUino-HDL/zpu/hdl/zpuino/timer.vhd sub00/vhpl19 1345865993
AR prescaler behave /mnt/scratch/ZPUino-HDL/zpu/hdl/zpuino/prescaler.vhd sub00/vhpl07 1345865981
AR timer behave /mnt/scratch/ZPUino-HDL/zpu/hdl/zpuino/timer.vhd sub00/vhpl20 1345865994
PH wishbonepkg NULL /mnt/scratch/ZPUino-HDL/zpu/hdl/zpuino/wishbonepkg.vhd sub00/vhpl14 1345865988
