V3 197
FL /mnt/scratch/ZPUino-HDL/zpu/hdl/zpuino/boards/papilio_one/s3e250/variants/apollo/clkgen.vhd 2012/08/12.21:23:23 P.28xd
EN work/clkgen 1345866021 \
      FL /mnt/scratch/ZPUino-HDL/zpu/hdl/zpuino/boards/papilio_one/s3e250/variants/apollo/clkgen.vhd \
      PB ieee/std_logic_1164 1341906176 PB ieee/STD_LOGIC_UNSIGNED 1341906179 \
      PB ieee/NUMERIC_STD 1341906182 LB unisim PH unisim/VCOMPONENTS 1341906184
AR work/clkgen/behave 1345866022 \
      FL /mnt/scratch/ZPUino-HDL/zpu/hdl/zpuino/boards/papilio_one/s3e250/variants/apollo/clkgen.vhd \
      EN work/clkgen 1345866021 CP BUFG CP IBUFG CP DCM
FL /mnt/scratch/ZPUino-HDL/zpu/hdl/zpuino/boards/papilio_one/s3e250/variants/apollo/papilio_one_top.vhd 2012/08/12.21:23:23 P.28xd
EN work/papilio_one_top 1345866050 \
      FL /mnt/scratch/ZPUino-HDL/zpu/hdl/zpuino/boards/papilio_one/s3e250/variants/apollo/papilio_one_top.vhd \
      PB ieee/std_logic_1164 1341906176 PB ieee/NUMERIC_STD 1341906182 PH work/pad 1345866041 \
      LB unisim PH unisim/VCOMPONENTS 1341906184 PH work/zpupkg 1345865975 \
      PH work/zpuinopkg 1345865977 PH work/zpuino_config 1345865976 \
      PH work/zpu_config 1345865974
AR work/papilio_one_top/behave 1345866051 \
      FL /mnt/scratch/ZPUino-HDL/zpu/hdl/zpuino/boards/papilio_one/s3e250/variants/apollo/papilio_one_top.vhd \
      EN work/papilio_one_top 1345866050 CP zpuino_serialreset CP clkgen \
      CP zpuino_top CP zpuino_spi CP zpuino_uart CP zpuino_gpio CP zpuino_timers \
      CP zpuino_empty_device CP zpuino_crc16 CP zpuino_io_YM2149 \
      CP simple_sigmadelta CP IOPAD CP IPAD CP OPAD
FL /mnt/scratch/ZPUino-HDL/zpu/hdl/zpuino/boards/papilio_one/s3e250/variants/apollo/prom-generic-dp-32.vhd 2012/08/12.21:23:23 P.28xd
EN work/prom_generic_dualport 1345865978 \
      FL /mnt/scratch/ZPUino-HDL/zpu/hdl/zpuino/boards/papilio_one/s3e250/variants/apollo/prom-generic-dp-32.vhd \
      PB ieee/std_logic_1164 1341906176 PB ieee/STD_LOGIC_UNSIGNED 1341906179 \
      PB ieee/NUMERIC_STD 1341906182
AR work/prom_generic_dualport/behave 1345865979 \
      FL /mnt/scratch/ZPUino-HDL/zpu/hdl/zpuino/boards/papilio_one/s3e250/variants/apollo/prom-generic-dp-32.vhd \
      EN work/prom_generic_dualport 1345865978
FL /mnt/scratch/ZPUino-HDL/zpu/hdl/zpuino/boards/papilio_one/s3e250/variants/apollo/stack.vhd 2012/08/12.21:23:23 P.28xd
EN work/zpuino_stack 1345866007 \
      FL /mnt/scratch/ZPUino-HDL/zpu/hdl/zpuino/boards/papilio_one/s3e250/variants/apollo/stack.vhd \
      PB ieee/std_logic_1164 1341906176 PB ieee/NUMERIC_STD 1341906182 LB unisim \
      PH unisim/VCOMPONENTS 1341906184 PH work/zpu_config 1345865974 \
      PH work/zpupkg 1345865975
AR work/zpuino_stack/behave 1345866008 \
      FL /mnt/scratch/ZPUino-HDL/zpu/hdl/zpuino/boards/papilio_one/s3e250/variants/apollo/stack.vhd \
      EN work/zpuino_stack 1345866007 CP RAMB16_S36_S36
FL /mnt/scratch/ZPUino-HDL/zpu/hdl/zpuino/boards/papilio_one/s3e250/variants/apollo/zpuino_config.vhd 2012/08/12.21:23:23 P.28xd
PH work/zpuino_config 1345865976 \
      FL /mnt/scratch/ZPUino-HDL/zpu/hdl/zpuino/boards/papilio_one/s3e250/variants/apollo/zpuino_config.vhd \
      PB ieee/std_logic_1164 1341906176 PB ieee/STD_LOGIC_UNSIGNED 1341906179 \
      PB ieee/std_logic_arith 1341906177
FL /mnt/scratch/ZPUino-HDL/zpu/hdl/zpuino/boards/papilio_one/s3e250/variants/apollo/zpu_config.vhd 2012/08/24.23:44:13 P.28xd
PH work/zpu_config 1345865974 \
      FL /mnt/scratch/ZPUino-HDL/zpu/hdl/zpuino/boards/papilio_one/s3e250/variants/apollo/zpu_config.vhd \
      PB ieee/std_logic_1164 1341906176 PB ieee/STD_LOGIC_UNSIGNED 1341906179 \
      PB ieee/std_logic_arith 1341906177
FL /mnt/scratch/ZPUino-HDL/zpu/hdl/zpuino/contrib/simple_sigmadelta.vhd 2012/08/12.21:23:23 P.28xd
EN work/simple_sigmadelta 1345866039 \
      FL /mnt/scratch/ZPUino-HDL/zpu/hdl/zpuino/contrib/simple_sigmadelta.vhd \
      PB ieee/std_logic_1164 1341906176 PB ieee/NUMERIC_STD 1341906182
AR work/simple_sigmadelta/behave 1345866040 \
      FL /mnt/scratch/ZPUino-HDL/zpu/hdl/zpuino/contrib/simple_sigmadelta.vhd \
      EN work/simple_sigmadelta 1345866039
FL /mnt/scratch/ZPUino-HDL/zpu/hdl/zpuino/contrib/zpuino_YM2149_linmix.vhd 2012/08/12.21:23:23 P.28xd
EN work/zpuino_io_YM2149 1345866037 \
      FL /mnt/scratch/ZPUino-HDL/zpu/hdl/zpuino/contrib/zpuino_YM2149_linmix.vhd \
      PB ieee/std_logic_1164 1341906176 PB ieee/std_logic_arith 1341906177 \
      PB ieee/STD_LOGIC_UNSIGNED 1341906179 PH work/zpuino_config 1345865976 \
      PH work/zpu_config 1345865974 PH work/zpupkg 1345865975
AR work/zpuino_io_YM2149/RTL 1345866038 \
      FL /mnt/scratch/ZPUino-HDL/zpu/hdl/zpuino/contrib/zpuino_YM2149_linmix.vhd \
      EN work/zpuino_io_YM2149 1345866037
FL /mnt/scratch/ZPUino-HDL/zpu/hdl/zpuino/dualport_ram.vhd 2012/08/12.21:23:23 P.28xd
EN work/dualport_ram 1345865989 \
      FL /mnt/scratch/ZPUino-HDL/zpu/hdl/zpuino/dualport_ram.vhd \
      PB ieee/std_logic_1164 1341906176 PB ieee/NUMERIC_STD 1341906182 \
      PB ieee/STD_LOGIC_UNSIGNED 1341906179 PH work/zpupkg 1345865975
AR work/dualport_ram/behave 1345865990 \
      FL /mnt/scratch/ZPUino-HDL/zpu/hdl/zpuino/dualport_ram.vhd \
      EN work/dualport_ram 1345865989 CP prom_generic_dualport
FL /mnt/scratch/ZPUino-HDL/zpu/hdl/zpuino/fifo.vhd 2012/08/12.21:23:23 P.28xd
EN work/fifo 1345865999 FL /mnt/scratch/ZPUino-HDL/zpu/hdl/zpuino/fifo.vhd \
      PB ieee/std_logic_1164 1341906176 PB ieee/NUMERIC_STD 1341906182 \
      PB ieee/STD_LOGIC_UNSIGNED 1341906179
AR work/fifo/behave 1345866000 \
      FL /mnt/scratch/ZPUino-HDL/zpu/hdl/zpuino/fifo.vhd EN work/fifo 1345865999
FL /mnt/scratch/ZPUino-HDL/zpu/hdl/zpuino/jtag_chain.vhd 2012/08/12.21:23:23 P.28xd
EN work/jtag_chain 1345866052 \
      FL /mnt/scratch/ZPUino-HDL/zpu/hdl/zpuino/jtag_chain.vhd \
      PB ieee/std_logic_1164 1341906176 PB ieee/NUMERIC_STD 1341906182
AR work/jtag_chain/behave 1345866053 \
      FL /mnt/scratch/ZPUino-HDL/zpu/hdl/zpuino/jtag_chain.vhd EN work/jtag_chain 1345866052
FL /mnt/scratch/ZPUino-HDL/zpu/hdl/zpuino/mult.vhd 2012/08/12.21:23:23 P.28xd
EN work/multiplier 1345866056 FL /mnt/scratch/ZPUino-HDL/zpu/hdl/zpuino/mult.vhd \
      PB ieee/std_logic_1164 1341906176 PB ieee/NUMERIC_STD 1341906182
AR work/multiplier/behave 1345866057 \
      FL /mnt/scratch/ZPUino-HDL/zpu/hdl/zpuino/mult.vhd EN work/multiplier 1345866056
FL /mnt/scratch/ZPUino-HDL/zpu/hdl/zpuino/pad.vhd 2012/08/12.21:23:23 P.28xd
PH work/pad 1345866041 FL /mnt/scratch/ZPUino-HDL/zpu/hdl/zpuino/pad.vhd \
      PB ieee/std_logic_1164 1341906176 PB ieee/NUMERIC_STD 1341906182 LB unisim \
      PH unisim/VCOMPONENTS 1341906184 CD iopad CD ipad CD opad CD isync
EN work/isync 1345866042 \
      FL /mnt/scratch/ZPUino-HDL/zpu/hdl/zpuino/pad.vhd PB ieee/std_logic_1164 1341906176 \
      PB ieee/NUMERIC_STD 1341906182 LB unisim PH unisim/VCOMPONENTS 1341906184
AR work/isync/behave 1345866043 \
      FL /mnt/scratch/ZPUino-HDL/zpu/hdl/zpuino/pad.vhd EN work/isync 1345866042 \
      CP FD
EN work/iopad 1345866044 \
      FL /mnt/scratch/ZPUino-HDL/zpu/hdl/zpuino/pad.vhd PB ieee/std_logic_1164 1341906176 \
      PB ieee/NUMERIC_STD 1341906182 PH work/pad 1345866041 LB unisim \
      PH unisim/VCOMPONENTS 1341906184
AR work/iopad/behave 1345866045 \
      FL /mnt/scratch/ZPUino-HDL/zpu/hdl/zpuino/pad.vhd EN work/iopad 1345866044 \
      CP isync
EN work/ipad 1345866046 \
      FL /mnt/scratch/ZPUino-HDL/zpu/hdl/zpuino/pad.vhd PB ieee/std_logic_1164 1341906176 \
      PB ieee/NUMERIC_STD 1341906182 PH work/pad 1345866041 LB unisim \
      PH unisim/VCOMPONENTS 1341906184
AR work/ipad/behave 1345866047 \
      FL /mnt/scratch/ZPUino-HDL/zpu/hdl/zpuino/pad.vhd EN work/ipad 1345866046 \
      CP isync
EN work/opad 1345866048 \
      FL /mnt/scratch/ZPUino-HDL/zpu/hdl/zpuino/pad.vhd PB ieee/std_logic_1164 1341906176 \
      PB ieee/NUMERIC_STD 1341906182 PH work/pad 1345866041 LB unisim \
      PH unisim/VCOMPONENTS 1341906184
AR work/opad/behave 1345866049 \
      FL /mnt/scratch/ZPUino-HDL/zpu/hdl/zpuino/pad.vhd EN work/opad 1345866048 \
      CP OBUF
FL /mnt/scratch/ZPUino-HDL/zpu/hdl/zpuino/prescaler.vhd 2012/08/12.21:23:23 P.28xd
EN work/prescaler 1345865980 \
      FL /mnt/scratch/ZPUino-HDL/zpu/hdl/zpuino/prescaler.vhd \
      PB ieee/std_logic_1164 1341906176 PB ieee/STD_LOGIC_UNSIGNED 1341906179 \
      PB ieee/NUMERIC_STD 1341906182
AR work/prescaler/behave 1345865981 \
      FL /mnt/scratch/ZPUino-HDL/zpu/hdl/zpuino/prescaler.vhd EN work/prescaler 1345865980
FL /mnt/scratch/ZPUino-HDL/zpu/hdl/zpuino/pulse.vhd 2012/08/12.21:23:23 P.28xd
EN work/pulse 1345866058 FL /mnt/scratch/ZPUino-HDL/zpu/hdl/zpuino/pulse.vhd \
      PB ieee/std_logic_1164 1341906176 PB ieee/NUMERIC_STD 1341906182
AR work/pulse/behave 1345866059 \
      FL /mnt/scratch/ZPUino-HDL/zpu/hdl/zpuino/pulse.vhd EN work/pulse 1345866058
FL /mnt/scratch/ZPUino-HDL/zpu/hdl/zpuino/shifter.vhd 2012/08/12.21:23:23 P.28xd
EN work/lshifter 1345865991 FL /mnt/scratch/ZPUino-HDL/zpu/hdl/zpuino/shifter.vhd \
      PB ieee/std_logic_1164 1341906176 PB ieee/NUMERIC_STD 1341906182
AR work/lshifter/behave 1345865992 \
      FL /mnt/scratch/ZPUino-HDL/zpu/hdl/zpuino/shifter.vhd EN work/lshifter 1345865991
FL /mnt/scratch/ZPUino-HDL/zpu/hdl/zpuino/spi.vhd 2012/08/12.21:23:23 P.28xd
EN work/spi 1345866001 FL /mnt/scratch/ZPUino-HDL/zpu/hdl/zpuino/spi.vhd \
      PB ieee/std_logic_1164 1341906176 PB ieee/NUMERIC_STD 1341906182
AR work/spi/behave 1345866002 \
      FL /mnt/scratch/ZPUino-HDL/zpu/hdl/zpuino/spi.vhd EN work/spi 1345866001
FL /mnt/scratch/ZPUino-HDL/zpu/hdl/zpuino/spiclkgen.vhd 2012/08/12.21:23:23 P.28xd
EN work/spiclkgen 1345866003 \
      FL /mnt/scratch/ZPUino-HDL/zpu/hdl/zpuino/spiclkgen.vhd \
      PB ieee/std_logic_1164 1341906176 PB ieee/NUMERIC_STD 1341906182
AR work/spiclkgen/behave 1345866004 \
      FL /mnt/scratch/ZPUino-HDL/zpu/hdl/zpuino/spiclkgen.vhd EN work/spiclkgen 1345866003 \
      CP prescaler
FL /mnt/scratch/ZPUino-HDL/zpu/hdl/zpuino/timer.vhd 2012/08/24.23:44:13 P.28xd
EN work/timer 1345865993 FL /mnt/scratch/ZPUino-HDL/zpu/hdl/zpuino/timer.vhd \
      PB ieee/std_logic_1164 1341906176 PB ieee/STD_LOGIC_UNSIGNED 1341906179 \
      PB ieee/NUMERIC_STD 1341906182 PH work/zpu_config 1345865974 PH work/zpupkg 1345865975 \
      PH work/zpuinopkg 1345865977
AR work/timer/behave 1345865994 \
      FL /mnt/scratch/ZPUino-HDL/zpu/hdl/zpuino/timer.vhd EN work/timer 1345865993 \
      CP prescaler
FL /mnt/scratch/ZPUino-HDL/zpu/hdl/zpuino/tx_unit.vhd 2012/08/12.21:23:23 P.28xd
EN work/TxUnit 1345865997 FL /mnt/scratch/ZPUino-HDL/zpu/hdl/zpuino/tx_unit.vhd \
      PB ieee/std_logic_1164 1341906176
AR work/TxUnit/Behaviour 1345865998 \
      FL /mnt/scratch/ZPUino-HDL/zpu/hdl/zpuino/tx_unit.vhd EN work/TxUnit 1345865997
FL /mnt/scratch/ZPUino-HDL/zpu/hdl/zpuino/uart_brgen.vhd 2012/08/12.21:23:23 P.28xd
EN work/uart_brgen 1345865984 \
      FL /mnt/scratch/ZPUino-HDL/zpu/hdl/zpuino/uart_brgen.vhd \
      PB ieee/std_logic_1164 1341906176 PB ieee/STD_LOGIC_UNSIGNED 1341906179
AR work/uart_brgen/behave 1345865985 \
      FL /mnt/scratch/ZPUino-HDL/zpu/hdl/zpuino/uart_brgen.vhd EN work/uart_brgen 1345865984
FL /mnt/scratch/ZPUino-HDL/zpu/hdl/zpuino/wbarb2_1.vhd 2012/08/12.21:23:23 P.28xd
EN work/wbarb2_1 1345866017 \
      FL /mnt/scratch/ZPUino-HDL/zpu/hdl/zpuino/wbarb2_1.vhd \
      PB ieee/std_logic_1164 1341906176 PB ieee/NUMERIC_STD 1341906182 \
      PB ieee/STD_LOGIC_UNSIGNED 1341906179 PH work/zpu_config 1345865974
AR work/wbarb2_1/behave 1345866018 \
      FL /mnt/scratch/ZPUino-HDL/zpu/hdl/zpuino/wbarb2_1.vhd EN work/wbarb2_1 1345866017
FL /mnt/scratch/ZPUino-HDL/zpu/hdl/zpuino/wbmux2.vhd 2012/08/12.21:23:23 P.28xd
EN work/wbmux2 1345866015 FL /mnt/scratch/ZPUino-HDL/zpu/hdl/zpuino/wbmux2.vhd \
      PB ieee/std_logic_1164 1341906176 PB ieee/NUMERIC_STD 1341906182 \
      PB ieee/STD_LOGIC_UNSIGNED 1341906179 PH work/zpu_config 1345865974
AR work/wbmux2/behave 1345866016 \
      FL /mnt/scratch/ZPUino-HDL/zpu/hdl/zpuino/wbmux2.vhd EN work/wbmux2 1345866015
FL /mnt/scratch/ZPUino-HDL/zpu/hdl/zpuino/wb_rom_ram.vhd 2012/08/12.21:23:23 P.28xd
EN work/wb_rom_ram 1345866009 \
      FL /mnt/scratch/ZPUino-HDL/zpu/hdl/zpuino/wb_rom_ram.vhd \
      PB ieee/std_logic_1164 1341906176 PB ieee/NUMERIC_STD 1341906182 \
      PH work/zpu_config 1345865974 PH work/zpupkg 1345865975 PH work/zpuinopkg 1345865977 \
      PH work/zpuino_config 1345865976 PH work/wishbonepkg 1345865988
AR work/wb_rom_ram/behave 1345866010 \
      FL /mnt/scratch/ZPUino-HDL/zpu/hdl/zpuino/wb_rom_ram.vhd EN work/wb_rom_ram 1345866009 \
      CP dualport_ram
FL /mnt/scratch/ZPUino-HDL/zpu/hdl/zpuino/wishbonepkg.vhd 2012/08/12.21:23:23 P.28xd
PH work/wishbonepkg 1345865988 \
      FL /mnt/scratch/ZPUino-HDL/zpu/hdl/zpuino/wishbonepkg.vhd \
      PB ieee/std_logic_1164 1341906176 PB ieee/NUMERIC_STD 1341906182
FL /mnt/scratch/ZPUino-HDL/zpu/hdl/zpuino/zpuinopkg.vhd 2012/08/12.21:23:23 P.28xd
PH work/zpuinopkg 1345865977 \
      FL /mnt/scratch/ZPUino-HDL/zpu/hdl/zpuino/zpuinopkg.vhd \
      PB ieee/std_logic_1164 1341906176 PB ieee/NUMERIC_STD 1341906182 \
      CD zpuino_top CD zpuino_io CD zpuino_empty_device CD zpuino_spi CD zpuino_uart \
      CD zpuino_gpio CD zpuino_timers CD zpuino_intr CD zpuino_sigmadelta \
      CD zpuino_crc16 CD zpuino_adc CD sram_ctrl PH work/zpu_config 1345865974 \
      PH work/zpupkg 1345865975 PH work/zpuino_config 1345865976
FL /mnt/scratch/ZPUino-HDL/zpu/hdl/zpuino/zpuino_adc.vhd 2012/08/12.21:23:23 P.28xd
EN work/zpuino_adc 1345866060 \
      FL /mnt/scratch/ZPUino-HDL/zpu/hdl/zpuino/zpuino_adc.vhd \
      PB ieee/std_logic_1164 1341906176 PB ieee/NUMERIC_STD 1341906182 LB unisim \
      PH unisim/VCOMPONENTS 1341906184 PH work/zpu_config 1345865974 \
      PH work/zpuino_config 1345865976 PH work/zpupkg 1345865975 PH work/zpuinopkg 1345865977
AR work/zpuino_adc/behave 1345866061 \
      FL /mnt/scratch/ZPUino-HDL/zpu/hdl/zpuino/zpuino_adc.vhd EN work/zpuino_adc 1345866060 \
      CP spi CP spiclkgen CP RAMB16_S9_S36 CP RAMB16_S18_S36
FL /mnt/scratch/ZPUino-HDL/zpu/hdl/zpuino/zpuino_crc16.vhd 2012/08/24.23:44:13 P.28xd
EN work/zpuino_crc16 1345866035 \
      FL /mnt/scratch/ZPUino-HDL/zpu/hdl/zpuino/zpuino_crc16.vhd \
      PB ieee/std_logic_1164 1341906176 PB ieee/NUMERIC_STD 1341906182 \
      PH work/zpu_config 1345865974 PH work/zpupkg 1345865975 PH work/zpuinopkg 1345865977
AR work/zpuino_crc16/behave 1345866036 \
      FL /mnt/scratch/ZPUino-HDL/zpu/hdl/zpuino/zpuino_crc16.vhd \
      EN work/zpuino_crc16 1345866035
FL /mnt/scratch/ZPUino-HDL/zpu/hdl/zpuino/zpuino_debug_core.vhd 2012/08/12.21:23:23 P.28xd
EN work/zpuino_debug_core 1345866011 \
      FL /mnt/scratch/ZPUino-HDL/zpu/hdl/zpuino/zpuino_debug_core.vhd \
      PB ieee/std_logic_1164 1341906176 PB ieee/NUMERIC_STD 1341906182 \
      PH work/zpu_config 1345865974 PH work/zpupkg 1345865975 PH work/zpuinopkg 1345865977 \
      PH work/zpuino_config 1345865976
AR work/zpuino_debug_core/behave 1345866012 \
      FL /mnt/scratch/ZPUino-HDL/zpu/hdl/zpuino/zpuino_debug_core.vhd \
      EN work/zpuino_debug_core 1345866011
FL /mnt/scratch/ZPUino-HDL/zpu/hdl/zpuino/zpuino_debug_spartan3e.vhd 2012/08/12.21:23:23 P.28xd
EN work/zpuino_debug_spartan3e 1345866054 \
      FL /mnt/scratch/ZPUino-HDL/zpu/hdl/zpuino/zpuino_debug_spartan3e.vhd \
      PB ieee/std_logic_1164 1341906176 PB ieee/NUMERIC_STD 1341906182 LB unisim \
      PH unisim/VCOMPONENTS 1341906184 PH work/zpu_config 1345865974 \
      PH work/zpupkg 1345865975 PH work/zpuinopkg 1345865977 PH work/zpuino_config 1345865976
AR work/zpuino_debug_spartan3e/behave 1345866055 \
      FL /mnt/scratch/ZPUino-HDL/zpu/hdl/zpuino/zpuino_debug_spartan3e.vhd \
      EN work/zpuino_debug_spartan3e 1345866054
FL /mnt/scratch/ZPUino-HDL/zpu/hdl/zpuino/zpuino_empty_device.vhd 2012/08/12.21:23:23 P.28xd
EN work/zpuino_empty_device 1345866033 \
      FL /mnt/scratch/ZPUino-HDL/zpu/hdl/zpuino/zpuino_empty_device.vhd \
      PB ieee/std_logic_1164 1341906176 PB ieee/NUMERIC_STD 1341906182 \
      PH work/zpu_config 1345865974 PH work/zpuino_config 1345865976 \
      PH work/zpupkg 1345865975 PH work/zpuinopkg 1345865977
AR work/zpuino_empty_device/behave 1345866034 \
      FL /mnt/scratch/ZPUino-HDL/zpu/hdl/zpuino/zpuino_empty_device.vhd \
      EN work/zpuino_empty_device 1345866033
FL /mnt/scratch/ZPUino-HDL/zpu/hdl/zpuino/zpuino_gpio.vhd 2012/08/12.21:23:23 P.28xd
EN work/zpuino_gpio 1345866029 \
      FL /mnt/scratch/ZPUino-HDL/zpu/hdl/zpuino/zpuino_gpio.vhd \
      PB ieee/std_logic_1164 1341906176 PB ieee/NUMERIC_STD 1341906182 \
      PB ieee/STD_LOGIC_UNSIGNED 1341906179 PH work/zpu_config 1345865974 \
      PH work/zpupkg 1345865975 PH work/zpuinopkg 1345865977 PH work/zpuino_config 1345865976
AR work/zpuino_gpio/behave 1345866030 \
      FL /mnt/scratch/ZPUino-HDL/zpu/hdl/zpuino/zpuino_gpio.vhd \
      EN work/zpuino_gpio 1345866029
FL /mnt/scratch/ZPUino-HDL/zpu/hdl/zpuino/zpuino_intr.vhd 2012/08/24.23:44:13 P.28xd
EN work/zpuino_intr 1345865986 \
      FL /mnt/scratch/ZPUino-HDL/zpu/hdl/zpuino/zpuino_intr.vhd \
      PB ieee/std_logic_1164 1341906176 PB ieee/NUMERIC_STD 1341906182 \
      PH work/zpu_config 1345865974 PH work/zpupkg 1345865975 PH work/zpuinopkg 1345865977
AR work/zpuino_intr/behave 1345865987 \
      FL /mnt/scratch/ZPUino-HDL/zpu/hdl/zpuino/zpuino_intr.vhd \
      EN work/zpuino_intr 1345865986
FL /mnt/scratch/ZPUino-HDL/zpu/hdl/zpuino/zpuino_io.vhd 2012/08/12.21:23:23 P.28xd
EN work/zpuino_io 1345866013 \
      FL /mnt/scratch/ZPUino-HDL/zpu/hdl/zpuino/zpuino_io.vhd \
      PB ieee/std_logic_1164 1341906176 PB ieee/NUMERIC_STD 1341906182 \
      PH work/zpu_config 1345865974 PH work/zpuino_config 1345865976 \
      PH work/zpupkg 1345865975 PH work/zpuinopkg 1345865977
AR work/zpuino_io/behave 1345866014 \
      FL /mnt/scratch/ZPUino-HDL/zpu/hdl/zpuino/zpuino_io.vhd EN work/zpuino_io 1345866013 \
      CP zpuino_intr
FL /mnt/scratch/ZPUino-HDL/zpu/hdl/zpuino/zpuino_serialreset.vhd 2012/08/12.21:23:23 P.28xd
EN work/zpuino_serialreset 1345866019 \
      FL /mnt/scratch/ZPUino-HDL/zpu/hdl/zpuino/zpuino_serialreset.vhd \
      PB ieee/std_logic_1164 1341906176 PB ieee/NUMERIC_STD 1341906182 \
      PH work/zpu_config 1345865974 PH work/zpupkg 1345865975 PH work/zpuinopkg 1345865977
AR work/zpuino_serialreset/behave 1345866020 \
      FL /mnt/scratch/ZPUino-HDL/zpu/hdl/zpuino/zpuino_serialreset.vhd \
      EN work/zpuino_serialreset 1345866019
FL /mnt/scratch/ZPUino-HDL/zpu/hdl/zpuino/zpuino_sigmadelta.vhd 2012/08/12.21:23:23 P.28xd
EN work/zpuino_sigmadelta 1345866062 \
      FL /mnt/scratch/ZPUino-HDL/zpu/hdl/zpuino/zpuino_sigmadelta.vhd \
      PB ieee/std_logic_1164 1341906176 PB ieee/NUMERIC_STD 1341906182 \
      PH work/zpupkg 1345865975 PH work/zpu_config 1345865974 PH work/zpuinopkg 1345865977
AR work/zpuino_sigmadelta/behave 1345866063 \
      FL /mnt/scratch/ZPUino-HDL/zpu/hdl/zpuino/zpuino_sigmadelta.vhd \
      EN work/zpuino_sigmadelta 1345866062
FL /mnt/scratch/ZPUino-HDL/zpu/hdl/zpuino/zpuino_spi.vhd 2012/08/24.23:44:13 P.28xd
EN work/zpuino_spi 1345866025 \
      FL /mnt/scratch/ZPUino-HDL/zpu/hdl/zpuino/zpuino_spi.vhd \
      PB ieee/std_logic_1164 1341906176 PB ieee/NUMERIC_STD 1341906182 \
      PH work/zpu_config 1345865974 PH work/zpuino_config 1345865976 \
      PH work/zpupkg 1345865975 PH work/zpuinopkg 1345865977
AR work/zpuino_spi/behave 1345866026 \
      FL /mnt/scratch/ZPUino-HDL/zpu/hdl/zpuino/zpuino_spi.vhd EN work/zpuino_spi 1345866025 \
      CP spi CP spiclkgen
FL /mnt/scratch/ZPUino-HDL/zpu/hdl/zpuino/zpuino_timers.vhd 2012/08/12.21:23:23 P.28xd
EN work/zpuino_timers 1345866031 \
      FL /mnt/scratch/ZPUino-HDL/zpu/hdl/zpuino/zpuino_timers.vhd \
      PB ieee/std_logic_1164 1341906176 PB ieee/STD_LOGIC_UNSIGNED 1341906179 \
      PB ieee/NUMERIC_STD 1341906182 PH work/zpu_config 1345865974 PH work/zpupkg 1345865975 \
      PH work/zpuinopkg 1345865977
AR work/zpuino_timers/behave 1345866032 \
      FL /mnt/scratch/ZPUino-HDL/zpu/hdl/zpuino/zpuino_timers.vhd \
      EN work/zpuino_timers 1345866031 CP timer
FL /mnt/scratch/ZPUino-HDL/zpu/hdl/zpuino/zpuino_top.vhd 2012/08/12.21:23:23 P.28xd
EN work/zpuino_top 1345866023 \
      FL /mnt/scratch/ZPUino-HDL/zpu/hdl/zpuino/zpuino_top.vhd \
      PB ieee/std_logic_1164 1341906176 PB ieee/NUMERIC_STD 1341906182 \
      PH work/zpu_config 1345865974 PH work/zpupkg 1345865975 PH work/zpuinopkg 1345865977 \
      PH work/zpuino_config 1345865976 PH work/wishbonepkg 1345865988
AR work/zpuino_top/behave 1345866024 \
      FL /mnt/scratch/ZPUino-HDL/zpu/hdl/zpuino/zpuino_top.vhd EN work/zpuino_top 1345866023 \
      CP zpu_core_extreme CP zpuino_stack CP wb_rom_ram CP zpuino_debug_core \
      CP zpuino_io CP wbmux2 CP wbarb2_1
FL /mnt/scratch/ZPUino-HDL/zpu/hdl/zpuino/zpuino_uart.vhd 2012/08/24.23:44:13 P.28xd
EN work/zpuino_uart 1345866027 \
      FL /mnt/scratch/ZPUino-HDL/zpu/hdl/zpuino/zpuino_uart.vhd \
      PB ieee/std_logic_1164 1341906176 PB ieee/NUMERIC_STD 1341906182 \
      PH work/zpu_config 1345865974 PH work/zpupkg 1345865975 PH work/zpuinopkg 1345865977
AR work/zpuino_uart/behave 1345866028 \
      FL /mnt/scratch/ZPUino-HDL/zpu/hdl/zpuino/zpuino_uart.vhd \
      EN work/zpuino_uart 1345866027 CP zpuino_uart_rx CP TxUnit CP uart_brgen \
      CP fifo
FL /mnt/scratch/ZPUino-HDL/zpu/hdl/zpuino/zpuino_uart_mv_filter.vhd 2012/08/12.21:23:23 P.28xd
EN work/zpuino_uart_mv_filter 1345865982 \
      FL /mnt/scratch/ZPUino-HDL/zpu/hdl/zpuino/zpuino_uart_mv_filter.vhd \
      PB ieee/std_logic_1164 1341906176 PB ieee/NUMERIC_STD 1341906182 \
      PH work/zpu_config 1345865974 PH work/zpupkg 1345865975 PH work/zpuinopkg 1345865977
AR work/zpuino_uart_mv_filter/behave 1345865983 \
      FL /mnt/scratch/ZPUino-HDL/zpu/hdl/zpuino/zpuino_uart_mv_filter.vhd \
      EN work/zpuino_uart_mv_filter 1345865982
FL /mnt/scratch/ZPUino-HDL/zpu/hdl/zpuino/zpuino_uart_rx.vhd 2012/08/12.21:23:23 P.28xd
EN work/zpuino_uart_rx 1345865995 \
      FL /mnt/scratch/ZPUino-HDL/zpu/hdl/zpuino/zpuino_uart_rx.vhd \
      PB ieee/std_logic_1164 1341906176 PB ieee/NUMERIC_STD 1341906182 \
      PH work/zpu_config 1345865974 PH work/zpupkg 1345865975 PH work/zpuinopkg 1345865977
AR work/zpuino_uart_rx/behave 1345865996 \
      FL /mnt/scratch/ZPUino-HDL/zpu/hdl/zpuino/zpuino_uart_rx.vhd \
      EN work/zpuino_uart_rx 1345865995 CP zpuino_uart_mv_filter CP uart_brgen
FL /mnt/scratch/ZPUino-HDL/zpu/hdl/zpuino/zpupkg.vhd 2012/08/12.21:23:23 P.28xd
PH work/zpupkg 1345865975 FL /mnt/scratch/ZPUino-HDL/zpu/hdl/zpuino/zpupkg.vhd \
      PB ieee/std_logic_1164 1341906176 PB ieee/NUMERIC_STD 1341906182 CD trace \
      CD zpu_core_extreme PH work/zpu_config 1345865974
FL /mnt/scratch/ZPUino-HDL/zpu/hdl/zpuino/zpu_core_extreme.vhd 2012/08/12.21:23:23 P.28xd
EN work/zpu_core_extreme 1345866005 \
      FL /mnt/scratch/ZPUino-HDL/zpu/hdl/zpuino/zpu_core_extreme.vhd \
      PB ieee/std_logic_1164 1341906176 PB ieee/NUMERIC_STD 1341906182 \
      PH work/zpu_config 1345865974 PH work/zpupkg 1345865975 PH work/wishbonepkg 1345865988
AR work/zpu_core_extreme/behave 1345866006 \
      FL /mnt/scratch/ZPUino-HDL/zpu/hdl/zpuino/zpu_core_extreme.vhd \
      EN work/zpu_core_extreme 1345866005 CP lshifter CP trace
